Archive member included to satisfy reference by file (symbol)

c:/mydownloads/stm32cubeide_1.0.2/stm32cubeide/plugins/com.st.stm32cube.ide.mcu.externaltools.gnu-tools-for-stm32.7-2018-q2-update.win32_1.0.0.201904181610/tools/bin/../lib/gcc/arm-none-eabi/7.3.1/../../../../arm-none-eabi/lib/thumb/v7e-m/fpv4-sp/hard\libc_nano.a(lib_a-errno.o)
                              Src/syscalls.o (__errno)
c:/mydownloads/stm32cubeide_1.0.2/stm32cubeide/plugins/com.st.stm32cube.ide.mcu.externaltools.gnu-tools-for-stm32.7-2018-q2-update.win32_1.0.0.201904181610/tools/bin/../lib/gcc/arm-none-eabi/7.3.1/../../../../arm-none-eabi/lib/thumb/v7e-m/fpv4-sp/hard\libc_nano.a(lib_a-exit.o)
                              c:/mydownloads/stm32cubeide_1.0.2/stm32cubeide/plugins/com.st.stm32cube.ide.mcu.externaltools.gnu-tools-for-stm32.7-2018-q2-update.win32_1.0.0.201904181610/tools/bin/../lib/gcc/arm-none-eabi/7.3.1/../../../../arm-none-eabi/lib/thumb/v7e-m/fpv4-sp/hard/crt0.o (exit)
c:/mydownloads/stm32cubeide_1.0.2/stm32cubeide/plugins/com.st.stm32cube.ide.mcu.externaltools.gnu-tools-for-stm32.7-2018-q2-update.win32_1.0.0.201904181610/tools/bin/../lib/gcc/arm-none-eabi/7.3.1/../../../../arm-none-eabi/lib/thumb/v7e-m/fpv4-sp/hard\libc_nano.a(lib_a-impure.o)
                              c:/mydownloads/stm32cubeide_1.0.2/stm32cubeide/plugins/com.st.stm32cube.ide.mcu.externaltools.gnu-tools-for-stm32.7-2018-q2-update.win32_1.0.0.201904181610/tools/bin/../lib/gcc/arm-none-eabi/7.3.1/../../../../arm-none-eabi/lib/thumb/v7e-m/fpv4-sp/hard\libc_nano.a(lib_a-exit.o) (_global_impure_ptr)
c:/mydownloads/stm32cubeide_1.0.2/stm32cubeide/plugins/com.st.stm32cube.ide.mcu.externaltools.gnu-tools-for-stm32.7-2018-q2-update.win32_1.0.0.201904181610/tools/bin/../lib/gcc/arm-none-eabi/7.3.1/../../../../arm-none-eabi/lib/thumb/v7e-m/fpv4-sp/hard\libc_nano.a(lib_a-init.o)
                              c:/mydownloads/stm32cubeide_1.0.2/stm32cubeide/plugins/com.st.stm32cube.ide.mcu.externaltools.gnu-tools-for-stm32.7-2018-q2-update.win32_1.0.0.201904181610/tools/bin/../lib/gcc/arm-none-eabi/7.3.1/../../../../arm-none-eabi/lib/thumb/v7e-m/fpv4-sp/hard/crt0.o (__libc_init_array)
c:/mydownloads/stm32cubeide_1.0.2/stm32cubeide/plugins/com.st.stm32cube.ide.mcu.externaltools.gnu-tools-for-stm32.7-2018-q2-update.win32_1.0.0.201904181610/tools/bin/../lib/gcc/arm-none-eabi/7.3.1/../../../../arm-none-eabi/lib/thumb/v7e-m/fpv4-sp/hard\libc_nano.a(lib_a-malloc.o)
                              Src/gra.o (malloc)
c:/mydownloads/stm32cubeide_1.0.2/stm32cubeide/plugins/com.st.stm32cube.ide.mcu.externaltools.gnu-tools-for-stm32.7-2018-q2-update.win32_1.0.0.201904181610/tools/bin/../lib/gcc/arm-none-eabi/7.3.1/../../../../arm-none-eabi/lib/thumb/v7e-m/fpv4-sp/hard\libc_nano.a(lib_a-memset.o)
                              c:/mydownloads/stm32cubeide_1.0.2/stm32cubeide/plugins/com.st.stm32cube.ide.mcu.externaltools.gnu-tools-for-stm32.7-2018-q2-update.win32_1.0.0.201904181610/tools/bin/../lib/gcc/arm-none-eabi/7.3.1/../../../../arm-none-eabi/lib/thumb/v7e-m/fpv4-sp/hard/crt0.o (memset)
c:/mydownloads/stm32cubeide_1.0.2/stm32cubeide/plugins/com.st.stm32cube.ide.mcu.externaltools.gnu-tools-for-stm32.7-2018-q2-update.win32_1.0.0.201904181610/tools/bin/../lib/gcc/arm-none-eabi/7.3.1/../../../../arm-none-eabi/lib/thumb/v7e-m/fpv4-sp/hard\libc_nano.a(lib_a-nano-freer.o)
                              c:/mydownloads/stm32cubeide_1.0.2/stm32cubeide/plugins/com.st.stm32cube.ide.mcu.externaltools.gnu-tools-for-stm32.7-2018-q2-update.win32_1.0.0.201904181610/tools/bin/../lib/gcc/arm-none-eabi/7.3.1/../../../../arm-none-eabi/lib/thumb/v7e-m/fpv4-sp/hard\libc_nano.a(lib_a-malloc.o) (_free_r)
c:/mydownloads/stm32cubeide_1.0.2/stm32cubeide/plugins/com.st.stm32cube.ide.mcu.externaltools.gnu-tools-for-stm32.7-2018-q2-update.win32_1.0.0.201904181610/tools/bin/../lib/gcc/arm-none-eabi/7.3.1/../../../../arm-none-eabi/lib/thumb/v7e-m/fpv4-sp/hard\libc_nano.a(lib_a-nano-mallocr.o)
                              c:/mydownloads/stm32cubeide_1.0.2/stm32cubeide/plugins/com.st.stm32cube.ide.mcu.externaltools.gnu-tools-for-stm32.7-2018-q2-update.win32_1.0.0.201904181610/tools/bin/../lib/gcc/arm-none-eabi/7.3.1/../../../../arm-none-eabi/lib/thumb/v7e-m/fpv4-sp/hard\libc_nano.a(lib_a-malloc.o) (_malloc_r)
c:/mydownloads/stm32cubeide_1.0.2/stm32cubeide/plugins/com.st.stm32cube.ide.mcu.externaltools.gnu-tools-for-stm32.7-2018-q2-update.win32_1.0.0.201904181610/tools/bin/../lib/gcc/arm-none-eabi/7.3.1/../../../../arm-none-eabi/lib/thumb/v7e-m/fpv4-sp/hard\libc_nano.a(lib_a-puts.o)
                              Src/lis3dsh.o (puts)
c:/mydownloads/stm32cubeide_1.0.2/stm32cubeide/plugins/com.st.stm32cube.ide.mcu.externaltools.gnu-tools-for-stm32.7-2018-q2-update.win32_1.0.0.201904181610/tools/bin/../lib/gcc/arm-none-eabi/7.3.1/../../../../arm-none-eabi/lib/thumb/v7e-m/fpv4-sp/hard\libc_nano.a(lib_a-rand.o)
                              Src/gra.o (srand)
[...]
Memory Configuration

Name             Origin             Length             Attributes
CCMRAM           0x0000000010000000 0x0000000000010000 xrw
RAM              0x0000000020000000 0x0000000000020000 xrw
FLASH            0x0000000008000000 0x0000000000100000 xr
*default*        0x0000000000000000 0xffffffffffffffff

Linker script and memory map

LOAD c:/mydownloads/stm32cubeide_1.0.2/stm32cubeide/plugins/com.st.stm32cube.ide.mcu.externaltools.gnu-tools-for-stm32.7-2018-q2-update.win32_1.0.0.201904181610/tools/bin/../lib/gcc/arm-none-eabi/7.3.1/thumb/v7e-m/fpv4-sp/hard/crti.o
LOAD c:/mydownloads/stm32cubeide_1.0.2/stm32cubeide/plugins/com.st.stm32cube.ide.mcu.externaltools.gnu-tools-for-stm32.7-2018-q2-update.win32_1.0.0.201904181610/tools/bin/../lib/gcc/arm-none-eabi/7.3.1/thumb/v7e-m/fpv4-sp/hard/crtbegin.o
LOAD c:/mydownloads/stm32cubeide_1.0.2/stm32cubeide/plugins/com.st.stm32cube.ide.mcu.externaltools.gnu-tools-for-stm32.7-2018-q2-update.win32_1.0.0.201904181610/tools/bin/../lib/gcc/arm-none-eabi/7.3.1/../../../../arm-none-eabi/lib/thumb/v7e-m/fpv4-sp/hard/crt0.o
LOAD Drivers/STM32F4xx_HAL_Driver/Src/stm32f4xx_hal.o
LOAD Drivers/STM32F4xx_HAL_Driver/Src/stm32f4xx_hal_cortex.o
LOAD Drivers/STM32F4xx_HAL_Driver/Src/stm32f4xx_hal_dma.o
LOAD Drivers/STM32F4xx_HAL_Driver/Src/stm32f4xx_hal_dma_ex.o
LOAD Drivers/STM32F4xx_HAL_Driver/Src/stm32f4xx_hal_exti.o
LOAD Drivers/STM32F4xx_HAL_Driver/Src/stm32f4xx_hal_flash.o
LOAD Drivers/STM32F4xx_HAL_Driver/Src/stm32f4xx_hal_flash_ex.o
LOAD Drivers/STM32F4xx_HAL_Driver/Src/stm32f4xx_hal_flash_ramfunc.o
LOAD Drivers/STM32F4xx_HAL_Driver/Src/stm32f4xx_hal_gpio.o
LOAD Drivers/STM32F4xx_HAL_Driver/Src/stm32f4xx_hal_pwr.o
LOAD Drivers/STM32F4xx_HAL_Driver/Src/stm32f4xx_hal_pwr_ex.o
LOAD Drivers/STM32F4xx_HAL_Driver/Src/stm32f4xx_hal_rcc.o
LOAD Drivers/STM32F4xx_HAL_Driver/Src/stm32f4xx_hal_rcc_ex.o
LOAD Drivers/STM32F4xx_HAL_Driver/Src/stm32f4xx_hal_spi.o
LOAD Drivers/STM32F4xx_HAL_Driver/Src/stm32f4xx_hal_sram.o
LOAD Drivers/STM32F4xx_HAL_Driver/Src/stm32f4xx_hal_tim.o
LOAD Drivers/STM32F4xx_HAL_Driver/Src/stm32f4xx_hal_tim_ex.o
LOAD Drivers/STM32F4xx_HAL_Driver/Src/stm32f4xx_ll_fsmc.o
LOAD Src/Lcd/Fonts/font12.o
LOAD Src/Lcd/Fonts/font16.o
LOAD Src/Lcd/Fonts/font20.o
LOAD Src/Lcd/Fonts/font24.o
LOAD Src/Lcd/Fonts/font8.o
LOAD Src/Lcd/ili9325.o
LOAD Src/Lcd/lcd_io_fsmc16.o
LOAD Src/Lcd/lcd_io_gpio8.o
LOAD Src/Lcd/stm32_adafruit_lcd.o
LOAD Src/animation.o
LOAD Src/diskio.o
LOAD Src/ff.o
LOAD Src/ffsystem.o
LOAD Src/ffunicode.o
LOAD Src/gra.o
LOAD Src/lis3dsh.o
LOAD Src/main.o
LOAD Src/stm32f4xx_hal_msp.o
LOAD Src/stm32f4xx_it.o
LOAD Src/syscalls.o
LOAD Src/sysmem.o
LOAD Src/system_stm32f4xx.o
LOAD Startup/startup_stm32f407vgtx.o
START GROUP
LOAD c:/mydownloads/stm32cubeide_1.0.2/stm32cubeide/plugins/com.st.stm32cube.ide.mcu.externaltools.gnu-tools-for-stm32.7-2018-q2-update.win32_1.0.0.201904181610/tools/bin/../lib/gcc/arm-none-eabi/7.3.1/../../../../arm-none-eabi/lib/thumb/v7e-m/fpv4-sp/hard\libc_nano.a
LOAD c:/mydownloads/stm32cubeide_1.0.2/stm32cubeide/plugins/com.st.stm32cube.ide.mcu.externaltools.gnu-tools-for-stm32.7-2018-q2-update.win32_1.0.0.201904181610/tools/bin/../lib/gcc/arm-none-eabi/7.3.1/../../../../arm-none-eabi/lib/thumb/v7e-m/fpv4-sp/hard\libm.a
END GROUP
START GROUP
LOAD c:/mydownloads/stm32cubeide_1.0.2/stm32cubeide/plugins/com.st.stm32cube.ide.mcu.externaltools.gnu-tools-for-stm32.7-2018-q2-update.win32_1.0.0.201904181610/tools/bin/../lib/gcc/arm-none-eabi/7.3.1/thumb/v7e-m/fpv4-sp/hard\libgcc.a
LOAD c:/mydownloads/stm32cubeide_1.0.2/stm32cubeide/plugins/com.st.stm32cube.ide.mcu.externaltools.gnu-tools-for-stm32.7-2018-q2-update.win32_1.0.0.201904181610/tools/bin/../lib/gcc/arm-none-eabi/7.3.1/../../../../arm-none-eabi/lib/thumb/v7e-m/fpv4-sp/hard\libc_nano.a
END GROUP
START GROUP
LOAD c:/mydownloads/stm32cubeide_1.0.2/stm32cubeide/plugins/com.st.stm32cube.ide.mcu.externaltools.gnu-tools-for-stm32.7-2018-q2-update.win32_1.0.0.201904181610/tools/bin/../lib/gcc/arm-none-eabi/7.3.1/thumb/v7e-m/fpv4-sp/hard\libgcc.a
LOAD c:/mydownloads/stm32cubeide_1.0.2/stm32cubeide/plugins/com.st.stm32cube.ide.mcu.externaltools.gnu-tools-for-stm32.7-2018-q2-update.win32_1.0.0.201904181610/tools/bin/../lib/gcc/arm-none-eabi/7.3.1/../../../../arm-none-eabi/lib/thumb/v7e-m/fpv4-sp/hard\libc_nano.a
LOAD c:/mydownloads/stm32cubeide_1.0.2/stm32cubeide/plugins/com.st.stm32cube.ide.mcu.externaltools.gnu-tools-for-stm32.7-2018-q2-update.win32_1.0.0.201904181610/tools/bin/../lib/gcc/arm-none-eabi/7.3.1/../../../../arm-none-eabi/lib/thumb/v7e-m/fpv4-sp/hard\libnosys.a
END GROUP
START GROUP
LOAD c:/mydownloads/stm32cubeide_1.0.2/stm32cubeide/plugins/com.st.stm32cube.ide.mcu.externaltools.gnu-tools-for-stm32.7-2018-q2-update.win32_1.0.0.201904181610/tools/bin/../lib/gcc/arm-none-eabi/7.3.1/thumb/v7e-m/fpv4-sp/hard\libgcc.a
LOAD c:/mydownloads/stm32cubeide_1.0.2/stm32cubeide/plugins/com.st.stm32cube.ide.mcu.externaltools.gnu-tools-for-stm32.7-2018-q2-update.win32_1.0.0.201904181610/tools/bin/../lib/gcc/arm-none-eabi/7.3.1/../../../../arm-none-eabi/lib/thumb/v7e-m/fpv4-sp/hard\libc_nano.a
LOAD c:/mydownloads/stm32cubeide_1.0.2/stm32cubeide/plugins/com.st.stm32cube.ide.mcu.externaltools.gnu-tools-for-stm32.7-2018-q2-update.win32_1.0.0.201904181610/tools/bin/../lib/gcc/arm-none-eabi/7.3.1/../../../../arm-none-eabi/lib/thumb/v7e-m/fpv4-sp/hard\libnosys.a
END GROUP
LOAD c:/mydownloads/stm32cubeide_1.0.2/stm32cubeide/plugins/com.st.stm32cube.ide.mcu.externaltools.gnu-tools-for-stm32.7-2018-q2-update.win32_1.0.0.201904181610/tools/bin/../lib/gcc/arm-none-eabi/7.3.1/thumb/v7e-m/fpv4-sp/hard/crtend.o
LOAD c:/mydownloads/stm32cubeide_1.0.2/stm32cubeide/plugins/com.st.stm32cube.ide.mcu.externaltools.gnu-tools-for-stm32.7-2018-q2-update.win32_1.0.0.201904181610/tools/bin/../lib/gcc/arm-none-eabi/7.3.1/thumb/v7e-m/fpv4-sp/hard/crtn.o
                0x0000000020020000                _estack = 0x20020000
                0x0000000000000200                _Min_Heap_Size = 0x200
                0x0000000000000400                _Min_Stack_Size = 0x400

.isr_vector     0x0000000008000000      0x188
                0x0000000008000000                . = ALIGN (0x4)
 *(.isr_vector)
 .isr_vector    0x0000000008000000      0x188 Startup/startup_stm32f407vgtx.o
                0x0000000008000000                g_pfnVectors
                0x0000000008000188                . = ALIGN (0x4)

.text           0x0000000008000190   0xb4d0d0
                0x0000000008000190                . = ALIGN (0x4)
 *(.text)
 .text          0x0000000008000190       0x40 c:/mydownloads/stm32cubeide_1.0.2/stm32cubeide/plugins/com.st.stm32cube.ide.mcu.externaltools.gnu-tools-for-stm32.7-2018-q2-update.win32_1.0.0.201904181610/tools/bin/../lib/gcc/arm-none-eabi/7.3.1/thumb/v7e-m/fpv4-sp/hard/crtbegin.o
 .text          0x00000000080001d0       0x10 c:/mydownloads/stm32cubeide_1.0.2/stm32cubeide/plugins/com.st.stm32cube.ide.mcu.externaltools.gnu-tools-for-stm32.7-2018-q2-update.win32_1.0.0.201904181610/tools/bin/../lib/gcc/arm-none-eabi/7.3.1/../../../../arm-none-eabi/lib/thumb/v7e-m/fpv4-sp/hard\libc_nano.a(lib_a-strlen.o)
                0x00000000080001d0                strlen
 .text          0x00000000080001e0       0xa0 c:/mydownloads/stm32cubeide_1.0.2/stm32cubeide/plugins/com.st.stm32cube.ide.mcu.externaltools.gnu-tools-for-stm32.7-2018-q2-update.win32_1.0.0.201904181610/tools/bin/../lib/gcc/arm-none-eabi/7.3.1/../../../../arm-none-eabi/lib/thumb/v7e-m/fpv4-sp/hard\libc_nano.a(lib_a-memchr.o)
                0x00000000080001e0                memchr
 .text          0x0000000008000280      0x378 c:/mydownloads/stm32cubeide_1.0.2/stm32cubeide/plugins/com.st.stm32cube.ide.mcu.externaltools.gnu-tools-for-stm32.7-2018-q2-update.win32_1.0.0.201904181610/tools/bin/../lib/gcc/arm-none-eabi/7.3.1/thumb/v7e-m/fpv4-sp/hard\libgcc.a(_arm_addsubdf3.o)
                0x0000000008000280                __aeabi_drsub
                0x0000000008000288                __aeabi_dsub
                0x0000000008000288                __subdf3
                0x000000000800028c                __aeabi_dadd
                0x000000000800028c                __adddf3
                0x0000000008000504                __floatunsidf
                0x0000000008000504                __aeabi_ui2d
                0x0000000008000524                __floatsidf
                0x0000000008000524                __aeabi_i2d
                0x0000000008000548                __aeabi_f2d
                0x0000000008000548                __extendsfdf2
                0x000000000800058c                __floatundidf
                0x000000000800058c                __aeabi_ul2d
                0x000000000800059c                __floatdidf
                0x000000000800059c                __aeabi_l2d
 .text          0x00000000080005f8      0x424 c:/mydownloads/stm32cubeide_1.0.2/stm32cubeide/plugins/com.st.stm32cube.ide.mcu.externaltools.gnu-tools-for-stm32.7-2018-q2-update.win32_1.0.0.201904181610/tools/bin/../lib/gcc/arm-none-eabi/7.3.1/thumb/v7e-m/fpv4-sp/hard\libgcc.a(_arm_muldivdf3.o)
                0x00000000080005f8                __aeabi_dmul
                0x00000000080005f8                __muldf3
                0x000000000800084c                __divdf3
                0x000000000800084c                __aeabi_ddiv
 .text          0x0000000008000a1c       0x50 c:/mydownloads/stm32cubeide_1.0.2/stm32cubeide/plugins/com.st.stm32cube.ide.mcu.externaltools.gnu-tools-for-stm32.7-2018-q2-update.win32_1.0.0.201904181610/tools/bin/../lib/gcc/arm-none-eabi/7.3.1/thumb/v7e-m/fpv4-sp/hard\libgcc.a(_arm_fixdfsi.o)
                0x0000000008000a1c                __aeabi_d2iz
                0x0000000008000a1c                __fixdfsi
 .text          0x0000000008000a6c       0xa0 c:/mydownloads/stm32cubeide_1.0.2/stm32cubeide/plugins/com.st.stm32cube.ide.mcu.externaltools.gnu-tools-for-stm32.7-2018-q2-update.win32_1.0.0.201904181610/tools/bin/../lib/gcc/arm-none-eabi/7.3.1/thumb/v7e-m/fpv4-sp/hard\libgcc.a(_arm_truncdfsf2.o)
                0x0000000008000a6c                __truncdfsf2
                0x0000000008000a6c                __aeabi_d2f
 .text          0x0000000008000b0c       0x30 c:/mydownloads/stm32cubeide_1.0.2/stm32cubeide/plugins/com.st.stm32cube.ide.mcu.externaltools.gnu-tools-for-stm32.7-2018-q2-update.win32_1.0.0.201904181610/tools/bin/../lib/gcc/arm-none-eabi/7.3.1/thumb/v7e-m/fpv4-sp/hard\libgcc.a(_aeabi_uldivmod.o)
                0x0000000008000b0c                __aeabi_uldivmod
 .text          0x0000000008000b3c      0x2cc c:/mydownloads/stm32cubeide_1.0.2/stm32cubeide/plugins/com.st.stm32cube.ide.mcu.externaltools.gnu-tools-for-stm32.7-2018-q2-update.win32_1.0.0.201904181610/tools/bin/../lib/gcc/arm-none-eabi/7.3.1/thumb/v7e-m/fpv4-sp/hard\libgcc.a(_udivmoddi4.o)
                0x0000000008000b3c                __udivmoddi4
 .text          0x0000000008000e08        0x4 c:/mydownloads/stm32cubeide_1.0.2/stm32cubeide/plugins/com.st.stm32cube.ide.mcu.externaltools.gnu-tools-for-stm32.7-2018-q2-update.win32_1.0.0.201904181610/tools/bin/../lib/gcc/arm-none-eabi/7.3.1/thumb/v7e-m/fpv4-sp/hard\libgcc.a(_dvmd_tls.o)
                0x0000000008000e08                __aeabi_idiv0
                0x0000000008000e08                __aeabi_ldiv0
 *(.text*)
 .text.HAL_Init
                0x0000000008000e0c       0x44 Drivers/STM32F4xx_HAL_Driver/Src/stm32f4xx_hal.o
                0x0000000008000e0c                HAL_Init
 .text.HAL_InitTick
                0x0000000008000e50       0x60 Drivers/STM32F4xx_HAL_Driver/Src/stm32f4xx_hal.o
                0x0000000008000e50                HAL_InitTick
 .text.HAL_IncTick
                0x0000000008000eb0       0x28 Drivers/STM32F4xx_HAL_Driver/Src/stm32f4xx_hal.o
                0x0000000008000eb0                HAL_IncTick
 .text.HAL_GetTick
                0x0000000008000ed8       0x18 Drivers/STM32F4xx_HAL_Driver/Src/stm32f4xx_hal.o
                0x0000000008000ed8                HAL_GetTick
 .text.HAL_Delay
                0x0000000008000ef0       0x44 Drivers/STM32F4xx_HAL_Driver/Src/stm32f4xx_hal.o
                0x0000000008000ef0                HAL_Delay
 .text.__NVIC_SetPriorityGrouping
                0x0000000008000f34       0x48 Drivers/STM32F4xx_HAL_Driver/Src/stm32f4xx_hal_cortex.o
 .text.__NVIC_GetPriorityGrouping
                0x0000000008000f7c       0x1c Drivers/STM32F4xx_HAL_Driver/Src/stm32f4xx_hal_cortex.o
 .text.__NVIC_SetPriority
                0x0000000008000f98       0x54 Drivers/STM32F4xx_HAL_Driver/Src/stm32f4xx_hal_cortex.o
 .text.NVIC_EncodePriority
                0x0000000008000fec       0x66 Drivers/STM32F4xx_HAL_Driver/Src/stm32f4xx_hal_cortex.o
 *fill*         0x0000000008001052        0x2 
 .text.SysTick_Config
                0x0000000008001054       0x44 Drivers/STM32F4xx_HAL_Driver/Src/stm32f4xx_hal_cortex.o
 .text.HAL_NVIC_SetPriorityGrouping
                0x0000000008001098       0x16 Drivers/STM32F4xx_HAL_Driver/Src/stm32f4xx_hal_cortex.o
                0x0000000008001098                HAL_NVIC_SetPriorityGrouping
 .text.HAL_NVIC_SetPriority
                0x00000000080010ae       0x38 Drivers/STM32F4xx_HAL_Driver/Src/stm32f4xx_hal_cortex.o
                0x00000000080010ae                HAL_NVIC_SetPriority
 .text.HAL_SYSTICK_Config
                0x00000000080010e6       0x18 Drivers/STM32F4xx_HAL_Driver/Src/stm32f4xx_hal_cortex.o
                0x00000000080010e6                HAL_SYSTICK_Config
 *fill*         0x00000000080010fe        0x2 
 .text.HAL_GPIO_Init
                0x0000000008001100      0x334 Drivers/STM32F4xx_HAL_Driver/Src/stm32f4xx_hal_gpio.o
                0x0000000008001100                HAL_GPIO_Init
 .text.HAL_GPIO_DeInit
                0x0000000008001434      0x1f4 Drivers/STM32F4xx_HAL_Driver/Src/stm32f4xx_hal_gpio.o
                0x0000000008001434                HAL_GPIO_DeInit
 .text.HAL_GPIO_ReadPin
                0x0000000008001628       0x30 Drivers/STM32F4xx_HAL_Driver/Src/stm32f4xx_hal_gpio.o
                0x0000000008001628                HAL_GPIO_ReadPin
 .text.HAL_GPIO_WritePin
                0x0000000008001658       0x32 Drivers/STM32F4xx_HAL_Driver/Src/stm32f4xx_hal_gpio.o
                0x0000000008001658                HAL_GPIO_WritePin
 *fill*         0x000000000800168a        0x2 
 .text.HAL_RCC_OscConfig
                0x000000000800168c      0x4e0 Drivers/STM32F4xx_HAL_Driver/Src/stm32f4xx_hal_rcc.o
                0x000000000800168c                HAL_RCC_OscConfig
 .text.HAL_RCC_ClockConfig
                0x0000000008001b6c      0x1cc Drivers/STM32F4xx_HAL_Driver/Src/stm32f4xx_hal_rcc.o
                0x0000000008001b6c                HAL_RCC_ClockConfig
 .text.HAL_RCC_GetSysClockFreq
                0x0000000008001d38      0x1b0 Drivers/STM32F4xx_HAL_Driver/Src/stm32f4xx_hal_rcc.o
                0x0000000008001d38                HAL_RCC_GetSysClockFreq
 .text.HAL_SPI_Init
                0x0000000008001ee8       0xc8 Drivers/STM32F4xx_HAL_Driver/Src/stm32f4xx_hal_spi.o
                0x0000000008001ee8                HAL_SPI_Init
 .text.HAL_SPI_DeInit
                0x0000000008001fb0       0x50 Drivers/STM32F4xx_HAL_Driver/Src/stm32f4xx_hal_spi.o
                0x0000000008001fb0                HAL_SPI_DeInit
 .text.HAL_SPI_Transmit
                0x0000000008002000      0x268 Drivers/STM32F4xx_HAL_Driver/Src/stm32f4xx_hal_spi.o
                0x0000000008002000                HAL_SPI_Transmit
 .text.HAL_SPI_TransmitReceive
                0x0000000008002268      0x344 Drivers/STM32F4xx_HAL_Driver/Src/stm32f4xx_hal_spi.o
                0x0000000008002268                HAL_SPI_TransmitReceive
 .text.HAL_SPI_GetState
                0x00000000080025ac       0x1c Drivers/STM32F4xx_HAL_Driver/Src/stm32f4xx_hal_spi.o
                0x00000000080025ac                HAL_SPI_GetState
 .text.SPI_WaitFlagStateUntilTimeout
                0x00000000080025c8       0xd4 Drivers/STM32F4xx_HAL_Driver/Src/stm32f4xx_hal_spi.o
 .text.SPI_EndRxTxTransaction
                0x000000000800269c       0x84 Drivers/STM32F4xx_HAL_Driver/Src/stm32f4xx_hal_spi.o
 .text.HAL_SRAM_Init
                0x0000000008002720       0x88 Drivers/STM32F4xx_HAL_Driver/Src/stm32f4xx_hal_sram.o
                0x0000000008002720                HAL_SRAM_Init
 .text.FSMC_NORSRAM_Init
                0x00000000080027a8       0xa4 Drivers/STM32F4xx_HAL_Driver/Src/stm32f4xx_ll_fsmc.o
                0x00000000080027a8                FSMC_NORSRAM_Init
 .text.FSMC_NORSRAM_Timing_Init
                0x000000000800284c       0x7a Drivers/STM32F4xx_HAL_Driver/Src/stm32f4xx_ll_fsmc.o
                0x000000000800284c                FSMC_NORSRAM_Timing_Init
 *fill*         0x00000000080028c6        0x2 
 .text.FSMC_NORSRAM_Extended_Timing_Init
                0x00000000080028c8       0x80 Drivers/STM32F4xx_HAL_Driver/Src/stm32f4xx_ll_fsmc.o
                0x00000000080028c8                FSMC_NORSRAM_Extended_Timing_Init
 .text.ili9325_Init
                0x0000000008002948      0x220 Src/Lcd/ili9325.o
                0x0000000008002948                ili9325_Init
 .text.ili9325_DisplayOn
                0x0000000008002b68       0x9e Src/Lcd/ili9325.o
                0x0000000008002b68                ili9325_DisplayOn
 .text.ili9325_DisplayOff
                0x0000000008002c06       0x56 Src/Lcd/ili9325.o
                0x0000000008002c06                ili9325_DisplayOff
 .text.ili9325_WritePixel
                0x0000000008002c5c       0x44 Src/Lcd/ili9325.o
                0x0000000008002c5c                ili9325_WritePixel
 .text.ili9325_SetDisplayWindow
                0x0000000008002ca0       0x72 Src/Lcd/ili9325.o
                0x0000000008002ca0                ili9325_SetDisplayWindow
 .text.ili9325_FillRect
                0x0000000008002d12       0x94 Src/Lcd/ili9325.o
                0x0000000008002d12                ili9325_FillRect
 .text.LCD_Delay
                0x0000000008002da6       0x16 Src/Lcd/lcd_io_fsmc16.o
                0x0000000008002da6                LCD_Delay
 .text.LCD_IO_Bl_OnOff
                0x0000000008002dbc       0x30 Src/Lcd/lcd_io_fsmc16.o
                0x0000000008002dbc                LCD_IO_Bl_OnOff
 .text.LCD_IO_Init
                0x0000000008002dec       0x3c Src/Lcd/lcd_io_fsmc16.o
                0x0000000008002dec                LCD_IO_Init
 .text.LCD_IO_WriteCmd16
                0x0000000008002e28       0x1e Src/Lcd/lcd_io_fsmc16.o
                0x0000000008002e28                LCD_IO_WriteCmd16
 *fill*         0x0000000008002e46        0x2 
 .text.LCD_IO_WriteData16
                0x0000000008002e48       0x20 Src/Lcd/lcd_io_fsmc16.o
                0x0000000008002e48                LCD_IO_WriteData16
 .text.LCD_IO_WriteCmd16DataFill16
                0x0000000008002e68       0x3c Src/Lcd/lcd_io_fsmc16.o
                0x0000000008002e68                LCD_IO_WriteCmd16DataFill16
 .text.Frame1   0x0000000008002ea4    0x1b99c Src/animation.o
                0x0000000008002ea4                Frame1
 .text.Frame2   0x000000000801e840    0x1ba8c Src/animation.o
                0x000000000801e840                Frame2
 .text.Frame3   0x000000000803a2cc    0x1bc6c Src/animation.o
                0x000000000803a2cc                Frame3
 .text.Frame4   0x0000000008055f38    0x1bc6c Src/animation.o
                0x0000000008055f38                Frame4
 .text.Frame5   0x0000000008071ba4    0x1c220 Src/animation.o
                0x0000000008071ba4                Frame5
 .text.Frame6   0x000000000808ddc4    0x1c25c Src/animation.o
                0x000000000808ddc4                Frame6
 .text.Frame7   0x00000000080aa020    0x1c25c Src/animation.o
                0x00000000080aa020                Frame7
 .text.Frame8   0x00000000080c627c    0x1c25c Src/animation.o
                0x00000000080c627c                Frame8
 .text.Frame9   0x00000000080e24d8    0x1c25c Src/animation.o
                0x00000000080e24d8                Frame9
 .text.Frame10  0x00000000080fe734    0x1c25c Src/animation.o
                0x00000000080fe734                Frame10
 .text.Frame11  0x000000000811a990    0x1c25c Src/animation.o
                0x000000000811a990                Frame11
 .text.Frame12  0x0000000008136bec    0x1c1f8 Src/animation.o
                0x0000000008136bec                Frame12
 .text.Frame13  0x0000000008152de4    0x1c2c0 Src/animation.o
                0x0000000008152de4                Frame13
 .text.Frame14  0x000000000816f0a4    0x1c0f4 Src/animation.o
                0x000000000816f0a4                Frame14
 .text.Frame15  0x000000000818b198    0x1c054 Src/animation.o
                0x000000000818b198                Frame15
 .text.Frame16  0x00000000081a71ec    0x1c1d0 Src/animation.o
                0x00000000081a71ec                Frame16
 .text.Frame17  0x00000000081c33bc    0x1c43c Src/animation.o
                0x00000000081c33bc                Frame17
 .text.Frame18  0x00000000081df7f8    0x1c9dc Src/animation.o
                0x00000000081df7f8                Frame18
 .text.Frame19  0x00000000081fc1d4    0x1cc0c Src/animation.o
                0x00000000081fc1d4                Frame19
 .text.Frame20  0x0000000008218de0    0x1d148 Src/animation.o
                0x0000000008218de0                Frame20
 .text.Frame21  0x0000000008235f28    0x1d418 Src/animation.o
                0x0000000008235f28                Frame21
 .text.Frame22  0x0000000008253340    0x1dc4c Src/animation.o
                0x0000000008253340                Frame22
 .text.Frame23  0x0000000008270f8c    0x1e534 Src/animation.o
                0x0000000008270f8c                Frame23
 .text.Frame24  0x000000000828f4c0    0x1f4fc Src/animation.o
                0x000000000828f4c0                Frame24
 .text.Frame25  0x00000000082ae9bc    0x20398 Src/animation.o
                0x00000000082ae9bc                Frame25
 .text.Frame26  0x00000000082ced54    0x22210 Src/animation.o
                0x00000000082ced54                Frame26
 .text.Frame27  0x00000000082f0f64    0x2346c Src/animation.o
                0x00000000082f0f64                Frame27
 .text.Frame28  0x00000000083143d0    0x240c4 Src/animation.o
                0x00000000083143d0                Frame28
 .text.Frame29  0x0000000008338494    0x23a68 Src/animation.o
                0x0000000008338494                Frame29
 .text.Frame30  0x000000000835befc    0x23b7a Src/animation.o
                0x000000000835befc                Frame30
 .text.Frame31  0x000000000837fa76    0x21ab6 Src/animation.o
                0x000000000837fa76                Frame31
 .text.Frame32  0x00000000083a152c    0x213c6 Src/animation.o
                0x00000000083a152c                Frame32
 .text.Frame33  0x00000000083c28f2    0x2155c Src/animation.o
                0x00000000083c28f2                Frame33
 .text.Frame34  0x00000000083e3e4e    0x1e15c Src/animation.o
                0x00000000083e3e4e                Frame34
 .text.Frame35  0x0000000008401faa    0x1c3c4 Src/animation.o
                0x0000000008401faa                Frame35
 .text.Frame36  0x000000000841e36e    0x1b4ea Src/animation.o
                0x000000000841e36e                Frame36
 .text.Frame37  0x0000000008439858    0x1b190 Src/animation.o
                0x0000000008439858                Frame37
 .text.Frame38  0x00000000084549e8    0x1b190 Src/animation.o
                0x00000000084549e8                Frame38
 .text.Frame39  0x000000000846fb78    0x1b190 Src/animation.o
                0x000000000846fb78                Frame39
 .text.Frame40  0x000000000848ad08    0x1fa6a Src/animation.o
                0x000000000848ad08                Frame40
 .text.Frame41  0x00000000084aa772    0x23304 Src/animation.o
                0x00000000084aa772                Frame41
 .text.Frame42  0x00000000084cda76    0x285b2 Src/animation.o
                0x00000000084cda76                Frame42
 .text.Frame43  0x00000000084f6028    0x2ddec Src/animation.o
                0x00000000084f6028                Frame43
 .text.Frame44  0x0000000008523e14    0x33a90 Src/animation.o
                0x0000000008523e14                Frame44
 .text.Frame45  0x00000000085578a4    0x382a6 Src/animation.o
                0x00000000085578a4                Frame45
 .text.Frame46  0x000000000858fb4a    0x3fd04 Src/animation.o
                0x000000000858fb4a                Frame46
 .text.Frame47  0x00000000085cf84e    0x497b4 Src/animation.o
                0x00000000085cf84e                Frame47
 .text.Frame48  0x0000000008619002    0x51112 Src/animation.o
                0x0000000008619002                Frame48
 .text.Frame49  0x000000000866a114    0x539ca Src/animation.o
                0x000000000866a114                Frame49
 .text.Frame50  0x00000000086bdade    0x58bd0 Src/animation.o
                0x00000000086bdade                Frame50
 .text.Frame51  0x00000000087166ae    0x5e0ea Src/animation.o
                0x00000000087166ae                Frame51
 .text.Frame52  0x0000000008774798    0x64d56 Src/animation.o
                0x0000000008774798                Frame52
 .text.Frame53  0x00000000087d94ee    0x6b5bc Src/animation.o
                0x00000000087d94ee                Frame53
 .text.Frame54  0x0000000008844aaa    0x6fe80 Src/animation.o
                0x0000000008844aaa                Frame54
 .text.Frame55  0x00000000088b492a    0x6fefa Src/animation.o
                0x00000000088b492a                Frame55
 .text.Frame56  0x0000000008924824    0x6ff7a Src/animation.o
                0x0000000008924824                Frame56
 .text.Frame57  0x000000000899479e    0x6ff64 Src/animation.o
                0x000000000899479e                Frame57
 .text.Frame58  0x0000000008a04702    0x6fd42 Src/animation.o
                0x0000000008a04702                Frame58
 .text.SELECT   0x0000000008a74444        0xe Src/diskio.o
 .text.DESELECT
                0x0000000008a74452        0xe Src/diskio.o
 .text.xmit_spi
                0x0000000008a74460       0x34 Src/diskio.o
 .text.rcvr_spi
                0x0000000008a74494       0x3c Src/diskio.o
 .text.rcvr_spi_m
                0x0000000008a744d0       0x1c Src/diskio.o
 .text.wait_ready
                0x0000000008a744ec       0x38 Src/diskio.o
 .text.power_on
                0x0000000008a74524       0x9c Src/diskio.o
 .text.power_off
                0x0000000008a745c0       0x18 Src/diskio.o
 .text.chk_power
                0x0000000008a745d8       0x18 Src/diskio.o
 .text.rcvr_datablock
                0x0000000008a745f0       0x6c Src/diskio.o
 .text.xmit_datablock
                0x0000000008a7465c       0xa8 Src/diskio.o
 .text.send_cmd
                0x0000000008a74704       0xa4 Src/diskio.o
 .text.disk_initialize
                0x0000000008a747a8      0x1d4 Src/diskio.o
                0x0000000008a747a8                disk_initialize
 .text.disk_status
                0x0000000008a7497c       0x2c Src/diskio.o
                0x0000000008a7497c                disk_status
 .text.disk_read
                0x0000000008a749a8       0xd4 Src/diskio.o
                0x0000000008a749a8                disk_read
 .text.disk_write
                0x0000000008a74a7c      0x108 Src/diskio.o
                0x0000000008a74a7c                disk_write
 .text.disk_ioctl
                0x0000000008a74b84      0x300 Src/diskio.o
                0x0000000008a74b84                disk_ioctl
 .text.disk_timerproc
                0x0000000008a74e84       0x4c Src/diskio.o
                0x0000000008a74e84                disk_timerproc
 .text.sdcard_systick_timerproc
                0x0000000008a74ed0       0x30 Src/diskio.o
                0x0000000008a74ed0                sdcard_systick_timerproc
 .text.get_fattime
                0x0000000008a74f00       0x14 Src/diskio.o
                0x0000000008a74f00                get_fattime
 .text.ld_word  0x0000000008a74f14       0x30 Src/ff.o
 .text.ld_dword
                0x0000000008a74f44       0x46 Src/ff.o
 .text.st_word  0x0000000008a74f8a       0x36 Src/ff.o
 .text.st_dword
                0x0000000008a74fc0       0x58 Src/ff.o
 .text.mem_cpy  0x0000000008a75018       0x42 Src/ff.o
 .text.mem_set  0x0000000008a7505a       0x34 Src/ff.o
 .text.mem_cmp  0x0000000008a7508e       0x4e Src/ff.o
 .text.chk_chr  0x0000000008a750dc       0x36 Src/ff.o
 .text.dbc_1st  0x0000000008a75112       0x40 Src/ff.o
 .text.dbc_2nd  0x0000000008a75152       0x54 Src/ff.o
 .text.sync_window
                0x0000000008a751a6       0x78 Src/ff.o
 .text.move_window
                0x0000000008a7521e       0x5a Src/ff.o
 .text.sync_fs  0x0000000008a75278       0xdc Src/ff.o
 .text.clst2sect
                0x0000000008a75354       0x3e Src/ff.o
 .text.get_fat  0x0000000008a75392      0x14a Src/ff.o
 .text.put_fat  0x0000000008a754dc      0x1ce Src/ff.o
 .text.remove_chain
                0x0000000008a756aa       0xca Src/ff.o
 .text.create_chain
                0x0000000008a75774      0x1a2 Src/ff.o
 .text.dir_clear
                0x0000000008a75916       0x90 Src/ff.o
 .text.dir_sdi  0x0000000008a759a6       0xf6 Src/ff.o
 .text.dir_next
                0x0000000008a75a9c      0x12c Src/ff.o
 .text.dir_alloc
                0x0000000008a75bc8       0x8e Src/ff.o
 .text.ld_clust
                0x0000000008a75c56       0x3e Src/ff.o
 .text.st_clust
                0x0000000008a75c94       0x40 Src/ff.o
 .text.dir_find
                0x0000000008a75cd4       0xaa Src/ff.o
 .text.dir_register
                0x0000000008a75d7e       0x64 Src/ff.o
 *fill*         0x0000000008a75de2        0x2 
 .text.create_name
                0x0000000008a75de4      0x184 Src/ff.o
 .text.follow_path
                0x0000000008a75f68       0xde Src/ff.o
 .text.get_ldnumber
                0x0000000008a76046       0x8a Src/ff.o
 .text.check_fs
                0x0000000008a760d0       0xac Src/ff.o
 .text.find_volume
                0x0000000008a7617c      0x4b0 Src/ff.o
 .text.validate
                0x0000000008a7662c       0x6a Src/ff.o
 *fill*         0x0000000008a76696        0x2 
 .text.f_mount  0x0000000008a76698       0x80 Src/ff.o
                0x0000000008a76698                f_mount
 .text.f_open   0x0000000008a76718      0x306 Src/ff.o
                0x0000000008a76718                f_open
 .text.f_read   0x0000000008a76a1e      0x266 Src/ff.o
                0x0000000008a76a1e                f_read
 .text.f_write  0x0000000008a76c84      0x2d2 Src/ff.o
                0x0000000008a76c84                f_write
 .text.f_sync   0x0000000008a76f56       0xfc Src/ff.o
                0x0000000008a76f56                f_sync
 .text.f_close  0x0000000008a77052       0x40 Src/ff.o
                0x0000000008a77052                f_close
 .text.StartExitScreen
                0x0000000008a77092       0x18 Src/gra.o
                0x0000000008a77092                StartExitScreen
 .text.GameOver
                0x0000000008a770aa       0x42 Src/gra.o
                0x0000000008a770aa                GameOver
 .text.RunGame  0x0000000008a770ec     0x14dc Src/gra.o
                0x0000000008a770ec                RunGame
 .text.Animation
                0x0000000008a785c8      0x252 Src/gra.o
                0x0000000008a785c8                Animation
 *fill*         0x0000000008a7881a        0x2 
 .text.AddRecord
                0x0000000008a7881c      0x5a0 Src/gra.o
                0x0000000008a7881c                AddRecord
 .text.DrawRanking
                0x0000000008a78dbc       0x70 Src/gra.o
                0x0000000008a78dbc                DrawRanking
 .text.DrawMenu
                0x0000000008a78e2c       0x72 Src/gra.o
                0x0000000008a78e2c                DrawMenu
 .text.DrawBox  0x0000000008a78e9e       0x38 Src/gra.o
                0x0000000008a78e9e                DrawBox
 .text.FillInside
                0x0000000008a78ed6       0x6c Src/gra.o
                0x0000000008a78ed6                FillInside
 *fill*         0x0000000008a78f42        0x2 
 .text.Sound    0x0000000008a78f44       0x40 Src/gra.o
                0x0000000008a78f44                Sound
 .text.UseMenu  0x0000000008a78f84       0xc4 Src/gra.o
                0x0000000008a78f84                UseMenu
 .text.ChangeTargetMenu
                0x0000000008a79048       0x84 Src/gra.o
                0x0000000008a79048                ChangeTargetMenu
 .text.SortRanking
                0x0000000008a790cc      0x368 Src/gra.o
                0x0000000008a790cc                SortRanking
 .text.SetRanking
                0x0000000008a79434       0x9c Src/gra.o
                0x0000000008a79434                SetRanking
 .text.WriteToRanking
                0x0000000008a794d0       0x7c Src/gra.o
                0x0000000008a794d0                WriteToRanking
 .text.NewRecordInRanking
                0x0000000008a7954c      0x214 Src/gra.o
                0x0000000008a7954c                NewRecordInRanking
 .text.ReadFromRanking
                0x0000000008a79760       0x7c Src/gra.o
                0x0000000008a79760                ReadFromRanking
 .text.UseRanking
                0x0000000008a797dc       0x28 Src/gra.o
                0x0000000008a797dc                UseRanking
 .text.ShowRankingOnBoard
                0x0000000008a79804      0x3c0 Src/gra.o
                0x0000000008a79804                ShowRankingOnBoard
 .text.SetUI    0x0000000008a79bc4       0x42 Src/gra.o
                0x0000000008a79bc4                SetUI
 *fill*         0x0000000008a79c06        0x2 
 .text.PositionUpdate
                0x0000000008a79c08       0xd4 Src/gra.o
                0x0000000008a79c08                PositionUpdate
 .text.UpdateArrow
                0x0000000008a79cdc      0x330 Src/gra.o
                0x0000000008a79cdc                UpdateArrow
 .text.UpdateMiniMap
                0x0000000008a7a00c      0x312 Src/gra.o
                0x0000000008a7a00c                UpdateMiniMap
 *fill*         0x0000000008a7a31e        0x2 
 .text.PressStartButton
                0x0000000008a7a320       0x28 Src/gra.o
                0x0000000008a7a320                PressStartButton
 .text.PressPauseButton
                0x0000000008a7a348       0x2c Src/gra.o
                0x0000000008a7a348                PressPauseButton
 .text.SetSnowman
                0x0000000008a7a374     0x106a Src/gra.o
                0x0000000008a7a374                SetSnowman
 .text.SetRock  0x0000000008a7b3de     0x15ea Src/gra.o
                0x0000000008a7b3de                SetRock
 .text.SetBowman
                0x0000000008a7c9c8     0x2838 Src/gra.o
                0x0000000008a7c9c8                SetBowman
 .text.SetTree  0x0000000008a7f200     0x1c48 Src/gra.o
                0x0000000008a7f200                SetTree
 .text.DrawSkier
                0x0000000008a80e48       0x5a Src/gra.o
                0x0000000008a80e48                DrawSkier
 .text.SetSkierFront
                0x0000000008a80ea2     0x2b4a Src/gra.o
                0x0000000008a80ea2                SetSkierFront
 .text.SetSkierLeft
                0x0000000008a839ec     0x2004 Src/gra.o
                0x0000000008a839ec                SetSkierLeft
 .text.SetSkierRight
                0x0000000008a859f0     0x1fce Src/gra.o
                0x0000000008a859f0                SetSkierRight
 .text.SetHeartRed
                0x0000000008a879be     0x1470 Src/gra.o
                0x0000000008a879be                SetHeartRed
 .text.SetHeartGray
                0x0000000008a88e2e     0x1470 Src/gra.o
                0x0000000008a88e2e                SetHeartGray
 *fill*         0x0000000008a8a29e        0x2 
 .text.UpdateHP
                0x0000000008a8a2a0       0xcc Src/gra.o
                0x0000000008a8a2a0                UpdateHP
 .text.SpeedUpdate
                0x0000000008a8a36c       0x50 Src/gra.o
                0x0000000008a8a36c                SpeedUpdate
 .text.CreateRectangleHitboxY
                0x0000000008a8a3bc      0x12a Src/gra.o
                0x0000000008a8a3bc                CreateRectangleHitboxY
 .text.CreateRectangleHitboxX
                0x0000000008a8a4e6      0x13a Src/gra.o
                0x0000000008a8a4e6                CreateRectangleHitboxX
 .text.Collision
                0x0000000008a8a620       0x8c Src/gra.o
                0x0000000008a8a620                Collision
 .text.PressContinueButton
                0x0000000008a8a6ac       0x24 Src/gra.o
                0x0000000008a8a6ac                PressContinueButton
 .text.DrawRankingText2
                0x0000000008a8a6d0     0x687c Src/gra.o
                0x0000000008a8a6d0                DrawRankingText2
 .text.DrawBack
                0x0000000008a90f4c     0x104a Src/gra.o
                0x0000000008a90f4c                DrawBack
 .text.PrintInfo
                0x0000000008a91f96       0x68 Src/gra.o
                0x0000000008a91f96                PrintInfo
 .text.DrawTextPressToStart
                0x0000000008a91ffe     0x2676 Src/gra.o
                0x0000000008a91ffe                DrawTextPressToStart
 .text.DrawTextPressToPause
                0x0000000008a94674     0x27f2 Src/gra.o
                0x0000000008a94674                DrawTextPressToPause
 .text.DrawStartText
                0x0000000008a96e66     0x3b34 Src/gra.o
                0x0000000008a96e66                DrawStartText
 .text.DrawRankingText
                0x0000000008a9a99a     0x6a84 Src/gra.o
                0x0000000008a9a99a                DrawRankingText
 .text.DrawExitText
                0x0000000008aa141e     0x4daa Src/gra.o
                0x0000000008aa141e                DrawExitText
 .text.DrawWinterRacerLogo
                0x0000000008aa61c8    0x2a966 Src/gra.o
                0x0000000008aa61c8                DrawWinterRacerLogo
 .text.DrawGameOver
                0x0000000008ad0b2e    0x1615e Src/gra.o
                0x0000000008ad0b2e                DrawGameOver
 .text.DrawTextPressToContinue
                0x0000000008ae6c8c     0x416a Src/gra.o
                0x0000000008ae6c8c                DrawTextPressToContinue
 .text.BorderCollision
                0x0000000008aeadf6       0x80 Src/gra.o
                0x0000000008aeadf6                BorderCollision
 .text.MetaCollision
                0x0000000008aeae76       0x82 Src/gra.o
                0x0000000008aeae76                MetaCollision
 .text.DrawAddingPage
                0x0000000008aeaef8    0x29ace Src/gra.o
                0x0000000008aeaef8                DrawAddingPage
 .text.DrawCharSquare
                0x0000000008b149c6     0x1b1c Src/gra.o
                0x0000000008b149c6                DrawCharSquare
 .text.DrawCurrentCharSquare
                0x0000000008b164e2     0x1e3a Src/gra.o
                0x0000000008b164e2                DrawCurrentCharSquare
 .text.DrawLeftArrow
                0x0000000008b1831c      0x2f4 Src/gra.o
                0x0000000008b1831c                DrawLeftArrow
 .text.DrawRightArrow
                0x0000000008b18610      0x2f4 Src/gra.o
                0x0000000008b18610                DrawRightArrow
 .text.SetChar20
                0x0000000008b18904      0x2a4 Src/gra.o
                0x0000000008b18904                SetChar20
 .text.DrawKmph
                0x0000000008b18ba8      0xe46 Src/gra.o
                0x0000000008b18ba8                DrawKmph
 *fill*         0x0000000008b199ee        0x2 
 .text.SetChar12
                0x0000000008b199f0       0xb0 Src/gra.o
                0x0000000008b199f0                SetChar12
 .text.UpdateSpeedValue
                0x0000000008b19aa0       0xac Src/gra.o
                0x0000000008b19aa0                UpdateSpeedValue
 .text.DrawMeta
                0x0000000008b19b4c       0x34 Src/gra.o
                0x0000000008b19b4c                DrawMeta
 .text.SetObstacle
                0x0000000008b19b80       0x7c Src/gra.o
                0x0000000008b19b80                SetObstacle
 .text.SavedInfo
                0x0000000008b19bfc     0x24d4 Src/gra.o
                0x0000000008b19bfc                SavedInfo
 .text.FailInfo
                0x0000000008b1c0d0     0x14e2 Src/gra.o
                0x0000000008b1c0d0                FailInfo
 *fill*         0x0000000008b1d5b2        0x2 
 .text.SetChar10
                0x0000000008b1d5b4      0x2c0 Src/gra.o
                0x0000000008b1d5b4                SetChar10
 .text.RankingFailInfo
                0x0000000008b1d874     0x5f5e Src/gra.o
                0x0000000008b1d874                RankingFailInfo
 .text.ch20xA   0x0000000008b237d2      0xc8a Src/gra.o
                0x0000000008b237d2                ch20xA
 .text.ch20xB   0x0000000008b2445c     0x10ca Src/gra.o
                0x0000000008b2445c                ch20xB
 .text.ch20xC   0x0000000008b25526      0x9e0 Src/gra.o
                0x0000000008b25526                ch20xC
 .text.ch20xD   0x0000000008b25f06      0xf76 Src/gra.o
                0x0000000008b25f06                ch20xD
 .text.ch20xE   0x0000000008b26e7c      0xdfa Src/gra.o
                0x0000000008b26e7c                ch20xE
 .text.ch20xF   0x0000000008b27c76      0xcba Src/gra.o
                0x0000000008b27c76                ch20xF
 .text.ch20xG   0x0000000008b28930      0xcf6 Src/gra.o
                0x0000000008b28930                ch20xG
 .text.ch20xH   0x0000000008b29626     0x1052 Src/gra.o
                0x0000000008b29626                ch20xH
 .text.ch20xI   0x0000000008b2a678      0x972 Src/gra.o
                0x0000000008b2a678                ch20xI
 .text.ch20xJ   0x0000000008b2afea      0x89e Src/gra.o
                0x0000000008b2afea                ch20xJ
 .text.ch20xK   0x0000000008b2b888      0xd0a Src/gra.o
                0x0000000008b2b888                ch20xK
 .text.ch20xL   0x0000000008b2c592      0x99a Src/gra.o
                0x0000000008b2c592                ch20xL
 .text.ch20xM   0x0000000008b2cf2c     0x12c2 Src/gra.o
                0x0000000008b2cf2c                ch20xM
 .text.ch20xN   0x0000000008b2e1ee     0x125a Src/gra.o
                0x0000000008b2e1ee                ch20xN
 .text.ch20xO   0x0000000008b2f448      0xeda Src/gra.o
                0x0000000008b2f448                ch20xO
 .text.ch20xP   0x0000000008b30322      0xb16 Src/gra.o
                0x0000000008b30322                ch20xP
 .text.ch20xQ   0x0000000008b30e38      0xf16 Src/gra.o
                0x0000000008b30e38                ch20xQ
 .text.ch20xR   0x0000000008b31d4e      0xd82 Src/gra.o
                0x0000000008b31d4e                ch20xR
 .text.ch20xS   0x0000000008b32ad0      0xb26 Src/gra.o
                0x0000000008b32ad0                ch20xS
 .text.ch20xT   0x0000000008b335f6      0xa92 Src/gra.o
                0x0000000008b335f6                ch20xT
 .text.ch20xU   0x0000000008b34088      0xf22 Src/gra.o
                0x0000000008b34088                ch20xU
 .text.ch20xV   0x0000000008b34faa      0xc08 Src/gra.o
                0x0000000008b34faa                ch20xV
 .text.ch20xW   0x0000000008b35bb2     0x127a Src/gra.o
                0x0000000008b35bb2                ch20xW
 .text.ch20xX   0x0000000008b36e2c      0xcae Src/gra.o
                0x0000000008b36e2c                ch20xX
 .text.ch20xY   0x0000000008b37ada      0xa08 Src/gra.o
                0x0000000008b37ada                ch20xY
 .text.ch20xZ   0x0000000008b384e2      0xcea Src/gra.o
                0x0000000008b384e2                ch20xZ
 .text.ch20x0   0x0000000008b391cc      0xeee Src/gra.o
                0x0000000008b391cc                ch20x0
 .text.ch20x1   0x0000000008b3a0ba      0x8ca Src/gra.o
                0x0000000008b3a0ba                ch20x1
 .text.ch20x2   0x0000000008b3a984      0xb6e Src/gra.o
                0x0000000008b3a984                ch20x2
 .text.ch20x3   0x0000000008b3b4f2      0xb66 Src/gra.o
                0x0000000008b3b4f2                ch20x3
 .text.ch20x4   0x0000000008b3c058      0xb1a Src/gra.o
                0x0000000008b3c058                ch20x4
 .text.ch20x5   0x0000000008b3cb72      0xc10 Src/gra.o
                0x0000000008b3cb72                ch20x5
 .text.ch20x6   0x0000000008b3d782      0xc20 Src/gra.o
                0x0000000008b3d782                ch20x6
 .text.ch20x7   0x0000000008b3e3a2      0x8a4 Src/gra.o
                0x0000000008b3e3a2                ch20x7
 .text.ch20x8   0x0000000008b3ec46      0xd34 Src/gra.o
                0x0000000008b3ec46                ch20x8
 .text.ch20x9   0x0000000008b3f97a      0xc9e Src/gra.o
                0x0000000008b3f97a                ch20x9
 .text.ch20xOK  0x0000000008b40618     0x120a Src/gra.o
                0x0000000008b40618                ch20xOK
 .text.ch20xBCK
                0x0000000008b41822      0x57a Src/gra.o
                0x0000000008b41822                ch20xBCK
 .text.ch12x0   0x0000000008b41d9c      0x4b6 Src/gra.o
                0x0000000008b41d9c                ch12x0
 .text.ch12x1   0x0000000008b42252      0x396 Src/gra.o
                0x0000000008b42252                ch12x1
 .text.ch12x2   0x0000000008b425e8      0x49a Src/gra.o
                0x0000000008b425e8                ch12x2
 .text.ch12x3   0x0000000008b42a82      0x3ae Src/gra.o
                0x0000000008b42a82                ch12x3
 .text.ch12x4   0x0000000008b42e30      0x466 Src/gra.o
                0x0000000008b42e30                ch12x4
 .text.ch12x5   0x0000000008b43296      0x3b4 Src/gra.o
                0x0000000008b43296                ch12x5
 .text.ch12x6   0x0000000008b4364a      0x44c Src/gra.o
                0x0000000008b4364a                ch12x6
 .text.ch12x7   0x0000000008b43a96      0x2c2 Src/gra.o
                0x0000000008b43a96                ch12x7
 .text.ch12x8   0x0000000008b43d58      0x462 Src/gra.o
                0x0000000008b43d58                ch12x8
 .text.ch12x9   0x0000000008b441ba      0x440 Src/gra.o
                0x0000000008b441ba                ch12x9
 .text.ch10x0   0x0000000008b445fa      0x2ae Src/gra.o
                0x0000000008b445fa                ch10x0
 .text.ch10x1   0x0000000008b448a8      0x192 Src/gra.o
                0x0000000008b448a8                ch10x1
 .text.ch10x2   0x0000000008b44a3a      0x25e Src/gra.o
                0x0000000008b44a3a                ch10x2
 .text.ch10x3   0x0000000008b44c98      0x26e Src/gra.o
                0x0000000008b44c98                ch10x3
 .text.ch10x4   0x0000000008b44f06      0x254 Src/gra.o
                0x0000000008b44f06                ch10x4
 .text.ch10x5   0x0000000008b4515a      0x306 Src/gra.o
                0x0000000008b4515a                ch10x5
 .text.ch10x6   0x0000000008b45460      0x292 Src/gra.o
                0x0000000008b45460                ch10x6
 .text.ch10x7   0x0000000008b456f2      0x1de Src/gra.o
                0x0000000008b456f2                ch10x7
 .text.ch10x8   0x0000000008b458d0      0x264 Src/gra.o
                0x0000000008b458d0                ch10x8
 .text.ch10x9   0x0000000008b45b34      0x2fc Src/gra.o
                0x0000000008b45b34                ch10x9
 .text.ch10xA   0x0000000008b45e30      0x2cc Src/gra.o
                0x0000000008b45e30                ch10xA
 .text.ch10xB   0x0000000008b460fc      0x392 Src/gra.o
                0x0000000008b460fc                ch10xB
 .text.ch10xC   0x0000000008b4648e      0x23e Src/gra.o
                0x0000000008b4648e                ch10xC
 .text.ch10xD   0x0000000008b466cc      0x32e Src/gra.o
                0x0000000008b466cc                ch10xD
 .text.ch10xE   0x0000000008b469fa      0x31e Src/gra.o
                0x0000000008b469fa                ch10xE
 .text.ch10xF   0x0000000008b46d18      0x302 Src/gra.o
                0x0000000008b46d18                ch10xF
 .text.ch10xG   0x0000000008b4701a      0x30e Src/gra.o
                0x0000000008b4701a                ch10xG
 .text.ch10xH   0x0000000008b47328      0x31a Src/gra.o
                0x0000000008b47328                ch10xH
 .text.ch10xI   0x0000000008b47642      0x152 Src/gra.o
                0x0000000008b47642                ch10xI
 .text.ch10xJ   0x0000000008b47794      0x1e4 Src/gra.o
                0x0000000008b47794                ch10xJ
 .text.ch10xK   0x0000000008b47978      0x2f2 Src/gra.o
                0x0000000008b47978                ch10xK
 .text.ch10xL   0x0000000008b47c6a      0x27a Src/gra.o
                0x0000000008b47c6a                ch10xL
 .text.ch10xM   0x0000000008b47ee4      0x434 Src/gra.o
                0x0000000008b47ee4                ch10xM
 .text.ch10xN   0x0000000008b48318      0x38a Src/gra.o
                0x0000000008b48318                ch10xN
 .text.ch10xO   0x0000000008b486a2      0x32e Src/gra.o
                0x0000000008b486a2                ch10xO
 .text.ch10xP   0x0000000008b489d0      0x2a2 Src/gra.o
                0x0000000008b489d0                ch10xP
 .text.ch10xQ   0x0000000008b48c72      0x374 Src/gra.o
                0x0000000008b48c72                ch10xQ
 .text.ch10xR   0x0000000008b48fe6      0x344 Src/gra.o
                0x0000000008b48fe6                ch10xR
 .text.ch10xS   0x0000000008b4932a      0x28e Src/gra.o
                0x0000000008b4932a                ch10xS
 .text.ch10xT   0x0000000008b495b8      0x27a Src/gra.o
                0x0000000008b495b8                ch10xT
 .text.ch10xU   0x0000000008b49832      0x3f6 Src/gra.o
                0x0000000008b49832                ch10xU
 .text.ch10xV   0x0000000008b49c28      0x274 Src/gra.o
                0x0000000008b49c28                ch10xV
 .text.ch10xW   0x0000000008b49e9c      0x2ac Src/gra.o
                0x0000000008b49e9c                ch10xW
 .text.ch10xX   0x0000000008b4a148      0x2a8 Src/gra.o
                0x0000000008b4a148                ch10xX
 .text.ch10xY   0x0000000008b4a3f0      0x23e Src/gra.o
                0x0000000008b4a3f0                ch10xY
 .text.ch10xZ   0x0000000008b4a62e      0x2c6 Src/gra.o
                0x0000000008b4a62e                ch10xZ
 .text.LIS3DSH_Init
                0x0000000008b4a8f4       0xfc Src/lis3dsh.o
                0x0000000008b4a8f4                LIS3DSH_Init
 .text.LIS3DSH_DataReadyInterruptConfig
                0x0000000008b4a9f0       0x46 Src/lis3dsh.o
                0x0000000008b4a9f0                LIS3DSH_DataReadyInterruptConfig
 *fill*         0x0000000008b4aa36        0x2 
 .text.LIS3DSH_Write
                0x0000000008b4aa38       0x64 Src/lis3dsh.o
                0x0000000008b4aa38                LIS3DSH_Write
 .text.LIS3DSH_Read
                0x0000000008b4aa9c       0x74 Src/lis3dsh.o
                0x0000000008b4aa9c                LIS3DSH_Read
 .text.LIS3DSH_ReadACC
                0x0000000008b4ab10      0x330 Src/lis3dsh.o
                0x0000000008b4ab10                LIS3DSH_ReadACC
 .text.LIS3DSH_SendByte
                0x0000000008b4ae40       0x90 Src/lis3dsh.o
 .text.LIS3DSH_TIMEOUT_UserCallback
                0x0000000008b4aed0       0x10 Src/lis3dsh.o
                0x0000000008b4aed0                LIS3DSH_TIMEOUT_UserCallback
 .text.SPI_SendData
                0x0000000008b4aee0       0x20 Src/lis3dsh.o
                0x0000000008b4aee0                SPI_SendData
 .text.SPI_ReceiveData
                0x0000000008b4af00       0x1c Src/lis3dsh.o
                0x0000000008b4af00                SPI_ReceiveData
 .text.LISInit  0x0000000008b4af1c       0x54 Src/lis3dsh.o
                0x0000000008b4af1c                LISInit
 .text.main     0x0000000008b4af70       0x44 Src/main.o
                0x0000000008b4af70                main
 .text.SystemClock_Config
                0x0000000008b4afb4       0xd4 Src/main.o
                0x0000000008b4afb4                SystemClock_Config
 .text.MX_SPI1_Init
                0x0000000008b4b088       0x6c Src/main.o
 .text.MX_SPI3_Init
                0x0000000008b4b0f4       0x6c Src/main.o
 .text.MX_GPIO_Init
                0x0000000008b4b160       0xd8 Src/main.o
 .text.MX_FSMC_Init
                0x0000000008b4b238       0xc0 Src/main.o
 .text.Error_Handler
                0x0000000008b4b2f8        0xe Src/main.o
                0x0000000008b4b2f8                Error_Handler
 *fill*         0x0000000008b4b306        0x2 
 .text.HAL_MspInit
                0x0000000008b4b308       0x50 Src/stm32f4xx_hal_msp.o
                0x0000000008b4b308                HAL_MspInit
 .text.HAL_SPI_MspInit
                0x0000000008b4b358       0xfc Src/stm32f4xx_hal_msp.o
                0x0000000008b4b358                HAL_SPI_MspInit
 .text.HAL_SPI_MspDeInit
                0x0000000008b4b454       0x64 Src/stm32f4xx_hal_msp.o
                0x0000000008b4b454                HAL_SPI_MspDeInit
 .text.HAL_FSMC_MspInit
                0x0000000008b4b4b8       0x98 Src/stm32f4xx_hal_msp.o
 .text.HAL_SRAM_MspInit
                0x0000000008b4b550       0x14 Src/stm32f4xx_hal_msp.o
                0x0000000008b4b550                HAL_SRAM_MspInit
 .text.NMI_Handler
                0x0000000008b4b564        0xe Src/stm32f4xx_it.o
                0x0000000008b4b564                NMI_Handler
 .text.HardFault_Handler
                0x0000000008b4b572        0x6 Src/stm32f4xx_it.o
                0x0000000008b4b572                HardFault_Handler
 .text.MemManage_Handler
                0x0000000008b4b578        0x6 Src/stm32f4xx_it.o
                0x0000000008b4b578                MemManage_Handler
 .text.BusFault_Handler
                0x0000000008b4b57e        0x6 Src/stm32f4xx_it.o
                0x0000000008b4b57e                BusFault_Handler
 .text.UsageFault_Handler
                0x0000000008b4b584        0x6 Src/stm32f4xx_it.o
                0x0000000008b4b584                UsageFault_Handler
 .text.SVC_Handler
                0x0000000008b4b58a        0xe Src/stm32f4xx_it.o
                0x0000000008b4b58a                SVC_Handler
 .text.DebugMon_Handler
                0x0000000008b4b598        0xe Src/stm32f4xx_it.o
                0x0000000008b4b598                DebugMon_Handler
 .text.PendSV_Handler
                0x0000000008b4b5a6        0xe Src/stm32f4xx_it.o
                0x0000000008b4b5a6                PendSV_Handler
 .text.SysTick_Handler
                0x0000000008b4b5b4       0x10 Src/stm32f4xx_it.o
                0x0000000008b4b5b4                SysTick_Handler
 .text._read    0x0000000008b4b5c4       0x3a Src/syscalls.o
                0x0000000008b4b5c4                _read
 .text._write   0x0000000008b4b5fe       0x38 Src/syscalls.o
                0x0000000008b4b5fe                _write
 .text._close   0x0000000008b4b636       0x18 Src/syscalls.o
                0x0000000008b4b636                _close
 .text._fstat   0x0000000008b4b64e       0x20 Src/syscalls.o
                0x0000000008b4b64e                _fstat
 .text._isatty  0x0000000008b4b66e       0x16 Src/syscalls.o
                0x0000000008b4b66e                _isatty
 .text._lseek   0x0000000008b4b684       0x1a Src/syscalls.o
                0x0000000008b4b684                _lseek
 *fill*         0x0000000008b4b69e        0x2 
 .text._sbrk    0x0000000008b4b6a0       0x58 Src/sysmem.o
                0x0000000008b4b6a0                _sbrk
 .text.SystemInit
                0x0000000008b4b6f8       0x2c Src/system_stm32f4xx.o
                0x0000000008b4b6f8                SystemInit
 .text.Reset_Handler
                0x0000000008b4b724       0x50 Startup/startup_stm32f407vgtx.o
                0x0000000008b4b724                Reset_Handler
 .text.Default_Handler
                0x0000000008b4b774        0x2 Startup/startup_stm32f407vgtx.o
                0x0000000008b4b774                RTC_Alarm_IRQHandler
                0x0000000008b4b774                HASH_RNG_IRQHandler
                0x0000000008b4b774                EXTI2_IRQHandler
                0x0000000008b4b774                TIM8_CC_IRQHandler
                0x0000000008b4b774                TIM1_CC_IRQHandler
                0x0000000008b4b774                DMA2_Stream5_IRQHandler
                0x0000000008b4b774                DMA1_Stream5_IRQHandler
                0x0000000008b4b774                PVD_IRQHandler
                0x0000000008b4b774                SDIO_IRQHandler
                0x0000000008b4b774                TAMP_STAMP_IRQHandler
                0x0000000008b4b774                CAN2_RX1_IRQHandler
                0x0000000008b4b774                EXTI3_IRQHandler
                0x0000000008b4b774                TIM8_TRG_COM_TIM14_IRQHandler
                0x0000000008b4b774                TIM1_UP_TIM10_IRQHandler
                0x0000000008b4b774                TIM8_UP_TIM13_IRQHandler
                0x0000000008b4b774                I2C3_ER_IRQHandler
                0x0000000008b4b774                EXTI0_IRQHandler
                0x0000000008b4b774                I2C2_EV_IRQHandler
                0x0000000008b4b774                DMA1_Stream2_IRQHandler
                0x0000000008b4b774                CAN1_RX0_IRQHandler
                0x0000000008b4b774                FPU_IRQHandler
                0x0000000008b4b774                OTG_HS_WKUP_IRQHandler
                0x0000000008b4b774                CAN2_SCE_IRQHandler
                0x0000000008b4b774                DMA2_Stream2_IRQHandler
                0x0000000008b4b774                SPI1_IRQHandler
                0x0000000008b4b774                TIM6_DAC_IRQHandler
                0x0000000008b4b774                TIM1_BRK_TIM9_IRQHandler
                0x0000000008b4b774                DCMI_IRQHandler
                0x0000000008b4b774                CAN2_RX0_IRQHandler
                0x0000000008b4b774                DMA2_Stream3_IRQHandler
                0x0000000008b4b774                USART6_IRQHandler
                0x0000000008b4b774                USART3_IRQHandler
                0x0000000008b4b774                CAN1_RX1_IRQHandler
                0x0000000008b4b774                UART5_IRQHandler
                0x0000000008b4b774                DMA2_Stream0_IRQHandler
                0x0000000008b4b774                TIM4_IRQHandler
                0x0000000008b4b774                I2C1_EV_IRQHandler
                0x0000000008b4b774                DMA1_Stream6_IRQHandler
                0x0000000008b4b774                DMA1_Stream1_IRQHandler
                0x0000000008b4b774                UART4_IRQHandler
                0x0000000008b4b774                TIM3_IRQHandler
                0x0000000008b4b774                RCC_IRQHandler
                0x0000000008b4b774                TIM8_BRK_TIM12_IRQHandler
                0x0000000008b4b774                Default_Handler
                0x0000000008b4b774                EXTI15_10_IRQHandler
                0x0000000008b4b774                ADC_IRQHandler
                0x0000000008b4b774                DMA1_Stream7_IRQHandler
                0x0000000008b4b774                TIM7_IRQHandler
                0x0000000008b4b774                CAN2_TX_IRQHandler
                0x0000000008b4b774                TIM5_IRQHandler
                0x0000000008b4b774                DMA2_Stream7_IRQHandler
                0x0000000008b4b774                I2C3_EV_IRQHandler
                0x0000000008b4b774                EXTI9_5_IRQHandler
                0x0000000008b4b774                RTC_WKUP_IRQHandler
                0x0000000008b4b774                ETH_WKUP_IRQHandler
                0x0000000008b4b774                SPI2_IRQHandler
                0x0000000008b4b774                OTG_HS_EP1_IN_IRQHandler
                0x0000000008b4b774                DMA1_Stream0_IRQHandler
                0x0000000008b4b774                CAN1_TX_IRQHandler
                0x0000000008b4b774                EXTI4_IRQHandler
                0x0000000008b4b774                FSMC_IRQHandler
                0x0000000008b4b774                ETH_IRQHandler
                0x0000000008b4b774                OTG_HS_EP1_OUT_IRQHandler
                0x0000000008b4b774                WWDG_IRQHandler
                0x0000000008b4b774                TIM2_IRQHandler
                0x0000000008b4b774                OTG_FS_WKUP_IRQHandler
                0x0000000008b4b774                TIM1_TRG_COM_TIM11_IRQHandler
                0x0000000008b4b774                OTG_HS_IRQHandler
                0x0000000008b4b774                EXTI1_IRQHandler
                0x0000000008b4b774                USART2_IRQHandler
                0x0000000008b4b774                I2C2_ER_IRQHandler
                0x0000000008b4b774                DMA2_Stream1_IRQHandler
                0x0000000008b4b774                CAN1_SCE_IRQHandler
                0x0000000008b4b774                FLASH_IRQHandler
                0x0000000008b4b774                DMA2_Stream4_IRQHandler
                0x0000000008b4b774                USART1_IRQHandler
                0x0000000008b4b774                OTG_FS_IRQHandler
                0x0000000008b4b774                SPI3_IRQHandler
                0x0000000008b4b774                DMA1_Stream4_IRQHandler
                0x0000000008b4b774                I2C1_ER_IRQHandler
                0x0000000008b4b774                DMA2_Stream6_IRQHandler
                0x0000000008b4b774                DMA1_Stream3_IRQHandler
 *fill*         0x0000000008b4b776        0x2 
 .text.__errno  0x0000000008b4b778        0xc c:/mydownloads/stm32cubeide_1.0.2/stm32cubeide/plugins/com.st.stm32cube.ide.mcu.externaltools.gnu-tools-for-stm32.7-2018-q2-update.win32_1.0.0.201904181610/tools/bin/../lib/gcc/arm-none-eabi/7.3.1/../../../../arm-none-eabi/lib/thumb/v7e-m/fpv4-sp/hard\libc_nano.a(lib_a-errno.o)
                0x0000000008b4b778                __errno
 .text.__libc_init_array
                0x0000000008b4b784       0x48 c:/mydownloads/stm32cubeide_1.0.2/stm32cubeide/plugins/com.st.stm32cube.ide.mcu.externaltools.gnu-tools-for-stm32.7-2018-q2-update.win32_1.0.0.201904181610/tools/bin/../lib/gcc/arm-none-eabi/7.3.1/../../../../arm-none-eabi/lib/thumb/v7e-m/fpv4-sp/hard\libc_nano.a(lib_a-init.o)
                0x0000000008b4b784                __libc_init_array
 .text.malloc   0x0000000008b4b7cc       0x10 c:/mydownloads/stm32cubeide_1.0.2/stm32cubeide/plugins/com.st.stm32cube.ide.mcu.externaltools.gnu-tools-for-stm32.7-2018-q2-update.win32_1.0.0.201904181610/tools/bin/../lib/gcc/arm-none-eabi/7.3.1/../../../../arm-none-eabi/lib/thumb/v7e-m/fpv4-sp/hard\libc_nano.a(lib_a-malloc.o)
                0x0000000008b4b7cc                malloc
 .text.memset   0x0000000008b4b7dc       0x10 c:/mydownloads/stm32cubeide_1.0.2/stm32cubeide/plugins/com.st.stm32cube.ide.mcu.externaltools.gnu-tools-for-stm32.7-2018-q2-update.win32_1.0.0.201904181610/tools/bin/../lib/gcc/arm-none-eabi/7.3.1/../../../../arm-none-eabi/lib/thumb/v7e-m/fpv4-sp/hard\libc_nano.a(lib_a-memset.o)
                0x0000000008b4b7dc                memset
 .text._free_r  0x0000000008b4b7ec       0x9c c:/mydownloads/stm32cubeide_1.0.2/stm32cubeide/plugins/com.st.stm32cube.ide.mcu.externaltools.gnu-tools-for-stm32.7-2018-q2-update.win32_1.0.0.201904181610/tools/bin/../lib/gcc/arm-none-eabi/7.3.1/../../../../arm-none-eabi/lib/thumb/v7e-m/fpv4-sp/hard\libc_nano.a(lib_a-nano-freer.o)
                0x0000000008b4b7ec                _free_r
 .text._malloc_r
                0x0000000008b4b888       0xb4 c:/mydownloads/stm32cubeide_1.0.2/stm32cubeide/plugins/com.st.stm32cube.ide.mcu.externaltools.gnu-tools-for-stm32.7-2018-q2-update.win32_1.0.0.201904181610/tools/bin/../lib/gcc/arm-none-eabi/7.3.1/../../../../arm-none-eabi/lib/thumb/v7e-m/fpv4-sp/hard\libc_nano.a(lib_a-nano-mallocr.o)
                0x0000000008b4b888                _malloc_r
 .text._puts_r  0x0000000008b4b93c       0xb8 c:/mydownloads/stm32cubeide_1.0.2/stm32cubeide/plugins/com.st.stm32cube.ide.mcu.externaltools.gnu-tools-for-stm32.7-2018-q2-update.win32_1.0.0.201904181610/tools/bin/../lib/gcc/arm-none-eabi/7.3.1/../../../../arm-none-eabi/lib/thumb/v7e-m/fpv4-sp/hard\libc_nano.a(lib_a-puts.o)
                0x0000000008b4b93c                _puts_r
 .text.puts     0x0000000008b4b9f4       0x10 c:/mydownloads/stm32cubeide_1.0.2/stm32cubeide/plugins/com.st.stm32cube.ide.mcu.externaltools.gnu-tools-for-stm32.7-2018-q2-update.win32_1.0.0.201904181610/tools/bin/../lib/gcc/arm-none-eabi/7.3.1/../../../../arm-none-eabi/lib/thumb/v7e-m/fpv4-sp/hard\libc_nano.a(lib_a-puts.o)
                0x0000000008b4b9f4                puts
 .text.srand    0x0000000008b4ba04       0x48 c:/mydownloads/stm32cubeide_1.0.2/stm32cubeide/plugins/com.st.stm32cube.ide.mcu.externaltools.gnu-tools-for-stm32.7-2018-q2-update.win32_1.0.0.201904181610/tools/bin/../lib/gcc/arm-none-eabi/7.3.1/../../../../arm-none-eabi/lib/thumb/v7e-m/fpv4-sp/hard\libc_nano.a(lib_a-rand.o)
                0x0000000008b4ba04                srand
 .text.rand     0x0000000008b4ba4c       0x68 c:/mydownloads/stm32cubeide_1.0.2/stm32cubeide/plugins/com.st.stm32cube.ide.mcu.externaltools.gnu-tools-for-stm32.7-2018-q2-update.win32_1.0.0.201904181610/tools/bin/../lib/gcc/arm-none-eabi/7.3.1/../../../../arm-none-eabi/lib/thumb/v7e-m/fpv4-sp/hard\libc_nano.a(lib_a-rand.o)
                0x0000000008b4ba4c                rand
 .text._sbrk_r  0x0000000008b4bab4       0x20 c:/mydownloads/stm32cubeide_1.0.2/stm32cubeide/plugins/com.st.stm32cube.ide.mcu.externaltools.gnu-tools-for-stm32.7-2018-q2-update.win32_1.0.0.201904181610/tools/bin/../lib/gcc/arm-none-eabi/7.3.1/../../../../arm-none-eabi/lib/thumb/v7e-m/fpv4-sp/hard\libc_nano.a(lib_a-sbrkr.o)
                0x0000000008b4bab4                _sbrk_r
 .text.sprintf  0x0000000008b4bad4       0x40 c:/mydownloads/stm32cubeide_1.0.2/stm32cubeide/plugins/com.st.stm32cube.ide.mcu.externaltools.gnu-tools-for-stm32.7-2018-q2-update.win32_1.0.0.201904181610/tools/bin/../lib/gcc/arm-none-eabi/7.3.1/../../../../arm-none-eabi/lib/thumb/v7e-m/fpv4-sp/hard\libc_nano.a(lib_a-sprintf.o)
                0x0000000008b4bad4                siprintf
                0x0000000008b4bad4                sprintf
 .text.sscanf   0x0000000008b4bb14       0x54 c:/mydownloads/stm32cubeide_1.0.2/stm32cubeide/plugins/com.st.stm32cube.ide.mcu.externaltools.gnu-tools-for-stm32.7-2018-q2-update.win32_1.0.0.201904181610/tools/bin/../lib/gcc/arm-none-eabi/7.3.1/../../../../arm-none-eabi/lib/thumb/v7e-m/fpv4-sp/hard\libc_nano.a(lib_a-sscanf.o)
                0x0000000008b4bb14                siscanf
                0x0000000008b4bb14                sscanf
 .text.__sread  0x0000000008b4bb68       0x22 c:/mydownloads/stm32cubeide_1.0.2/stm32cubeide/plugins/com.st.stm32cube.ide.mcu.externaltools.gnu-tools-for-stm32.7-2018-q2-update.win32_1.0.0.201904181610/tools/bin/../lib/gcc/arm-none-eabi/7.3.1/../../../../arm-none-eabi/lib/thumb/v7e-m/fpv4-sp/hard\libc_nano.a(lib_a-stdio.o)
                0x0000000008b4bb68                __sread
 .text.__seofread
                0x0000000008b4bb8a        0x4 c:/mydownloads/stm32cubeide_1.0.2/stm32cubeide/plugins/com.st.stm32cube.ide.mcu.externaltools.gnu-tools-for-stm32.7-2018-q2-update.win32_1.0.0.201904181610/tools/bin/../lib/gcc/arm-none-eabi/7.3.1/../../../../arm-none-eabi/lib/thumb/v7e-m/fpv4-sp/hard\libc_nano.a(lib_a-stdio.o)
                0x0000000008b4bb8a                __seofread
 .text.__swrite
                0x0000000008b4bb8e       0x38 c:/mydownloads/stm32cubeide_1.0.2/stm32cubeide/plugins/com.st.stm32cube.ide.mcu.externaltools.gnu-tools-for-stm32.7-2018-q2-update.win32_1.0.0.201904181610/tools/bin/../lib/gcc/arm-none-eabi/7.3.1/../../../../arm-none-eabi/lib/thumb/v7e-m/fpv4-sp/hard\libc_nano.a(lib_a-stdio.o)
                0x0000000008b4bb8e                __swrite
 .text.__sseek  0x0000000008b4bbc6       0x24 c:/mydownloads/stm32cubeide_1.0.2/stm32cubeide/plugins/com.st.stm32cube.ide.mcu.externaltools.gnu-tools-for-stm32.7-2018-q2-update.win32_1.0.0.201904181610/tools/bin/../lib/gcc/arm-none-eabi/7.3.1/../../../../arm-none-eabi/lib/thumb/v7e-m/fpv4-sp/hard\libc_nano.a(lib_a-stdio.o)
                0x0000000008b4bbc6                __sseek
 .text.__sclose
                0x0000000008b4bbea        0x8 c:/mydownloads/stm32cubeide_1.0.2/stm32cubeide/plugins/com.st.stm32cube.ide.mcu.externaltools.gnu-tools-for-stm32.7-2018-q2-update.win32_1.0.0.201904181610/tools/bin/../lib/gcc/arm-none-eabi/7.3.1/../../../../arm-none-eabi/lib/thumb/v7e-m/fpv4-sp/hard\libc_nano.a(lib_a-stdio.o)
                0x0000000008b4bbea                __sclose
 .text.strcpy   0x0000000008b4bbf2       0x10 c:/mydownloads/stm32cubeide_1.0.2/stm32cubeide/plugins/com.st.stm32cube.ide.mcu.externaltools.gnu-tools-for-stm32.7-2018-q2-update.win32_1.0.0.201904181610/tools/bin/../lib/gcc/arm-none-eabi/7.3.1/../../../../arm-none-eabi/lib/thumb/v7e-m/fpv4-sp/hard\libc_nano.a(lib_a-strcpy.o)
                0x0000000008b4bbf2                strcpy
 *fill*         0x0000000008b4bc02        0x2 
 .text.time     0x0000000008b4bc04       0x34 c:/mydownloads/stm32cubeide_1.0.2/stm32cubeide/plugins/com.st.stm32cube.ide.mcu.externaltools.gnu-tools-for-stm32.7-2018-q2-update.win32_1.0.0.201904181610/tools/bin/../lib/gcc/arm-none-eabi/7.3.1/../../../../arm-none-eabi/lib/thumb/v7e-m/fpv4-sp/hard\libc_nano.a(lib_a-time.o)
                0x0000000008b4bc04                time
 .text.__swbuf_r
                0x0000000008b4bc38       0xa4 c:/mydownloads/stm32cubeide_1.0.2/stm32cubeide/plugins/com.st.stm32cube.ide.mcu.externaltools.gnu-tools-for-stm32.7-2018-q2-update.win32_1.0.0.201904181610/tools/bin/../lib/gcc/arm-none-eabi/7.3.1/../../../../arm-none-eabi/lib/thumb/v7e-m/fpv4-sp/hard\libc_nano.a(lib_a-wbuf.o)
                0x0000000008b4bc38                __swbuf_r
 .text._write_r
                0x0000000008b4bcdc       0x24 c:/mydownloads/stm32cubeide_1.0.2/stm32cubeide/plugins/com.st.stm32cube.ide.mcu.externaltools.gnu-tools-for-stm32.7-2018-q2-update.win32_1.0.0.201904181610/tools/bin/../lib/gcc/arm-none-eabi/7.3.1/../../../../arm-none-eabi/lib/thumb/v7e-m/fpv4-sp/hard\libc_nano.a(lib_a-writer.o)
                0x0000000008b4bcdc                _write_r
 .text.__swsetup_r
                0x0000000008b4bd00       0xdc c:/mydownloads/stm32cubeide_1.0.2/stm32cubeide/plugins/com.st.stm32cube.ide.mcu.externaltools.gnu-tools-for-stm32.7-2018-q2-update.win32_1.0.0.201904181610/tools/bin/../lib/gcc/arm-none-eabi/7.3.1/../../../../arm-none-eabi/lib/thumb/v7e-m/fpv4-sp/hard\libc_nano.a(lib_a-wsetup.o)
                0x0000000008b4bd00                __swsetup_r
 .text._close_r
                0x0000000008b4bddc       0x20 c:/mydownloads/stm32cubeide_1.0.2/stm32cubeide/plugins/com.st.stm32cube.ide.mcu.externaltools.gnu-tools-for-stm32.7-2018-q2-update.win32_1.0.0.201904181610/tools/bin/../lib/gcc/arm-none-eabi/7.3.1/../../../../arm-none-eabi/lib/thumb/v7e-m/fpv4-sp/hard\libc_nano.a(lib_a-closer.o)
                0x0000000008b4bddc                _close_r
 .text.__sflush_r
                0x0000000008b4bdfc      0x10c c:/mydownloads/stm32cubeide_1.0.2/stm32cubeide/plugins/com.st.stm32cube.ide.mcu.externaltools.gnu-tools-for-stm32.7-2018-q2-update.win32_1.0.0.201904181610/tools/bin/../lib/gcc/arm-none-eabi/7.3.1/../../../../arm-none-eabi/lib/thumb/v7e-m/fpv4-sp/hard\libc_nano.a(lib_a-fflush.o)
                0x0000000008b4bdfc                __sflush_r
 .text._fflush_r
                0x0000000008b4bf08       0x54 c:/mydownloads/stm32cubeide_1.0.2/stm32cubeide/plugins/com.st.stm32cube.ide.mcu.externaltools.gnu-tools-for-stm32.7-2018-q2-update.win32_1.0.0.201904181610/tools/bin/../lib/gcc/arm-none-eabi/7.3.1/../../../../arm-none-eabi/lib/thumb/v7e-m/fpv4-sp/hard\libc_nano.a(lib_a-fflush.o)
                0x0000000008b4bf08                _fflush_r
 .text.std      0x0000000008b4bf5c       0x48 c:/mydownloads/stm32cubeide_1.0.2/stm32cubeide/plugins/com.st.stm32cube.ide.mcu.externaltools.gnu-tools-for-stm32.7-2018-q2-update.win32_1.0.0.201904181610/tools/bin/../lib/gcc/arm-none-eabi/7.3.1/../../../../arm-none-eabi/lib/thumb/v7e-m/fpv4-sp/hard\libc_nano.a(lib_a-findfp.o)
 .text._cleanup_r
                0x0000000008b4bfa4        0xc c:/mydownloads/stm32cubeide_1.0.2/stm32cubeide/plugins/com.st.stm32cube.ide.mcu.externaltools.gnu-tools-for-stm32.7-2018-q2-update.win32_1.0.0.201904181610/tools/bin/../lib/gcc/arm-none-eabi/7.3.1/../../../../arm-none-eabi/lib/thumb/v7e-m/fpv4-sp/hard\libc_nano.a(lib_a-findfp.o)
                0x0000000008b4bfa4                _cleanup_r
 .text.__sfmoreglue
                0x0000000008b4bfb0       0x2c c:/mydownloads/stm32cubeide_1.0.2/stm32cubeide/plugins/com.st.stm32cube.ide.mcu.externaltools.gnu-tools-for-stm32.7-2018-q2-update.win32_1.0.0.201904181610/tools/bin/../lib/gcc/arm-none-eabi/7.3.1/../../../../arm-none-eabi/lib/thumb/v7e-m/fpv4-sp/hard\libc_nano.a(lib_a-findfp.o)
                0x0000000008b4bfb0                __sfmoreglue
 .text.__sinit  0x0000000008b4bfdc       0x60 c:/mydownloads/stm32cubeide_1.0.2/stm32cubeide/plugins/com.st.stm32cube.ide.mcu.externaltools.gnu-tools-for-stm32.7-2018-q2-update.win32_1.0.0.201904181610/tools/bin/../lib/gcc/arm-none-eabi/7.3.1/../../../../arm-none-eabi/lib/thumb/v7e-m/fpv4-sp/hard\libc_nano.a(lib_a-findfp.o)
                0x0000000008b4bfdc                __sinit
 .text.__sfp    0x0000000008b4c03c       0x78 c:/mydownloads/stm32cubeide_1.0.2/stm32cubeide/plugins/com.st.stm32cube.ide.mcu.externaltools.gnu-tools-for-stm32.7-2018-q2-update.win32_1.0.0.201904181610/tools/bin/../lib/gcc/arm-none-eabi/7.3.1/../../../../arm-none-eabi/lib/thumb/v7e-m/fpv4-sp/hard\libc_nano.a(lib_a-findfp.o)
                0x0000000008b4c03c                __sfp
 .text._fwalk_reent
                0x0000000008b4c0b4       0x3c c:/mydownloads/stm32cubeide_1.0.2/stm32cubeide/plugins/com.st.stm32cube.ide.mcu.externaltools.gnu-tools-for-stm32.7-2018-q2-update.win32_1.0.0.201904181610/tools/bin/../lib/gcc/arm-none-eabi/7.3.1/../../../../arm-none-eabi/lib/thumb/v7e-m/fpv4-sp/hard\libc_nano.a(lib_a-fwalk.o)
                0x0000000008b4c0b4                _fwalk_reent
 .text._gettimeofday_r
                0x0000000008b4c0f0       0x24 c:/mydownloads/stm32cubeide_1.0.2/stm32cubeide/plugins/com.st.stm32cube.ide.mcu.externaltools.gnu-tools-for-stm32.7-2018-q2-update.win32_1.0.0.201904181610/tools/bin/../lib/gcc/arm-none-eabi/7.3.1/../../../../arm-none-eabi/lib/thumb/v7e-m/fpv4-sp/hard\libc_nano.a(lib_a-gettimeofdayr.o)
                0x0000000008b4c0f0                _gettimeofday_r
 .text._lseek_r
                0x0000000008b4c114       0x24 c:/mydownloads/stm32cubeide_1.0.2/stm32cubeide/plugins/com.st.stm32cube.ide.mcu.externaltools.gnu-tools-for-stm32.7-2018-q2-update.win32_1.0.0.201904181610/tools/bin/../lib/gcc/arm-none-eabi/7.3.1/../../../../arm-none-eabi/lib/thumb/v7e-m/fpv4-sp/hard\libc_nano.a(lib_a-lseekr.o)
                0x0000000008b4c114                _lseek_r
 .text.__swhatbuf_r
                0x0000000008b4c138       0x48 c:/mydownloads/stm32cubeide_1.0.2/stm32cubeide/plugins/com.st.stm32cube.ide.mcu.externaltools.gnu-tools-for-stm32.7-2018-q2-update.win32_1.0.0.201904181610/tools/bin/../lib/gcc/arm-none-eabi/7.3.1/../../../../arm-none-eabi/lib/thumb/v7e-m/fpv4-sp/hard\libc_nano.a(lib_a-makebuf.o)
                0x0000000008b4c138                __swhatbuf_r
 .text.__smakebuf_r
                0x0000000008b4c180       0x80 c:/mydownloads/stm32cubeide_1.0.2/stm32cubeide/plugins/com.st.stm32cube.ide.mcu.externaltools.gnu-tools-for-stm32.7-2018-q2-update.win32_1.0.0.201904181610/tools/bin/../lib/gcc/arm-none-eabi/7.3.1/../../../../arm-none-eabi/lib/thumb/v7e-m/fpv4-sp/hard\libc_nano.a(lib_a-makebuf.o)
                0x0000000008b4c180                __smakebuf_r
 .text.__malloc_lock
                0x0000000008b4c200        0x2 c:/mydownloads/stm32cubeide_1.0.2/stm32cubeide/plugins/com.st.stm32cube.ide.mcu.externaltools.gnu-tools-for-stm32.7-2018-q2-update.win32_1.0.0.201904181610/tools/bin/../lib/gcc/arm-none-eabi/7.3.1/../../../../arm-none-eabi/lib/thumb/v7e-m/fpv4-sp/hard\libc_nano.a(lib_a-mlock.o)
                0x0000000008b4c200                __malloc_lock
 .text.__malloc_unlock
                0x0000000008b4c202        0x2 c:/mydownloads/stm32cubeide_1.0.2/stm32cubeide/plugins/com.st.stm32cube.ide.mcu.externaltools.gnu-tools-for-stm32.7-2018-q2-update.win32_1.0.0.201904181610/tools/bin/../lib/gcc/arm-none-eabi/7.3.1/../../../../arm-none-eabi/lib/thumb/v7e-m/fpv4-sp/hard\libc_nano.a(lib_a-mlock.o)
                0x0000000008b4c202                __malloc_unlock
 .text.__ssputs_r
                0x0000000008b4c204       0xb4 c:/mydownloads/stm32cubeide_1.0.2/stm32cubeide/plugins/com.st.stm32cube.ide.mcu.externaltools.gnu-tools-for-stm32.7-2018-q2-update.win32_1.0.0.201904181610/tools/bin/../lib/gcc/arm-none-eabi/7.3.1/../../../../arm-none-eabi/lib/thumb/v7e-m/fpv4-sp/hard\libc_nano.a(lib_a-nano-svfprintf.o)
                0x0000000008b4c204                __ssputs_r
 .text._svfprintf_r
                0x0000000008b4c2b8      0x1f0 c:/mydownloads/stm32cubeide_1.0.2/stm32cubeide/plugins/com.st.stm32cube.ide.mcu.externaltools.gnu-tools-for-stm32.7-2018-q2-update.win32_1.0.0.201904181610/tools/bin/../lib/gcc/arm-none-eabi/7.3.1/../../../../arm-none-eabi/lib/thumb/v7e-m/fpv4-sp/hard\libc_nano.a(lib_a-nano-svfprintf.o)
                0x0000000008b4c2b8                _svfiprintf_r
                0x0000000008b4c2b8                _svfprintf_r
 .text._sungetc_r
                0x0000000008b4c4a8       0x7a c:/mydownloads/stm32cubeide_1.0.2/stm32cubeide/plugins/com.st.stm32cube.ide.mcu.externaltools.gnu-tools-for-stm32.7-2018-q2-update.win32_1.0.0.201904181610/tools/bin/../lib/gcc/arm-none-eabi/7.3.1/../../../../arm-none-eabi/lib/thumb/v7e-m/fpv4-sp/hard\libc_nano.a(lib_a-nano-svfscanf.o)
                0x0000000008b4c4a8                _sungetc_r
 .text.__ssrefill_r
                0x0000000008b4c522       0x3a c:/mydownloads/stm32cubeide_1.0.2/stm32cubeide/plugins/com.st.stm32cube.ide.mcu.externaltools.gnu-tools-for-stm32.7-2018-q2-update.win32_1.0.0.201904181610/tools/bin/../lib/gcc/arm-none-eabi/7.3.1/../../../../arm-none-eabi/lib/thumb/v7e-m/fpv4-sp/hard\libc_nano.a(lib_a-nano-svfscanf.o)
                0x0000000008b4c522                __ssrefill_r
 .text.__ssvfscanf_r
                0x0000000008b4c55c      0x2a0 c:/mydownloads/stm32cubeide_1.0.2/stm32cubeide/plugins/com.st.stm32cube.ide.mcu.externaltools.gnu-tools-for-stm32.7-2018-q2-update.win32_1.0.0.201904181610/tools/bin/../lib/gcc/arm-none-eabi/7.3.1/../../../../arm-none-eabi/lib/thumb/v7e-m/fpv4-sp/hard\libc_nano.a(lib_a-nano-svfscanf.o)
                0x0000000008b4c55c                __ssvfiscanf_r
                0x0000000008b4c55c                __ssvfscanf_r
 .text._printf_common
                0x0000000008b4c7fc       0xea c:/mydownloads/stm32cubeide_1.0.2/stm32cubeide/plugins/com.st.stm32cube.ide.mcu.externaltools.gnu-tools-for-stm32.7-2018-q2-update.win32_1.0.0.201904181610/tools/bin/../lib/gcc/arm-none-eabi/7.3.1/../../../../arm-none-eabi/lib/thumb/v7e-m/fpv4-sp/hard\libc_nano.a(lib_a-nano-vfprintf_i.o)
                0x0000000008b4c7fc                _printf_common
 *fill*         0x0000000008b4c8e6        0x2 
 .text._printf_i
                0x0000000008b4c8e8      0x224 c:/mydownloads/stm32cubeide_1.0.2/stm32cubeide/plugins/com.st.stm32cube.ide.mcu.externaltools.gnu-tools-for-stm32.7-2018-q2-update.win32_1.0.0.201904181610/tools/bin/../lib/gcc/arm-none-eabi/7.3.1/../../../../arm-none-eabi/lib/thumb/v7e-m/fpv4-sp/hard\libc_nano.a(lib_a-nano-vfprintf_i.o)
                0x0000000008b4c8e8                _printf_i
 .text._scanf_chars
                0x0000000008b4cb0c       0xc6 c:/mydownloads/stm32cubeide_1.0.2/stm32cubeide/plugins/com.st.stm32cube.ide.mcu.externaltools.gnu-tools-for-stm32.7-2018-q2-update.win32_1.0.0.201904181610/tools/bin/../lib/gcc/arm-none-eabi/7.3.1/../../../../arm-none-eabi/lib/thumb/v7e-m/fpv4-sp/hard\libc_nano.a(lib_a-nano-vfscanf_i.o)
                0x0000000008b4cb0c                _scanf_chars
 *fill*         0x0000000008b4cbd2        0x2 
 .text._scanf_i
                0x0000000008b4cbd4      0x1e8 c:/mydownloads/stm32cubeide_1.0.2/stm32cubeide/plugins/com.st.stm32cube.ide.mcu.externaltools.gnu-tools-for-stm32.7-2018-q2-update.win32_1.0.0.201904181610/tools/bin/../lib/gcc/arm-none-eabi/7.3.1/../../../../arm-none-eabi/lib/thumb/v7e-m/fpv4-sp/hard\libc_nano.a(lib_a-nano-vfscanf_i.o)
                0x0000000008b4cbd4                _scanf_i
 .text._read_r  0x0000000008b4cdbc       0x24 c:/mydownloads/stm32cubeide_1.0.2/stm32cubeide/plugins/com.st.stm32cube.ide.mcu.externaltools.gnu-tools-for-stm32.7-2018-q2-update.win32_1.0.0.201904181610/tools/bin/../lib/gcc/arm-none-eabi/7.3.1/../../../../arm-none-eabi/lib/thumb/v7e-m/fpv4-sp/hard\libc_nano.a(lib_a-readr.o)
                0x0000000008b4cdbc                _read_r
 .text.__sccl   0x0000000008b4cde0       0x64 c:/mydownloads/stm32cubeide_1.0.2/stm32cubeide/plugins/com.st.stm32cube.ide.mcu.externaltools.gnu-tools-for-stm32.7-2018-q2-update.win32_1.0.0.201904181610/tools/bin/../lib/gcc/arm-none-eabi/7.3.1/../../../../arm-none-eabi/lib/thumb/v7e-m/fpv4-sp/hard\libc_nano.a(lib_a-sccl.o)
                0x0000000008b4cde0                __sccl
 .text._strtol_l.isra.0
                0x0000000008b4ce44       0xf6 c:/mydownloads/stm32cubeide_1.0.2/stm32cubeide/plugins/com.st.stm32cube.ide.mcu.externaltools.gnu-tools-for-stm32.7-2018-q2-update.win32_1.0.0.201904181610/tools/bin/../lib/gcc/arm-none-eabi/7.3.1/../../../../arm-none-eabi/lib/thumb/v7e-m/fpv4-sp/hard\libc_nano.a(lib_a-strtol.o)
 *fill*         0x0000000008b4cf3a        0x2 
 .text._strtol_r
                0x0000000008b4cf3c       0x24 c:/mydownloads/stm32cubeide_1.0.2/stm32cubeide/plugins/com.st.stm32cube.ide.mcu.externaltools.gnu-tools-for-stm32.7-2018-q2-update.win32_1.0.0.201904181610/tools/bin/../lib/gcc/arm-none-eabi/7.3.1/../../../../arm-none-eabi/lib/thumb/v7e-m/fpv4-sp/hard\libc_nano.a(lib_a-strtol.o)
                0x0000000008b4cf3c                _strtol_r
 .text._strtoul_l.isra.0
                0x0000000008b4cf60       0xf4 c:/mydownloads/stm32cubeide_1.0.2/stm32cubeide/plugins/com.st.stm32cube.ide.mcu.externaltools.gnu-tools-for-stm32.7-2018-q2-update.win32_1.0.0.201904181610/tools/bin/../lib/gcc/arm-none-eabi/7.3.1/../../../../arm-none-eabi/lib/thumb/v7e-m/fpv4-sp/hard\libc_nano.a(lib_a-strtoul.o)
 .text._strtoul_r
                0x0000000008b4d054       0x24 c:/mydownloads/stm32cubeide_1.0.2/stm32cubeide/plugins/com.st.stm32cube.ide.mcu.externaltools.gnu-tools-for-stm32.7-2018-q2-update.win32_1.0.0.201904181610/tools/bin/../lib/gcc/arm-none-eabi/7.3.1/../../../../arm-none-eabi/lib/thumb/v7e-m/fpv4-sp/hard\libc_nano.a(lib_a-strtoul.o)
                0x0000000008b4d054                _strtoul_r
 .text.__submore
                0x0000000008b4d078       0x74 c:/mydownloads/stm32cubeide_1.0.2/stm32cubeide/plugins/com.st.stm32cube.ide.mcu.externaltools.gnu-tools-for-stm32.7-2018-q2-update.win32_1.0.0.201904181610/tools/bin/../lib/gcc/arm-none-eabi/7.3.1/../../../../arm-none-eabi/lib/thumb/v7e-m/fpv4-sp/hard\libc_nano.a(lib_a-ungetc.o)
                0x0000000008b4d078                __submore
 .text._fstat_r
                0x0000000008b4d0ec       0x24 c:/mydownloads/stm32cubeide_1.0.2/stm32cubeide/plugins/com.st.stm32cube.ide.mcu.externaltools.gnu-tools-for-stm32.7-2018-q2-update.win32_1.0.0.201904181610/tools/bin/../lib/gcc/arm-none-eabi/7.3.1/../../../../arm-none-eabi/lib/thumb/v7e-m/fpv4-sp/hard\libc_nano.a(lib_a-fstatr.o)
                0x0000000008b4d0ec                _fstat_r
 .text._isatty_r
                0x0000000008b4d110       0x20 c:/mydownloads/stm32cubeide_1.0.2/stm32cubeide/plugins/com.st.stm32cube.ide.mcu.externaltools.gnu-tools-for-stm32.7-2018-q2-update.win32_1.0.0.201904181610/tools/bin/../lib/gcc/arm-none-eabi/7.3.1/../../../../arm-none-eabi/lib/thumb/v7e-m/fpv4-sp/hard\libc_nano.a(lib_a-isattyr.o)
                0x0000000008b4d110                _isatty_r
 .text.__locale_ctype_ptr_l
                0x0000000008b4d130        0x6 c:/mydownloads/stm32cubeide_1.0.2/stm32cubeide/plugins/com.st.stm32cube.ide.mcu.externaltools.gnu-tools-for-stm32.7-2018-q2-update.win32_1.0.0.201904181610/tools/bin/../lib/gcc/arm-none-eabi/7.3.1/../../../../arm-none-eabi/lib/thumb/v7e-m/fpv4-sp/hard\libc_nano.a(lib_a-locale.o)
                0x0000000008b4d130                __locale_ctype_ptr_l
 *fill*         0x0000000008b4d136        0x2 
 .text.__locale_ctype_ptr
                0x0000000008b4d138       0x1c c:/mydownloads/stm32cubeide_1.0.2/stm32cubeide/plugins/com.st.stm32cube.ide.mcu.externaltools.gnu-tools-for-stm32.7-2018-q2-update.win32_1.0.0.201904181610/tools/bin/../lib/gcc/arm-none-eabi/7.3.1/../../../../arm-none-eabi/lib/thumb/v7e-m/fpv4-sp/hard\libc_nano.a(lib_a-locale.o)
                0x0000000008b4d138                __locale_ctype_ptr
 .text.__ascii_mbtowc
                0x0000000008b4d154       0x24 c:/mydownloads/stm32cubeide_1.0.2/stm32cubeide/plugins/com.st.stm32cube.ide.mcu.externaltools.gnu-tools-for-stm32.7-2018-q2-update.win32_1.0.0.201904181610/tools/bin/../lib/gcc/arm-none-eabi/7.3.1/../../../../arm-none-eabi/lib/thumb/v7e-m/fpv4-sp/hard\libc_nano.a(lib_a-mbtowc_r.o)
                0x0000000008b4d154                __ascii_mbtowc
 .text.memcpy   0x0000000008b4d178       0x16 c:/mydownloads/stm32cubeide_1.0.2/stm32cubeide/plugins/com.st.stm32cube.ide.mcu.externaltools.gnu-tools-for-stm32.7-2018-q2-update.win32_1.0.0.201904181610/tools/bin/../lib/gcc/arm-none-eabi/7.3.1/../../../../arm-none-eabi/lib/thumb/v7e-m/fpv4-sp/hard\libc_nano.a(lib_a-memcpy-stub.o)
                0x0000000008b4d178                memcpy
 .text.memmove  0x0000000008b4d18e       0x32 c:/mydownloads/stm32cubeide_1.0.2/stm32cubeide/plugins/com.st.stm32cube.ide.mcu.externaltools.gnu-tools-for-stm32.7-2018-q2-update.win32_1.0.0.201904181610/tools/bin/../lib/gcc/arm-none-eabi/7.3.1/../../../../arm-none-eabi/lib/thumb/v7e-m/fpv4-sp/hard\libc_nano.a(lib_a-memmove.o)
                0x0000000008b4d18e                memmove
 .text._realloc_r
                0x0000000008b4d1c0       0x4c c:/mydownloads/stm32cubeide_1.0.2/stm32cubeide/plugins/com.st.stm32cube.ide.mcu.externaltools.gnu-tools-for-stm32.7-2018-q2-update.win32_1.0.0.201904181610/tools/bin/../lib/gcc/arm-none-eabi/7.3.1/../../../../arm-none-eabi/lib/thumb/v7e-m/fpv4-sp/hard\libc_nano.a(lib_a-nano-reallocr.o)
                0x0000000008b4d1c0                _realloc_r
 .text.__ascii_wctomb
                0x0000000008b4d20c       0x1a c:/mydownloads/stm32cubeide_1.0.2/stm32cubeide/plugins/com.st.stm32cube.ide.mcu.externaltools.gnu-tools-for-stm32.7-2018-q2-update.win32_1.0.0.201904181610/tools/bin/../lib/gcc/arm-none-eabi/7.3.1/../../../../arm-none-eabi/lib/thumb/v7e-m/fpv4-sp/hard\libc_nano.a(lib_a-wctomb_r.o)
                0x0000000008b4d20c                __ascii_wctomb
 .text._malloc_usable_size_r
                0x0000000008b4d226       0x10 c:/mydownloads/stm32cubeide_1.0.2/stm32cubeide/plugins/com.st.stm32cube.ide.mcu.externaltools.gnu-tools-for-stm32.7-2018-q2-update.win32_1.0.0.201904181610/tools/bin/../lib/gcc/arm-none-eabi/7.3.1/../../../../arm-none-eabi/lib/thumb/v7e-m/fpv4-sp/hard\libc_nano.a(lib_a-nano-msizer.o)
                0x0000000008b4d226                _malloc_usable_size_r
 *fill*         0x0000000008b4d236        0x2 
 .text._gettimeofday
                0x0000000008b4d238       0x10 c:/mydownloads/stm32cubeide_1.0.2/stm32cubeide/plugins/com.st.stm32cube.ide.mcu.externaltools.gnu-tools-for-stm32.7-2018-q2-update.win32_1.0.0.201904181610/tools/bin/../lib/gcc/arm-none-eabi/7.3.1/../../../../arm-none-eabi/lib/thumb/v7e-m/fpv4-sp/hard\libnosys.a(gettod.o)
                0x0000000008b4d238                _gettimeofday
 *(.glue_7)
 .glue_7        0x0000000008b4d248        0x0 linker stubs
 *(.glue_7t)
 .glue_7t       0x0000000008b4d248        0x0 linker stubs
 *(.eh_frame)
 .eh_frame      0x0000000008b4d248        0x0 c:/mydownloads/stm32cubeide_1.0.2/stm32cubeide/plugins/com.st.stm32cube.ide.mcu.externaltools.gnu-tools-for-stm32.7-2018-q2-update.win32_1.0.0.201904181610/tools/bin/../lib/gcc/arm-none-eabi/7.3.1/thumb/v7e-m/fpv4-sp/hard/crtbegin.o
 *(.init)
 .init          0x0000000008b4d248        0x4 c:/mydownloads/stm32cubeide_1.0.2/stm32cubeide/plugins/com.st.stm32cube.ide.mcu.externaltools.gnu-tools-for-stm32.7-2018-q2-update.win32_1.0.0.201904181610/tools/bin/../lib/gcc/arm-none-eabi/7.3.1/thumb/v7e-m/fpv4-sp/hard/crti.o
                0x0000000008b4d248                _init
 .init          0x0000000008b4d24c        0x8 c:/mydownloads/stm32cubeide_1.0.2/stm32cubeide/plugins/com.st.stm32cube.ide.mcu.externaltools.gnu-tools-for-stm32.7-2018-q2-update.win32_1.0.0.201904181610/tools/bin/../lib/gcc/arm-none-eabi/7.3.1/thumb/v7e-m/fpv4-sp/hard/crtn.o
 *(.fini)
 .fini          0x0000000008b4d254        0x4 c:/mydownloads/stm32cubeide_1.0.2/stm32cubeide/plugins/com.st.stm32cube.ide.mcu.externaltools.gnu-tools-for-stm32.7-2018-q2-update.win32_1.0.0.201904181610/tools/bin/../lib/gcc/arm-none-eabi/7.3.1/thumb/v7e-m/fpv4-sp/hard/crti.o
                0x0000000008b4d254                _fini
 .fini          0x0000000008b4d258        0x8 c:/mydownloads/stm32cubeide_1.0.2/stm32cubeide/plugins/com.st.stm32cube.ide.mcu.externaltools.gnu-tools-for-stm32.7-2018-q2-update.win32_1.0.0.201904181610/tools/bin/../lib/gcc/arm-none-eabi/7.3.1/thumb/v7e-m/fpv4-sp/hard/crtn.o
                0x0000000008b4d260                . = ALIGN (0x4)
                0x0000000008b4d260                _etext = .

.vfp11_veneer   0x0000000008b4d260        0x0
 .vfp11_veneer  0x0000000008b4d260        0x0 linker stubs

.v4_bx          0x0000000008b4d260        0x0
 .v4_bx         0x0000000008b4d260        0x0 linker stubs

.iplt           0x0000000008b4d260        0x0
 .iplt          0x0000000008b4d260        0x0 c:/mydownloads/stm32cubeide_1.0.2/stm32cubeide/plugins/com.st.stm32cube.ide.mcu.externaltools.gnu-tools-for-stm32.7-2018-q2-update.win32_1.0.0.201904181610/tools/bin/../lib/gcc/arm-none-eabi/7.3.1/thumb/v7e-m/fpv4-sp/hard/crtbegin.o

.rodata         0x0000000008b4d260      0x28c
                0x0000000008b4d260                . = ALIGN (0x4)
 *(.rodata)
 .rodata        0x0000000008b4d260       0x1a Src/ff.o
 *fill*         0x0000000008b4d27a        0x2 
 .rodata        0x0000000008b4d27c       0x70 Src/gra.o
 .rodata        0x0000000008b4d2ec       0x23 Src/lis3dsh.o
 *fill*         0x0000000008b4d30f        0x1 
 .rodata        0x0000000008b4d310        0xc c:/mydownloads/stm32cubeide_1.0.2/stm32cubeide/plugins/com.st.stm32cube.ide.mcu.externaltools.gnu-tools-for-stm32.7-2018-q2-update.win32_1.0.0.201904181610/tools/bin/../lib/gcc/arm-none-eabi/7.3.1/../../../../arm-none-eabi/lib/thumb/v7e-m/fpv4-sp/hard\libc_nano.a(lib_a-nano-vfscanf_i.o)
 *(.rodata*)
 .rodata.AHBPrescTable
                0x0000000008b4d31c       0x10 Src/system_stm32f4xx.o
                0x0000000008b4d31c                AHBPrescTable
 .rodata._global_impure_ptr
                0x0000000008b4d32c        0x4 c:/mydownloads/stm32cubeide_1.0.2/stm32cubeide/plugins/com.st.stm32cube.ide.mcu.externaltools.gnu-tools-for-stm32.7-2018-q2-update.win32_1.0.0.201904181610/tools/bin/../lib/gcc/arm-none-eabi/7.3.1/../../../../arm-none-eabi/lib/thumb/v7e-m/fpv4-sp/hard\libc_nano.a(lib_a-impure.o)
                0x0000000008b4d32c                _global_impure_ptr
 .rodata.__sf_fake_stderr
                0x0000000008b4d330       0x20 c:/mydownloads/stm32cubeide_1.0.2/stm32cubeide/plugins/com.st.stm32cube.ide.mcu.externaltools.gnu-tools-for-stm32.7-2018-q2-update.win32_1.0.0.201904181610/tools/bin/../lib/gcc/arm-none-eabi/7.3.1/../../../../arm-none-eabi/lib/thumb/v7e-m/fpv4-sp/hard\libc_nano.a(lib_a-findfp.o)
                0x0000000008b4d330                __sf_fake_stderr
 .rodata.__sf_fake_stdin
                0x0000000008b4d350       0x20 c:/mydownloads/stm32cubeide_1.0.2/stm32cubeide/plugins/com.st.stm32cube.ide.mcu.externaltools.gnu-tools-for-stm32.7-2018-q2-update.win32_1.0.0.201904181610/tools/bin/../lib/gcc/arm-none-eabi/7.3.1/../../../../arm-none-eabi/lib/thumb/v7e-m/fpv4-sp/hard\libc_nano.a(lib_a-findfp.o)
                0x0000000008b4d350                __sf_fake_stdin
 .rodata.__sf_fake_stdout
                0x0000000008b4d370       0x20 c:/mydownloads/stm32cubeide_1.0.2/stm32cubeide/plugins/com.st.stm32cube.ide.mcu.externaltools.gnu-tools-for-stm32.7-2018-q2-update.win32_1.0.0.201904181610/tools/bin/../lib/gcc/arm-none-eabi/7.3.1/../../../../arm-none-eabi/lib/thumb/v7e-m/fpv4-sp/hard\libc_nano.a(lib_a-findfp.o)
                0x0000000008b4d370                __sf_fake_stdout
 .rodata._svfprintf_r.str1.1
                0x0000000008b4d390       0x11 c:/mydownloads/stm32cubeide_1.0.2/stm32cubeide/plugins/com.st.stm32cube.ide.mcu.externaltools.gnu-tools-for-stm32.7-2018-q2-update.win32_1.0.0.201904181610/tools/bin/../lib/gcc/arm-none-eabi/7.3.1/../../../../arm-none-eabi/lib/thumb/v7e-m/fpv4-sp/hard\libc_nano.a(lib_a-nano-svfprintf.o)
 .rodata.__ssvfscanf_r.str1.1
                0x0000000008b4d3a1        0x4 c:/mydownloads/stm32cubeide_1.0.2/stm32cubeide/plugins/com.st.stm32cube.ide.mcu.externaltools.gnu-tools-for-stm32.7-2018-q2-update.win32_1.0.0.201904181610/tools/bin/../lib/gcc/arm-none-eabi/7.3.1/../../../../arm-none-eabi/lib/thumb/v7e-m/fpv4-sp/hard\libc_nano.a(lib_a-nano-svfscanf.o)
 .rodata._printf_i.str1.1
                0x0000000008b4d3a1       0x22 c:/mydownloads/stm32cubeide_1.0.2/stm32cubeide/plugins/com.st.stm32cube.ide.mcu.externaltools.gnu-tools-for-stm32.7-2018-q2-update.win32_1.0.0.201904181610/tools/bin/../lib/gcc/arm-none-eabi/7.3.1/../../../../arm-none-eabi/lib/thumb/v7e-m/fpv4-sp/hard\libc_nano.a(lib_a-nano-vfprintf_i.o)
 .rodata._scanf_i.str1.1
                0x0000000008b4d3c3       0x12 c:/mydownloads/stm32cubeide_1.0.2/stm32cubeide/plugins/com.st.stm32cube.ide.mcu.externaltools.gnu-tools-for-stm32.7-2018-q2-update.win32_1.0.0.201904181610/tools/bin/../lib/gcc/arm-none-eabi/7.3.1/../../../../arm-none-eabi/lib/thumb/v7e-m/fpv4-sp/hard\libc_nano.a(lib_a-nano-vfscanf_i.o)
 .rodata.str1.1
                0x0000000008b4d3d5        0x9 c:/mydownloads/stm32cubeide_1.0.2/stm32cubeide/plugins/com.st.stm32cube.ide.mcu.externaltools.gnu-tools-for-stm32.7-2018-q2-update.win32_1.0.0.201904181610/tools/bin/../lib/gcc/arm-none-eabi/7.3.1/../../../../arm-none-eabi/lib/thumb/v7e-m/fpv4-sp/hard\libc_nano.a(lib_a-nano-vfscanf_i.o)
 .rodata._setlocale_r.str1.1