gra.c:7:6:DrawBox	24	static
gra.c:20:6:FillInside	32	static
gra.c:36:6:DrawMenu	24	static
gra.c:60:6:ChangeTargetMenu	24	static
gra.c:82:6:DrawRanking	24	static
gra.c:102:6:ChangeTargetRanking	24	static
gra.c:117:6:UseRanking	16	static
gra.c:154:6:Sound	16	static
gra.c:183:6:createHitbox_Y	32	static
gra.c:223:6:createHitbox_X	32	static
gra.c:266:7:collision	32	static
gra.c:281:6:positionUpdate	40	static
gra.c:306:6:speedUpdate	16	static
gra.c:319:6:SetSnowman	136	static
gra.c:573:6:SetRock	104	static
gra.c:896:6:SetBowman	16	static
gra.c:1481:6:SetTree	16	static
gra.c:1883:6:SetSkierFront	16	static
gra.c:2490:6:SetSkierLeft	16	static
gra.c:2951:6:SetSkierRight	16	static
gra.c:3412:6:SetHeartRed	16	static
gra.c:3710:6:SetHeartGray	16	static
gra.c:4008:6:UpdateHP	16	static
gra.c:4036:6:SetUI	24	static
gra.c:4047:6:UpdateSpeedValue	40	static
gra.c:4054:6:PrintInfo	24	static
gra.c:4067:6:PressStartButton	8	static
gra.c:4076:6:PressPauseButton	8	static
gra.c:4084:6:UpdateArrow	16	static
gra.c:4148:6:UpdateMiniMap	32	static
gra.c:4210:6:StartGame	32	static
gra.c:4228:6:UseMenu	16	static
gra.c:4266:6:DrawSkier	24	static
