gra.c:75051:6:StartExitScreen	8	static
gra.c:75058:6:GameOver	8	static
gra.c:75071:6:RunGame	5848	static
gra.c:75339:6:Animation	8	static
gra.c:75574:6:AddRecord	112	static
gra.c:75751:6:DrawRanking	16	static
gra.c:75763:6:DrawMenu	24	static
gra.c:75790:6:DrawBox	32	static
gra.c:75802:6:FillInside	40	static
gra.c:75819:6:Sound	16	static
gra.c:75853:6:UseMenu	16	static
gra.c:75894:6:ChangeTargetMenu	24	static
gra.c:75918:7:SortRanking	400	static
gra.c:76003:6:SetRanking	192	static
gra.c:76018:6:WriteToRanking	24	static
gra.c:76027:6:NewRecordInRanking	80	static
gra.c:76097:7:ReadFromRanking	16	static
gra.c:76108:6:UseRanking	8	static
gra.c:76122:6:ShowRankingOnBoard	1136	static
gra.c:76208:6:SetUI	32	static
gra.c:76217:6:PositionUpdate	24	static
gra.c:76234:6:UpdateArrow	16	static
gra.c:76299:6:UpdateMiniMap	32	static
gra.c:76362:6:PressStartButton	8	static
gra.c:76375:6:PressPauseButton	8	static
gra.c:76385:6:SetSnowman	136	static
gra.c:76638:6:SetRock	104	static
gra.c:76960:6:SetBowman	16	static
gra.c:77544:6:SetTree	16	static
gra.c:77945:6:DrawSkier	24	static
gra.c:77961:6:SetSkierFront	16	static
gra.c:78567:6:SetSkierLeft	16	static
gra.c:79027:6:SetSkierRight	16	static
gra.c:79487:6:SetHeartRed	16	static
gra.c:79784:6:SetHeartGray	16	static
gra.c:80081:6:UpdateHP	24	static
gra.c:80111:5:SpeedUpdate	16	static
gra.c:80124:6:CreateSquareHitboxY	32	static
gra.c:80163:6:CreateSquareHitboxX	32	static
gra.c:80206:6:CreateRectangleHitboxY	48	static
gra.c:80246:6:CreateRectangleHitboxX	48	static
gra.c:80290:5:Collision	40	static
gra.c:80304:6:PressContinueButton	8	static
gra.c:80316:6:DrawRankingText2	16	static
gra.c:81668:6:DrawBack	16	static
gra.c:81883:6:PrintInfo	24	static
gra.c:81899:6:DrawTextPressToStart	16	static
gra.c:82398:6:DrawTextPressToPause	16	static
gra.c:82916:6:DrawStartText	16	static
gra.c:83686:6:DrawRankingText	16	static
gra.c:85065:6:DrawExitText	16	static
gra.c:86069:6:DrawWinterRacerText	16	static
gra.c:87880:6:DrawWinterRacerLogo	16	static
gra.c:96606:6:DrawGameOver	16	static
gra.c:101165:6:DrawTextPressToContinue	16	static
gra.c:102011:5:BorderCollision	40	static
gra.c:102025:5:MetaCollision	40	static
gra.c:102039:6:DrawAddingPage	16	static
gra.c:110587:6:DrawCharSquare	24	static
gra.c:110991:6:DrawCurrentCharSquare	16	static
gra.c:111395:6:DrawLeftArrow	24	static
gra.c:111445:6:DrawRightArrow	24	static
gra.c:111495:6:SetChar20	24	static
gra.c:111626:6:DrawKmph	16	static
gra.c:111816:6:SetChar12	24	static
gra.c:111853:6:UpdateSpeedValue	40	static
gra.c:111873:6:DrawMeta	24	static
gra.c:111879:6:SetObstacle	24	static
gra.c:111898:6:SavedInfo	24	static
gra.c:112431:6:FailInfo	24	static
gra.c:112739:6:SetChar10	24	static
gra.c:112875:6:RankingFailInfo	16	static
gra.c:114257:6:ch20xA	16	static
gra.c:114425:6:ch20xB	16	static
gra.c:114651:6:ch20xC	16	static
gra.c:114784:6:ch20xD	16	static
gra.c:114993:6:ch20xE	16	static
gra.c:115181:6:ch20xF	16	static
gra.c:115353:6:ch20xG	16	static
gra.c:115528:6:ch20xH	16	static
gra.c:115748:6:ch20xI	16	static
gra.c:115872:6:ch20xJ	16	static
gra.c:115986:6:ch20xK	16	static
gra.c:116162:6:ch20xL	16	static
gra.c:116294:6:ch20xM	16	static
gra.c:116546:6:ch20xN	16	static
gra.c:116794:6:ch20xO	16	static
gra.c:116994:6:ch20xP	16	static
gra.c:117145:6:ch20xQ	16	static
gra.c:117348:6:ch20xR	16	static
gra.c:117530:6:ch20xS	16	static
gra.c:117679:6:ch20xT	16	static
gra.c:117819:6:ch20xU	16	static
gra.c:118023:6:ch20xV	16	static
gra.c:118185:6:ch20xW	16	static
gra.c:118433:6:ch20xX	16	static
gra.c:118603:6:ch20xY	16	static
gra.c:118737:6:ch20xZ	16	static
gra.c:118909:6:ch20x0	16	static
gra.c:119109:6:ch20x1	16	static
gra.c:119225:6:ch20x2	16	static
gra.c:119377:6:ch20x3	16	static
gra.c:119528:6:ch20x4	16	static
gra.c:119675:6:ch20x5	16	static
gra.c:119836:6:ch20x6	16	static
gra.c:119998:6:ch20x7	16	static
gra.c:120114:6:ch20x8	16	static
gra.c:120290:6:ch20x9	16	static
gra.c:120458:6:ch20xOK	16	static
gra.c:120700:6:ch20xBCK	16	static
gra.c:120778:6:ch12x0	16	static
gra.c:120846:6:ch12x1	16	static
gra.c:120900:6:ch12x2	16	static
gra.c:120967:6:ch12x3	16	static
gra.c:121021:6:ch12x4	16	static
gra.c:121085:6:ch12x5	16	static
gra.c:121140:6:ch12x6	16	static
gra.c:121203:6:ch12x7	16	static
gra.c:121245:6:ch12x8	16	static
gra.c:121309:6:ch12x9	16	static
gra.c:121374:6:ch10x0	16	static
gra.c:121418:6:ch10x1	16	static
gra.c:121446:6:ch10x2	16	static
gra.c:121486:6:ch10x3	16	static
gra.c:121527:6:ch10x4	16	static
gra.c:121566:6:ch10x5	16	static
gra.c:121616:6:ch10x6	16	static
gra.c:121659:6:ch10x7	16	static
gra.c:121691:6:ch10x8	16	static
gra.c:121731:6:ch10x9	16	static
gra.c:121780:6:ch10xA	16	static
gra.c:121826:6:ch10xB	16	static
gra.c:121884:6:ch10xC	16	static
gra.c:121922:6:ch10xD	16	static
gra.c:121974:6:ch10xE	16	static
gra.c:122026:6:ch10xF	16	static
gra.c:122076:6:ch10xG	16	static
gra.c:122126:6:ch10xH	16	static
gra.c:122176:6:ch10xI	16	static
gra.c:122200:6:ch10xJ	16	static
gra.c:122232:6:ch10xK	16	static
gra.c:122281:6:ch10xL	16	static
gra.c:122323:6:ch10xM	16	static
gra.c:122390:6:ch10xN	16	static
gra.c:122447:6:ch10xO	16	static
gra.c:122499:6:ch10xP	16	static
gra.c:122543:6:ch10xQ	16	static
gra.c:122599:6:ch10xR	16	static
gra.c:122652:6:ch10xS	16	static
gra.c:122695:6:ch10xT	16	static
gra.c:122737:6:ch10xU	16	static
gra.c:122801:6:ch10xV	16	static
gra.c:122842:6:ch10xW	16	static
gra.c:122886:6:ch10xX	16	static
gra.c:122930:6:ch10xY	16	static
gra.c:122968:6:ch10xZ	16	static
