ili9325.c:247:6:ili9325_Init	8	static
ili9325.c:316:6:ili9325_DisplayOn	8	static
ili9325.c:350:6:ili9325_DisplayOff	8	static
ili9325.c:376:10:ili9325_GetLcdPixelWidth	4	static
ili9325.c:391:10:ili9325_GetLcdPixelHeight	4	static
ili9325.c:406:10:ili9325_ReadID	16	static
ili9325.c:429:6:ili9325_SetCursor	16	static
ili9325.c:444:6:ili9325_WritePixel	16	static
ili9325.c:458:10:ili9325_ReadPixel	24	static
ili9325.c:478:6:ili9325_SetDisplayWindow	24	static
ili9325.c:506:6:ili9325_DrawHLine	24	static
ili9325.c:523:6:ili9325_DrawVLine	24	static
ili9325.c:543:6:ili9325_FillRect	24	static
ili9325.c:565:6:ili9325_DrawBitmap	24	static
ili9325.c:603:6:ili9325_DrawRGBImage	24	static
ili9325.c:628:6:ili9325_ReadRGBImage	32	static
