lcd_io_gpio8.c:262:6:LCD_IO_Delay	16	static
lcd_io_gpio8.c:269:6:LCD_Delay	16	static
lcd_io_gpio8.c:275:6:LCD_IO_Bl_OnOff	16	static
lcd_io_gpio8.c:287:6:LCD_IO_Init	8	static
lcd_io_gpio8.c:338:6:LCD_IO_WriteCmd8	16	static
lcd_io_gpio8.c:346:6:LCD_IO_WriteCmd16	16	static
lcd_io_gpio8.c:354:6:LCD_IO_WriteData8	16	static
lcd_io_gpio8.c:362:6:LCD_IO_WriteData16	16	static
lcd_io_gpio8.c:370:6:LCD_IO_WriteCmd8DataFill16	16	static
lcd_io_gpio8.c:382:6:LCD_IO_WriteCmd8MultipleData8	24	static
lcd_io_gpio8.c:396:6:LCD_IO_WriteCmd8MultipleData16	24	static
lcd_io_gpio8.c:409:6:LCD_IO_WriteCmd16DataFill16	16	static
lcd_io_gpio8.c:421:6:LCD_IO_WriteCmd16MultipleData8	24	static
lcd_io_gpio8.c:434:6:LCD_IO_WriteCmd16MultipleData16	24	static
lcd_io_gpio8.c:447:6:LCD_IO_ReadCmd8MultipleData8	32	static
lcd_io_gpio8.c:466:6:LCD_IO_ReadCmd8MultipleData16	32	static
lcd_io_gpio8.c:486:6:LCD_IO_ReadCmd8MultipleData24to16	32	static
lcd_io_gpio8.c:512:6:LCD_IO_ReadCmd16MultipleData8	32	static
lcd_io_gpio8.c:531:6:LCD_IO_ReadCmd16MultipleData16	32	static
lcd_io_gpio8.c:550:6:LCD_IO_ReadCmd16MultipleData24to16	32	static
