lcd_io_fsmc16.c:406:6:LCD_Delay	16	static
lcd_io_fsmc16.c:412:6:LCD_IO_Bl_OnOff	16	static
lcd_io_fsmc16.c:423:6:LCD_IO_Init	8	static
lcd_io_fsmc16.c:463:6:LCD_IO_WriteCmd8	16	static
lcd_io_fsmc16.c:469:6:LCD_IO_WriteCmd16	16	static
lcd_io_fsmc16.c:475:6:LCD_IO_WriteData8	16	static
lcd_io_fsmc16.c:481:6:LCD_IO_WriteData16	16	static
lcd_io_fsmc16.c:487:6:LCD_IO_WriteCmd8DataFill16	16	static
lcd_io_fsmc16.c:501:6:LCD_IO_WriteCmd8MultipleData8	24	static
lcd_io_fsmc16.c:518:6:LCD_IO_WriteCmd8MultipleData16	24	static
lcd_io_fsmc16.c:535:6:LCD_IO_WriteCmd16DataFill16	16	static
lcd_io_fsmc16.c:549:6:LCD_IO_WriteCmd16MultipleData8	24	static
lcd_io_fsmc16.c:566:6:LCD_IO_WriteCmd16MultipleData16	24	static
lcd_io_fsmc16.c:583:6:LCD_IO_ReadCmd8MultipleData8	32	static
lcd_io_fsmc16.c:608:6:LCD_IO_ReadCmd8MultipleData16	32	static
lcd_io_fsmc16.c:636:6:LCD_IO_ReadCmd8MultipleData24to16	32	static
lcd_io_fsmc16.c:682:6:LCD_IO_ReadCmd16MultipleData8	32	static
lcd_io_fsmc16.c:707:6:LCD_IO_ReadCmd16MultipleData16	32	static
lcd_io_fsmc16.c:733:6:LCD_IO_ReadCmd16MultipleData24to16	32	static
