lcd_io_fsmc8.c:412:6:LCD_Delay	16	static
lcd_io_fsmc8.c:418:6:LCD_IO_Bl_OnOff	16	static
lcd_io_fsmc8.c:429:6:LCD_IO_Init	8	static
lcd_io_fsmc8.c:468:6:LCD_IO_WriteCmd8	16	static
lcd_io_fsmc8.c:474:6:LCD_IO_WriteCmd16	24	static
lcd_io_fsmc8.c:480:6:LCD_IO_WriteData8	16	static
lcd_io_fsmc8.c:486:6:LCD_IO_WriteData16	24	static
lcd_io_fsmc8.c:492:6:LCD_IO_WriteCmd8DataFill16	24	static
lcd_io_fsmc8.c:507:6:LCD_IO_WriteCmd8MultipleData8	24	static
lcd_io_fsmc8.c:524:6:LCD_IO_WriteCmd8MultipleData16	32	static
lcd_io_fsmc8.c:541:6:LCD_IO_WriteCmd16DataFill16	24	static
lcd_io_fsmc8.c:556:6:LCD_IO_WriteCmd16MultipleData8	32	static
lcd_io_fsmc8.c:573:6:LCD_IO_WriteCmd16MultipleData16	32	static
lcd_io_fsmc8.c:590:6:LCD_IO_ReadCmd8MultipleData8	32	static
lcd_io_fsmc8.c:619:6:LCD_IO_ReadCmd8MultipleData16	32	static
lcd_io_fsmc8.c:651:6:LCD_IO_ReadCmd8MultipleData24to16	32	static
lcd_io_fsmc8.c:684:6:LCD_IO_ReadCmd16MultipleData8	32	static
lcd_io_fsmc8.c:713:6:LCD_IO_ReadCmd16MultipleData16	32	static
lcd_io_fsmc8.c:743:6:LCD_IO_ReadCmd16MultipleData24to16	32	static
