stm32_adafruit_lcd.c:120:9:BSP_LCD_Init	16	static
stm32_adafruit_lcd.c:147:10:BSP_LCD_GetXSize	8	static
stm32_adafruit_lcd.c:157:10:BSP_LCD_GetYSize	8	static
stm32_adafruit_lcd.c:167:10:BSP_LCD_GetTextColor	4	static
stm32_adafruit_lcd.c:177:10:BSP_LCD_GetBackColor	4	static
stm32_adafruit_lcd.c:187:6:BSP_LCD_SetTextColor	16	static
stm32_adafruit_lcd.c:197:6:BSP_LCD_SetBackColor	16	static
stm32_adafruit_lcd.c:207:6:BSP_LCD_SetFont	16	static
stm32_adafruit_lcd.c:217:8:BSP_LCD_GetFont	4	static
stm32_adafruit_lcd.c:227:6:BSP_LCD_Clear	32	static
stm32_adafruit_lcd.c:255:6:BSP_LCD_ClearStringLine	32	static
stm32_adafruit_lcd.c:275:6:BSP_LCD_DisplayChar	16	static
stm32_adafruit_lcd.c:293:6:BSP_LCD_DisplayStringAt	48	static
stm32_adafruit_lcd.c:354:6:BSP_LCD_DisplayStringAtLine	16	static
stm32_adafruit_lcd.c:366:6:BSP_LCD_DrawPixel	16	static
stm32_adafruit_lcd.c:381:6:BSP_LCD_DrawHLine	32	static
stm32_adafruit_lcd.c:405:6:BSP_LCD_DrawVLine	32	static
stm32_adafruit_lcd.c:430:6:BSP_LCD_DrawLine	56	static
stm32_adafruit_lcd.c:505:6:BSP_LCD_DrawRect	24	static
stm32_adafruit_lcd.c:523:6:BSP_LCD_DrawCircle	32	static
stm32_adafruit_lcd.c:563:6:BSP_LCD_DrawPolygon	32	static
stm32_adafruit_lcd.c:591:6:BSP_LCD_DrawEllipse	56	static
stm32_adafruit_lcd.c:624:6:BSP_LCD_DrawBitmap	32	static
stm32_adafruit_lcd.c:652:6:BSP_LCD_FillRect	32	static
stm32_adafruit_lcd.c:673:6:BSP_LCD_FillCircle	32	static
stm32_adafruit_lcd.c:720:6:BSP_LCD_FillPolygon	64	static
stm32_adafruit_lcd.c:788:6:BSP_LCD_FillEllipse	56	static
stm32_adafruit_lcd.c:819:6:BSP_LCD_DisplayOn	8	static
stm32_adafruit_lcd.c:829:6:BSP_LCD_DisplayOff	8	static
stm32_adafruit_lcd.c:845:13:DrawChar	48	static
stm32_adafruit_lcd.c:917:6:BSP_LCD_FillTriangle	72	static
stm32_adafruit_lcd.c:1006:13:SetDisplayWindow	24	static
stm32_adafruit_lcd.c:1015:10:BSP_LCD_ReadID	8	static
stm32_adafruit_lcd.c:1023:10:BSP_LCD_ReadPixel	16	static
stm32_adafruit_lcd.c:1031:6:BSP_LCD_DrawRGB16Image	32	static
stm32_adafruit_lcd.c:1036:6:BSP_LCD_ReadRGB16Image	32	static
