gra.c:13:6:StartExitScreen	8	static
gra.c:20:6:GameOver	8	static
gra.c:34:6:CreateRectangleHitboxY	48	static
gra.c:74:6:CreateRectangleHitboxX	48	static
gra.c:118:5:ChooseMap	24	static
gra.c:267:6:ReadMap	56	static
gra.c:321:6:RunGame	5744	static
gra.c:583:6:Boot	16	static
gra.c:594:6:Animation	8	static
gra.c:1097:6:DrawSadFace	408	static
gra.c:1295:6:DrawLine	16	static
gra.c:1401:6:DrawDragon	16	static
gra.c:3279:6:DrawCauldron	472	static
gra.c:3527:6:DrawAniSkier	16	static
gra.c:4016:6:DrawQueen	16	static
gra.c:4548:6:AddRecord	120	static
gra.c:4747:6:DrawRanking	16	static
gra.c:4759:6:DrawMenu	24	static
gra.c:4783:6:DrawBox	40	static
gra.c:4816:6:UseMenu	24	static
gra.c:4859:6:ChangeTargetMenu	24	static
gra.c:4881:7:SortRanking	400	static
gra.c:4966:6:SetRanking	192	static
gra.c:4981:6:WriteToRanking	24	static
gra.c:4990:6:NewRecordInRanking	80	static
gra.c:5063:7:ReadFromRanking	8	static
gra.c:5074:6:UseRanking	16	static
gra.c:5091:6:ShowRankingOnBoard	416	static
gra.c:5174:6:SetUI	24	static
gra.c:5183:6:PositionUpdate	32	static
gra.c:5200:6:UpdateArrow	24	static
gra.c:5255:6:UpdateMiniMap	32	static
gra.c:5834:6:PressStartButton	8	static
gra.c:5847:6:PressPauseButton	8	static
gra.c:5858:6:SetSnowman	136	static
gra.c:6111:6:SetRock	104	static
gra.c:6433:6:SetBowman	16	static
gra.c:6988:6:SetTree	16	static
gra.c:7389:6:DrawSkier	24	static
gra.c:7405:6:SetSkierFront	16	static
gra.c:7968:6:SetSkierLeft	16	static
gra.c:8428:6:SetSkierRight	16	static
gra.c:8888:6:SetHeartRed	16	static
gra.c:9166:6:SetHeartGray	16	static
gra.c:9444:6:UpdateHP	24	static
gra.c:9472:5:SpeedUpdate	16	static
gra.c:9485:6:CreateSquareHitboxY	32	static
gra.c:9524:6:CreateSquareHitboxX	32	static
gra.c:9567:5:Collision	48	static
gra.c:9587:6:PressContinueButton	8	static
gra.c:9599:6:DrawRankingText2	952	static
gra.c:10069:6:DrawBack	16	static
gra.c:10284:6:PrintInfo	24	static
gra.c:10299:6:DrawTextPressToStart	696	static
gra.c:10644:6:DrawTextPressToPause	712	static
gra.c:11000:6:DrawStartText	520	static
gra.c:11260:6:DrawRankingText	920	static
gra.c:11724:6:DrawExitText	776	static
gra.c:12118:6:DrawWinterRacerText	1328	static
gra.c:12781:6:DrawWinterRacerLogo	6928	static
gra.c:16353:6:DrawGameOver	1160	static
gra.c:19266:6:DrawTextPressToContinue	1072	static
gra.c:19800:5:BorderCollision	48	static
gra.c:19818:5:MetaCollision	48	static
gra.c:19836:6:DrawAddingPage	1488	static
gra.c:24235:6:DrawLeftArrow	24	static
gra.c:24285:6:DrawRightArrow	24	static
gra.c:24335:6:SetChar20	24	static
gra.c:24467:6:DrawKmph	16	static
gra.c:24657:6:SetChar12	24	static
gra.c:24694:6:UpdateSpeedValue	40	static
gra.c:24717:6:SetObstacle	24	static
gra.c:24736:6:SavedInfo	24	static
gra.c:25269:6:FailInfo	24	static
gra.c:25577:6:SetChar10	24	static
gra.c:25713:6:RankingFailInfo	16	static
gra.c:27092:6:ch20xA	16	static
gra.c:27260:6:ch20xB	16	static
gra.c:27486:6:ch20xC	16	static
gra.c:27619:6:ch20xD	16	static
gra.c:27828:6:ch20xE	16	static
gra.c:28016:6:ch20xF	16	static
gra.c:28188:6:ch20xG	16	static
gra.c:28363:6:ch20xH	16	static
gra.c:28583:6:ch20xI	16	static
gra.c:28707:6:ch20xJ	16	static
gra.c:28821:6:ch20xK	16	static
gra.c:28997:6:ch20xL	16	static
gra.c:29129:6:ch20xM	16	static
gra.c:29381:6:ch20xN	16	static
gra.c:29629:6:ch20xO	16	static
gra.c:29829:6:ch20xP	16	static
gra.c:29980:6:ch20xQ	16	static
gra.c:30183:6:ch20xR	16	static
gra.c:30365:6:ch20xS	16	static
gra.c:30514:6:ch20xT	16	static
gra.c:30654:6:ch20xU	16	static
gra.c:30858:6:ch20xV	16	static
gra.c:31020:6:ch20xW	16	static
gra.c:31268:6:ch20xX	16	static
gra.c:31438:6:ch20xY	16	static
gra.c:31572:6:ch20xZ	16	static
gra.c:31744:6:ch20x0	16	static
gra.c:31944:6:ch20x1	16	static
gra.c:32060:6:ch20x2	16	static
gra.c:32212:6:ch20x3	16	static
gra.c:32363:6:ch20x4	16	static
gra.c:32510:6:ch20x5	16	static
gra.c:32671:6:ch20x6	16	static
gra.c:32833:6:ch20x7	16	static
gra.c:32949:6:ch20x8	16	static
gra.c:33125:6:ch20x9	16	static
gra.c:33293:6:ch20xOK	16	static
gra.c:33535:6:ch20xBCK	16	static
gra.c:33610:6:ch12x0	16	static
gra.c:33678:6:ch12x1	16	static
gra.c:33732:6:ch12x2	16	static
gra.c:33799:6:ch12x3	16	static
gra.c:33853:6:ch12x4	16	static
gra.c:33917:6:ch12x5	16	static
gra.c:33972:6:ch12x6	16	static
gra.c:34035:6:ch12x7	16	static
gra.c:34077:6:ch12x8	16	static
gra.c:34141:6:ch12x9	16	static
gra.c:34203:6:ch10x0	16	static
gra.c:34247:6:ch10x1	16	static
gra.c:34275:6:ch10x2	16	static
gra.c:34315:6:ch10x3	16	static
gra.c:34356:6:ch10x4	16	static
gra.c:34395:6:ch10x5	16	static
gra.c:34445:6:ch10x6	16	static
gra.c:34488:6:ch10x7	16	static
gra.c:34520:6:ch10x8	16	static
gra.c:34560:6:ch10x9	16	static
gra.c:34609:6:ch10xA	16	static
gra.c:34655:6:ch10xB	16	static
gra.c:34713:6:ch10xC	16	static
gra.c:34751:6:ch10xD	16	static
gra.c:34803:6:ch10xE	16	static
gra.c:34855:6:ch10xF	16	static
gra.c:34905:6:ch10xG	16	static
gra.c:34955:6:ch10xH	16	static
gra.c:35005:6:ch10xI	16	static
gra.c:35029:6:ch10xJ	16	static
gra.c:35061:6:ch10xK	16	static
gra.c:35110:6:ch10xL	16	static
gra.c:35152:6:ch10xM	16	static
gra.c:35219:6:ch10xN	16	static
gra.c:35276:6:ch10xO	16	static
gra.c:35328:6:ch10xP	16	static
gra.c:35372:6:ch10xQ	16	static
gra.c:35428:6:ch10xR	16	static
gra.c:35481:6:ch10xS	16	static
gra.c:35524:6:ch10xT	16	static
gra.c:35566:6:ch10xU	16	static
gra.c:35630:6:ch10xV	16	static
gra.c:35671:6:ch10xW	16	static
gra.c:35715:6:ch10xX	16	static
gra.c:35759:6:ch10xY	16	static
gra.c:35797:6:ch10xZ	16	static
