lcd_io_fsmc16.c:404:6:LCD_Delay	16	static
lcd_io_fsmc16.c:410:6:LCD_IO_Bl_OnOff	16	static
lcd_io_fsmc16.c:421:6:LCD_IO_Init	8	static
lcd_io_fsmc16.c:460:6:LCD_IO_WriteCmd8	16	static
lcd_io_fsmc16.c:466:6:LCD_IO_WriteCmd16	16	static
lcd_io_fsmc16.c:472:6:LCD_IO_WriteData8	16	static
lcd_io_fsmc16.c:478:6:LCD_IO_WriteData16	16	static
lcd_io_fsmc16.c:484:6:LCD_IO_WriteCmd8DataFill16	16	static
lcd_io_fsmc16.c:498:6:LCD_IO_WriteCmd8MultipleData8	24	static
lcd_io_fsmc16.c:515:6:LCD_IO_WriteCmd8MultipleData16	24	static
lcd_io_fsmc16.c:532:6:LCD_IO_WriteCmd16DataFill16	16	static
lcd_io_fsmc16.c:546:6:LCD_IO_WriteCmd16MultipleData8	24	static
lcd_io_fsmc16.c:563:6:LCD_IO_WriteCmd16MultipleData16	24	static
lcd_io_fsmc16.c:580:6:LCD_IO_ReadCmd8MultipleData8	32	static
lcd_io_fsmc16.c:609:6:LCD_IO_ReadCmd8MultipleData16	32	static
lcd_io_fsmc16.c:641:6:LCD_IO_ReadCmd8MultipleData24to16	32	static
lcd_io_fsmc16.c:691:6:LCD_IO_ReadCmd16MultipleData8	32	static
lcd_io_fsmc16.c:720:6:LCD_IO_ReadCmd16MultipleData16	32	static
lcd_io_fsmc16.c:750:6:LCD_IO_ReadCmd16MultipleData24to16	32	static
