Archive member included to satisfy reference by file (symbol)

h:/stm32cubeide_1.2.0/stm32cubeide/plugins/com.st.stm32cube.ide.mcu.externaltools.gnu-tools-for-stm32.7-2018-q2-update.win32_1.0.0.201904181610/tools/bin/../lib/gcc/arm-none-eabi/7.3.1/../../../../arm-none-eabi/lib/thumb/v7e-m/fpv4-sp/hard\libc_nano.a(lib_a-errno.o)
                              Core/Src/syscalls.o (__errno)
h:/stm32cubeide_1.2.0/stm32cubeide/plugins/com.st.stm32cube.ide.mcu.externaltools.gnu-tools-for-stm32.7-2018-q2-update.win32_1.0.0.201904181610/tools/bin/../lib/gcc/arm-none-eabi/7.3.1/../../../../arm-none-eabi/lib/thumb/v7e-m/fpv4-sp/hard\libc_nano.a(lib_a-exit.o)
                              h:/stm32cubeide_1.2.0/stm32cubeide/plugins/com.st.stm32cube.ide.mcu.externaltools.gnu-tools-for-stm32.7-2018-q2-update.win32_1.0.0.201904181610/tools/bin/../lib/gcc/arm-none-eabi/7.3.1/../../../../arm-none-eabi/lib/thumb/v7e-m/fpv4-sp/hard/crt0.o (exit)
h:/stm32cubeide_1.2.0/stm32cubeide/plugins/com.st.stm32cube.ide.mcu.externaltools.gnu-tools-for-stm32.7-2018-q2-update.win32_1.0.0.201904181610/tools/bin/../lib/gcc/arm-none-eabi/7.3.1/../../../../arm-none-eabi/lib/thumb/v7e-m/fpv4-sp/hard\libc_nano.a(lib_a-impure.o)
                              h:/stm32cubeide_1.2.0/stm32cubeide/plugins/com.st.stm32cube.ide.mcu.externaltools.gnu-tools-for-stm32.7-2018-q2-update.win32_1.0.0.201904181610/tools/bin/../lib/gcc/arm-none-eabi/7.3.1/../../../../arm-none-eabi/lib/thumb/v7e-m/fpv4-sp/hard\libc_nano.a(lib_a-exit.o) (_global_impure_ptr)
h:/stm32cubeide_1.2.0/stm32cubeide/plugins/com.st.stm32cube.ide.mcu.externaltools.gnu-tools-for-stm32.7-2018-q2-update.win32_1.0.0.201904181610/tools/bin/../lib/gcc/arm-none-eabi/7.3.1/../../../../arm-none-eabi/lib/thumb/v7e-m/fpv4-sp/hard\libc_nano.a(lib_a-init.o)
                              h:/stm32cubeide_1.2.0/stm32cubeide/plugins/com.st.stm32cube.ide.mcu.externaltools.gnu-tools-for-stm32.7-2018-q2-update.win32_1.0.0.201904181610/tools/bin/../lib/gcc/arm-none-eabi/7.3.1/../../../../arm-none-eabi/lib/thumb/v7e-m/fpv4-sp/hard/crt0.o (__libc_init_array)
h:/stm32cubeide_1.2.0/stm32cubeide/plugins/com.st.stm32cube.ide.mcu.externaltools.gnu-tools-for-stm32.7-2018-q2-update.win32_1.0.0.201904181610/tools/bin/../lib/gcc/arm-none-eabi/7.3.1/../../../../arm-none-eabi/lib/thumb/v7e-m/fpv4-sp/hard\libc_nano.a(lib_a-memset.o)
                              h:/stm32cubeide_1.2.0/stm32cubeide/plugins/com.st.stm32cube.ide.mcu.externaltools.gnu-tools-for-stm32.7-2018-q2-update.win32_1.0.0.201904181610/tools/bin/../lib/gcc/arm-none-eabi/7.3.1/../../../../arm-none-eabi/lib/thumb/v7e-m/fpv4-sp/hard/crt0.o (memset)
h:/stm32cubeide_1.2.0/stm32cubeide/plugins/com.st.stm32cube.ide.mcu.externaltools.gnu-tools-for-stm32.7-2018-q2-update.win32_1.0.0.201904181610/tools/bin/../lib/gcc/arm-none-eabi/7.3.1/thumb/v7e-m/fpv4-sp/hard\libgcc.a(_aeabi_uldivmod.o)
                              Drivers/STM32F4xx_HAL_Driver/Src/stm32f4xx_hal_rcc.o (__aeabi_uldivmod)
h:/stm32cubeide_1.2.0/stm32cubeide/plugins/com.st.stm32cube.ide.mcu.externaltools.gnu-tools-for-stm32.7-2018-q2-update.win32_1.0.0.201904181610/tools/bin/../lib/gcc/arm-none-eabi/7.3.1/thumb/v7e-m/fpv4-sp/hard\libgcc.a(_udivmoddi4.o)
                              h:/stm32cubeide_1.2.0/stm32cubeide/plugins/com.st.stm32cube.ide.mcu.externaltools.gnu-tools-for-stm32.7-2018-q2-update.win32_1.0.0.201904181610/tools/bin/../lib/gcc/arm-none-eabi/7.3.1/thumb/v7e-m/fpv4-sp/hard\libgcc.a(_aeabi_uldivmod.o) (__udivmoddi4)
h:/stm32cubeide_1.2.0/stm32cubeide/plugins/com.st.stm32cube.ide.mcu.externaltools.gnu-tools-for-stm32.7-2018-q2-update.win32_1.0.0.201904181610/tools/bin/../lib/gcc/arm-none-eabi/7.3.1/thumb/v7e-m/fpv4-sp/hard\libgcc.a(_dvmd_tls.o)
                              h:/stm32cubeide_1.2.0/stm32cubeide/plugins/com.st.stm32cube.ide.mcu.externaltools.gnu-tools-for-stm32.7-2018-q2-update.win32_1.0.0.201904181610/tools/bin/../lib/gcc/arm-none-eabi/7.3.1/thumb/v7e-m/fpv4-sp/hard\libgcc.a(_aeabi_uldivmod.o) (__aeabi_ldiv0)

Allocating common symbols
Common symbol       size              file

ts                  0x8               Core/Src/main.o
boxsize             0x2               Core/Src/main.o
uwTick              0x4               Drivers/STM32F4xx_HAL_Driver/Src/stm32f4xx_hal.o
pFlash              0x20              Drivers/STM32F4xx_HAL_Driver/Src/stm32f4xx_hal_flash.o
hsram1              0x50              Core/Src/main.o
tx                  0x2               Core/Inc/Lcd/ili9325.o
DrawProp            0xc               Core/Inc/Lcd/stm32_adafruit_lcd.o
oldcolor            0x2               Core/Src/main.o
ty                  0x2               Core/Inc/Lcd/ili9325.o
currentcolor        0x2               Core/Src/main.o

Discarded input sections

[...]
Memory Configuration

Name             Origin             Length             Attributes
CCMRAM           0x0000000010000000 0x0000000000010000 xrw
RAM              0x0000000020000000 0x0000000000020000 xrw
FLASH            0x0000000008000000 0x0000000000100000 xr
*default*        0x0000000000000000 0xffffffffffffffff

Linker script and memory map

LOAD h:/stm32cubeide_1.2.0/stm32cubeide/plugins/com.st.stm32cube.ide.mcu.externaltools.gnu-tools-for-stm32.7-2018-q2-update.win32_1.0.0.201904181610/tools/bin/../lib/gcc/arm-none-eabi/7.3.1/thumb/v7e-m/fpv4-sp/hard/crti.o
LOAD h:/stm32cubeide_1.2.0/stm32cubeide/plugins/com.st.stm32cube.ide.mcu.externaltools.gnu-tools-for-stm32.7-2018-q2-update.win32_1.0.0.201904181610/tools/bin/../lib/gcc/arm-none-eabi/7.3.1/thumb/v7e-m/fpv4-sp/hard/crtbegin.o
LOAD h:/stm32cubeide_1.2.0/stm32cubeide/plugins/com.st.stm32cube.ide.mcu.externaltools.gnu-tools-for-stm32.7-2018-q2-update.win32_1.0.0.201904181610/tools/bin/../lib/gcc/arm-none-eabi/7.3.1/../../../../arm-none-eabi/lib/thumb/v7e-m/fpv4-sp/hard/crt0.o
LOAD Core/Inc/Lcd/Fonts/font12.o
LOAD Core/Inc/Lcd/Fonts/font16.o
LOAD Core/Inc/Lcd/Fonts/font20.o
LOAD Core/Inc/Lcd/Fonts/font24.o
LOAD Core/Inc/Lcd/Fonts/font8.o
LOAD Core/Inc/Lcd/ili9325.o
LOAD Core/Inc/Lcd/lcd_io_fsmc16.o
LOAD Core/Inc/Lcd/stm32_adafruit_lcd.o
LOAD Core/Inc/Lcd/stm32_adafruit_ts.o
LOAD Core/Src/main.o
LOAD Core/Src/stm32f4xx_hal_msp.o
LOAD Core/Src/stm32f4xx_it.o
LOAD Core/Src/syscalls.o
LOAD Core/Src/sysmem.o
LOAD Core/Src/system_stm32f4xx.o
LOAD Core/Startup/startup_stm32f407vgtx.o
LOAD Drivers/STM32F4xx_HAL_Driver/Src/stm32f4xx_hal.o
LOAD Drivers/STM32F4xx_HAL_Driver/Src/stm32f4xx_hal_cortex.o
LOAD Drivers/STM32F4xx_HAL_Driver/Src/stm32f4xx_hal_dma.o
LOAD Drivers/STM32F4xx_HAL_Driver/Src/stm32f4xx_hal_dma_ex.o
LOAD Drivers/STM32F4xx_HAL_Driver/Src/stm32f4xx_hal_exti.o
LOAD Drivers/STM32F4xx_HAL_Driver/Src/stm32f4xx_hal_flash.o
LOAD Drivers/STM32F4xx_HAL_Driver/Src/stm32f4xx_hal_flash_ex.o
LOAD Drivers/STM32F4xx_HAL_Driver/Src/stm32f4xx_hal_flash_ramfunc.o
LOAD Drivers/STM32F4xx_HAL_Driver/Src/stm32f4xx_hal_gpio.o
LOAD Drivers/STM32F4xx_HAL_Driver/Src/stm32f4xx_hal_pwr.o
LOAD Drivers/STM32F4xx_HAL_Driver/Src/stm32f4xx_hal_pwr_ex.o
LOAD Drivers/STM32F4xx_HAL_Driver/Src/stm32f4xx_hal_rcc.o
LOAD Drivers/STM32F4xx_HAL_Driver/Src/stm32f4xx_hal_rcc_ex.o
LOAD Drivers/STM32F4xx_HAL_Driver/Src/stm32f4xx_hal_sram.o
LOAD Drivers/STM32F4xx_HAL_Driver/Src/stm32f4xx_hal_tim.o
LOAD Drivers/STM32F4xx_HAL_Driver/Src/stm32f4xx_hal_tim_ex.o
LOAD Drivers/STM32F4xx_HAL_Driver/Src/stm32f4xx_ll_fsmc.o
START GROUP
LOAD h:/stm32cubeide_1.2.0/stm32cubeide/plugins/com.st.stm32cube.ide.mcu.externaltools.gnu-tools-for-stm32.7-2018-q2-update.win32_1.0.0.201904181610/tools/bin/../lib/gcc/arm-none-eabi/7.3.1/../../../../arm-none-eabi/lib/thumb/v7e-m/fpv4-sp/hard\libc_nano.a
LOAD h:/stm32cubeide_1.2.0/stm32cubeide/plugins/com.st.stm32cube.ide.mcu.externaltools.gnu-tools-for-stm32.7-2018-q2-update.win32_1.0.0.201904181610/tools/bin/../lib/gcc/arm-none-eabi/7.3.1/../../../../arm-none-eabi/lib/thumb/v7e-m/fpv4-sp/hard\libm.a
END GROUP
START GROUP
LOAD h:/stm32cubeide_1.2.0/stm32cubeide/plugins/com.st.stm32cube.ide.mcu.externaltools.gnu-tools-for-stm32.7-2018-q2-update.win32_1.0.0.201904181610/tools/bin/../lib/gcc/arm-none-eabi/7.3.1/thumb/v7e-m/fpv4-sp/hard\libgcc.a
LOAD h:/stm32cubeide_1.2.0/stm32cubeide/plugins/com.st.stm32cube.ide.mcu.externaltools.gnu-tools-for-stm32.7-2018-q2-update.win32_1.0.0.201904181610/tools/bin/../lib/gcc/arm-none-eabi/7.3.1/../../../../arm-none-eabi/lib/thumb/v7e-m/fpv4-sp/hard\libc_nano.a
END GROUP
START GROUP
LOAD h:/stm32cubeide_1.2.0/stm32cubeide/plugins/com.st.stm32cube.ide.mcu.externaltools.gnu-tools-for-stm32.7-2018-q2-update.win32_1.0.0.201904181610/tools/bin/../lib/gcc/arm-none-eabi/7.3.1/thumb/v7e-m/fpv4-sp/hard\libgcc.a
LOAD h:/stm32cubeide_1.2.0/stm32cubeide/plugins/com.st.stm32cube.ide.mcu.externaltools.gnu-tools-for-stm32.7-2018-q2-update.win32_1.0.0.201904181610/tools/bin/../lib/gcc/arm-none-eabi/7.3.1/../../../../arm-none-eabi/lib/thumb/v7e-m/fpv4-sp/hard\libc_nano.a
LOAD h:/stm32cubeide_1.2.0/stm32cubeide/plugins/com.st.stm32cube.ide.mcu.externaltools.gnu-tools-for-stm32.7-2018-q2-update.win32_1.0.0.201904181610/tools/bin/../lib/gcc/arm-none-eabi/7.3.1/../../../../arm-none-eabi/lib/thumb/v7e-m/fpv4-sp/hard\libnosys.a
END GROUP
START GROUP
LOAD h:/stm32cubeide_1.2.0/stm32cubeide/plugins/com.st.stm32cube.ide.mcu.externaltools.gnu-tools-for-stm32.7-2018-q2-update.win32_1.0.0.201904181610/tools/bin/../lib/gcc/arm-none-eabi/7.3.1/thumb/v7e-m/fpv4-sp/hard\libgcc.a
LOAD h:/stm32cubeide_1.2.0/stm32cubeide/plugins/com.st.stm32cube.ide.mcu.externaltools.gnu-tools-for-stm32.7-2018-q2-update.win32_1.0.0.201904181610/tools/bin/../lib/gcc/arm-none-eabi/7.3.1/../../../../arm-none-eabi/lib/thumb/v7e-m/fpv4-sp/hard\libc_nano.a
LOAD h:/stm32cubeide_1.2.0/stm32cubeide/plugins/com.st.stm32cube.ide.mcu.externaltools.gnu-tools-for-stm32.7-2018-q2-update.win32_1.0.0.201904181610/tools/bin/../lib/gcc/arm-none-eabi/7.3.1/../../../../arm-none-eabi/lib/thumb/v7e-m/fpv4-sp/hard\libnosys.a
END GROUP
LOAD h:/stm32cubeide_1.2.0/stm32cubeide/plugins/com.st.stm32cube.ide.mcu.externaltools.gnu-tools-for-stm32.7-2018-q2-update.win32_1.0.0.201904181610/tools/bin/../lib/gcc/arm-none-eabi/7.3.1/thumb/v7e-m/fpv4-sp/hard/crtend.o
LOAD h:/stm32cubeide_1.2.0/stm32cubeide/plugins/com.st.stm32cube.ide.mcu.externaltools.gnu-tools-for-stm32.7-2018-q2-update.win32_1.0.0.201904181610/tools/bin/../lib/gcc/arm-none-eabi/7.3.1/thumb/v7e-m/fpv4-sp/hard/crtn.o
                0x0000000020020000                _estack = (ORIGIN (RAM) + LENGTH (RAM))
                0x0000000000000200                _Min_Heap_Size = 0x200
                0x0000000000000400                _Min_Stack_Size = 0x400

.isr_vector     0x0000000008000000      0x188
                0x0000000008000000                . = ALIGN (0x4)
 *(.isr_vector)
 .isr_vector    0x0000000008000000      0x188 Core/Startup/startup_stm32f407vgtx.o
                0x0000000008000000                g_pfnVectors
                0x0000000008000188                . = ALIGN (0x4)

.text           0x0000000008000188     0x2254
                0x0000000008000188                . = ALIGN (0x4)
 *(.text)
 .text          0x0000000008000188       0x40 h:/stm32cubeide_1.2.0/stm32cubeide/plugins/com.st.stm32cube.ide.mcu.externaltools.gnu-tools-for-stm32.7-2018-q2-update.win32_1.0.0.201904181610/tools/bin/../lib/gcc/arm-none-eabi/7.3.1/thumb/v7e-m/fpv4-sp/hard/crtbegin.o
 .text          0x00000000080001c8       0x30 h:/stm32cubeide_1.2.0/stm32cubeide/plugins/com.st.stm32cube.ide.mcu.externaltools.gnu-tools-for-stm32.7-2018-q2-update.win32_1.0.0.201904181610/tools/bin/../lib/gcc/arm-none-eabi/7.3.1/thumb/v7e-m/fpv4-sp/hard\libgcc.a(_aeabi_uldivmod.o)
                0x00000000080001c8                __aeabi_uldivmod
 .text          0x00000000080001f8      0x2cc h:/stm32cubeide_1.2.0/stm32cubeide/plugins/com.st.stm32cube.ide.mcu.externaltools.gnu-tools-for-stm32.7-2018-q2-update.win32_1.0.0.201904181610/tools/bin/../lib/gcc/arm-none-eabi/7.3.1/thumb/v7e-m/fpv4-sp/hard\libgcc.a(_udivmoddi4.o)
                0x00000000080001f8                __udivmoddi4
 .text          0x00000000080004c4        0x4 h:/stm32cubeide_1.2.0/stm32cubeide/plugins/com.st.stm32cube.ide.mcu.externaltools.gnu-tools-for-stm32.7-2018-q2-update.win32_1.0.0.201904181610/tools/bin/../lib/gcc/arm-none-eabi/7.3.1/thumb/v7e-m/fpv4-sp/hard\libgcc.a(_dvmd_tls.o)
                0x00000000080004c4                __aeabi_idiv0
                0x00000000080004c4                __aeabi_ldiv0
 *(.text*)
 .text.ili9325_Init
                0x00000000080004c8      0x220 Core/Inc/Lcd/ili9325.o
                0x00000000080004c8                ili9325_Init
 .text.ili9325_DisplayOn
                0x00000000080006e8       0x9e Core/Inc/Lcd/ili9325.o
                0x00000000080006e8                ili9325_DisplayOn
 .text.ili9325_DisplayOff
                0x0000000008000786       0x56 Core/Inc/Lcd/ili9325.o
                0x0000000008000786                ili9325_DisplayOff
 .text.ili9325_GetLcdPixelWidth
                0x00000000080007dc       0x10 Core/Inc/Lcd/ili9325.o
                0x00000000080007dc                ili9325_GetLcdPixelWidth
 .text.ili9325_GetLcdPixelHeight
                0x00000000080007ec       0x12 Core/Inc/Lcd/ili9325.o
                0x00000000080007ec                ili9325_GetLcdPixelHeight
 *fill*         0x00000000080007fe        0x2 
 .text.ili9325_ReadID
                0x0000000008000800       0x2c Core/Inc/Lcd/ili9325.o
                0x0000000008000800                ili9325_ReadID
 .text.ili9325_SetCursor
                0x000000000800082c       0x34 Core/Inc/Lcd/ili9325.o
                0x000000000800082c                ili9325_SetCursor
 .text.ili9325_WritePixel
                0x0000000008000860       0x44 Core/Inc/Lcd/ili9325.o
                0x0000000008000860                ili9325_WritePixel
 .text.ili9325_ReadPixel
                0x00000000080008a4       0x44 Core/Inc/Lcd/ili9325.o
                0x00000000080008a4                ili9325_ReadPixel
 .text.ili9325_SetDisplayWindow
                0x00000000080008e8       0x72 Core/Inc/Lcd/ili9325.o
                0x00000000080008e8                ili9325_SetDisplayWindow
 .text.ili9325_DrawHLine
                0x000000000800095a       0x4e Core/Inc/Lcd/ili9325.o
                0x000000000800095a                ili9325_DrawHLine
 .text.ili9325_DrawVLine
                0x00000000080009a8       0x6a Core/Inc/Lcd/ili9325.o
                0x00000000080009a8                ili9325_DrawVLine
 .text.ili9325_FillRect
                0x0000000008000a12       0x94 Core/Inc/Lcd/ili9325.o
                0x0000000008000a12                ili9325_FillRect
 .text.ili9325_DrawBitmap
                0x0000000008000aa6      0x100 Core/Inc/Lcd/ili9325.o
                0x0000000008000aa6                ili9325_DrawBitmap
 .text.ili9325_DrawRGBImage
                0x0000000008000ba6       0x92 Core/Inc/Lcd/ili9325.o
                0x0000000008000ba6                ili9325_DrawRGBImage
 .text.ili9325_ReadRGBImage
                0x0000000008000c38       0x84 Core/Inc/Lcd/ili9325.o
                0x0000000008000c38                ili9325_ReadRGBImage
 .text.LCD_Delay
                0x0000000008000cbc       0x16 Core/Inc/Lcd/lcd_io_fsmc16.o
                0x0000000008000cbc                LCD_Delay
 .text.LCD_IO_Bl_OnOff
                0x0000000008000cd2       0x16 Core/Inc/Lcd/lcd_io_fsmc16.o
                0x0000000008000cd2                LCD_IO_Bl_OnOff
 .text.LCD_IO_Init
                0x0000000008000ce8        0xe Core/Inc/Lcd/lcd_io_fsmc16.o
                0x0000000008000ce8                LCD_IO_Init
 .text.LCD_IO_WriteCmd16
                0x0000000008000cf6       0x1e Core/Inc/Lcd/lcd_io_fsmc16.o
                0x0000000008000cf6                LCD_IO_WriteCmd16
 .text.LCD_IO_WriteData16
                0x0000000008000d14       0x20 Core/Inc/Lcd/lcd_io_fsmc16.o
                0x0000000008000d14                LCD_IO_WriteData16
 .text.LCD_IO_WriteCmd16DataFill16
                0x0000000008000d34       0x3c Core/Inc/Lcd/lcd_io_fsmc16.o
                0x0000000008000d34                LCD_IO_WriteCmd16DataFill16
 .text.LCD_IO_WriteCmd16MultipleData16
                0x0000000008000d70       0x40 Core/Inc/Lcd/lcd_io_fsmc16.o
                0x0000000008000d70                LCD_IO_WriteCmd16MultipleData16
 .text.LCD_IO_ReadCmd16MultipleData16
                0x0000000008000db0       0x58 Core/Inc/Lcd/lcd_io_fsmc16.o
                0x0000000008000db0                LCD_IO_ReadCmd16MultipleData16
 .text.BSP_LCD_Init
                0x0000000008000e08       0x48 Core/Inc/Lcd/stm32_adafruit_lcd.o
                0x0000000008000e08                BSP_LCD_Init
 .text.BSP_LCD_GetXSize
                0x0000000008000e50       0x18 Core/Inc/Lcd/stm32_adafruit_lcd.o
                0x0000000008000e50                BSP_LCD_GetXSize
 .text.BSP_LCD_GetYSize
                0x0000000008000e68       0x18 Core/Inc/Lcd/stm32_adafruit_lcd.o
                0x0000000008000e68                BSP_LCD_GetYSize
 .text.BSP_LCD_Clear
                0x0000000008000e80       0x3c Core/Inc/Lcd/stm32_adafruit_lcd.o
                0x0000000008000e80                BSP_LCD_Clear
 .text.main     0x0000000008000ebc       0x1a Core/Src/main.o
                0x0000000008000ebc                main
 *fill*         0x0000000008000ed6        0x2 
 .text.SystemClock_Config
                0x0000000008000ed8       0xd4 Core/Src/main.o
                0x0000000008000ed8                SystemClock_Config
 .text.MX_GPIO_Init
                0x0000000008000fac       0x6c Core/Src/main.o
 .text.MX_FSMC_Init
                0x0000000008001018       0xc0 Core/Src/main.o
 .text.Error_Handler
                0x00000000080010d8        0xe Core/Src/main.o
                0x00000000080010d8                Error_Handler
 *fill*         0x00000000080010e6        0x2 
 .text.HAL_MspInit
                0x00000000080010e8       0x50 Core/Src/stm32f4xx_hal_msp.o
                0x00000000080010e8                HAL_MspInit
 .text.HAL_FSMC_MspInit
                0x0000000008001138       0x98 Core/Src/stm32f4xx_hal_msp.o
 .text.HAL_SRAM_MspInit
                0x00000000080011d0       0x14 Core/Src/stm32f4xx_hal_msp.o
                0x00000000080011d0                HAL_SRAM_MspInit
 .text.NMI_Handler
                0x00000000080011e4        0xe Core/Src/stm32f4xx_it.o
                0x00000000080011e4                NMI_Handler
 .text.HardFault_Handler
                0x00000000080011f2        0x6 Core/Src/stm32f4xx_it.o
                0x00000000080011f2                HardFault_Handler
 .text.MemManage_Handler
                0x00000000080011f8        0x6 Core/Src/stm32f4xx_it.o
                0x00000000080011f8                MemManage_Handler
 .text.BusFault_Handler
                0x00000000080011fe        0x6 Core/Src/stm32f4xx_it.o
                0x00000000080011fe                BusFault_Handler
 .text.UsageFault_Handler
                0x0000000008001204        0x6 Core/Src/stm32f4xx_it.o
                0x0000000008001204                UsageFault_Handler
 .text.SVC_Handler
                0x000000000800120a        0xe Core/Src/stm32f4xx_it.o
                0x000000000800120a                SVC_Handler
 .text.DebugMon_Handler
                0x0000000008001218        0xe Core/Src/stm32f4xx_it.o
                0x0000000008001218                DebugMon_Handler
 .text.PendSV_Handler
                0x0000000008001226        0xe Core/Src/stm32f4xx_it.o
                0x0000000008001226                PendSV_Handler
 .text.SysTick_Handler
                0x0000000008001234        0xc Core/Src/stm32f4xx_it.o
                0x0000000008001234                SysTick_Handler
 .text.SystemInit
                0x0000000008001240       0x2c Core/Src/system_stm32f4xx.o
                0x0000000008001240                SystemInit
 .text.Reset_Handler
                0x000000000800126c       0x50 Core/Startup/startup_stm32f407vgtx.o
                0x000000000800126c                Reset_Handler
 .text.Default_Handler
                0x00000000080012bc        0x2 Core/Startup/startup_stm32f407vgtx.o
                0x00000000080012bc                RTC_Alarm_IRQHandler
                0x00000000080012bc                HASH_RNG_IRQHandler
                0x00000000080012bc                EXTI2_IRQHandler
                0x00000000080012bc                TIM8_CC_IRQHandler
                0x00000000080012bc                TIM1_CC_IRQHandler
                0x00000000080012bc                DMA2_Stream5_IRQHandler
                0x00000000080012bc                DMA1_Stream5_IRQHandler
                0x00000000080012bc                PVD_IRQHandler
                0x00000000080012bc                SDIO_IRQHandler
                0x00000000080012bc                TAMP_STAMP_IRQHandler
                0x00000000080012bc                CAN2_RX1_IRQHandler
                0x00000000080012bc                EXTI3_IRQHandler
                0x00000000080012bc                TIM8_TRG_COM_TIM14_IRQHandler
                0x00000000080012bc                TIM1_UP_TIM10_IRQHandler
                0x00000000080012bc                TIM8_UP_TIM13_IRQHandler
                0x00000000080012bc                I2C3_ER_IRQHandler
                0x00000000080012bc                EXTI0_IRQHandler
                0x00000000080012bc                I2C2_EV_IRQHandler
                0x00000000080012bc                DMA1_Stream2_IRQHandler
                0x00000000080012bc                CAN1_RX0_IRQHandler
                0x00000000080012bc                FPU_IRQHandler
                0x00000000080012bc                OTG_HS_WKUP_IRQHandler
                0x00000000080012bc                CAN2_SCE_IRQHandler
                0x00000000080012bc                DMA2_Stream2_IRQHandler
                0x00000000080012bc                SPI1_IRQHandler
                0x00000000080012bc                TIM6_DAC_IRQHandler
                0x00000000080012bc                TIM1_BRK_TIM9_IRQHandler
                0x00000000080012bc                DCMI_IRQHandler
                0x00000000080012bc                CAN2_RX0_IRQHandler
                0x00000000080012bc                DMA2_Stream3_IRQHandler
                0x00000000080012bc                USART6_IRQHandler
                0x00000000080012bc                USART3_IRQHandler
                0x00000000080012bc                CAN1_RX1_IRQHandler
                0x00000000080012bc                UART5_IRQHandler
                0x00000000080012bc                DMA2_Stream0_IRQHandler
                0x00000000080012bc                TIM4_IRQHandler
                0x00000000080012bc                I2C1_EV_IRQHandler
                0x00000000080012bc                DMA1_Stream6_IRQHandler
                0x00000000080012bc                DMA1_Stream1_IRQHandler
                0x00000000080012bc                UART4_IRQHandler
                0x00000000080012bc                TIM3_IRQHandler
                0x00000000080012bc                RCC_IRQHandler
                0x00000000080012bc                TIM8_BRK_TIM12_IRQHandler
                0x00000000080012bc                Default_Handler
                0x00000000080012bc                EXTI15_10_IRQHandler
                0x00000000080012bc                ADC_IRQHandler
                0x00000000080012bc                DMA1_Stream7_IRQHandler
                0x00000000080012bc                TIM7_IRQHandler
                0x00000000080012bc                CAN2_TX_IRQHandler
                0x00000000080012bc                TIM5_IRQHandler
                0x00000000080012bc                DMA2_Stream7_IRQHandler
                0x00000000080012bc                I2C3_EV_IRQHandler
                0x00000000080012bc                EXTI9_5_IRQHandler
                0x00000000080012bc                RTC_WKUP_IRQHandler
                0x00000000080012bc                ETH_WKUP_IRQHandler
                0x00000000080012bc                SPI2_IRQHandler
                0x00000000080012bc                OTG_HS_EP1_IN_IRQHandler
                0x00000000080012bc                DMA1_Stream0_IRQHandler
                0x00000000080012bc                CAN1_TX_IRQHandler
                0x00000000080012bc                EXTI4_IRQHandler
                0x00000000080012bc                FSMC_IRQHandler
                0x00000000080012bc                ETH_IRQHandler
                0x00000000080012bc                OTG_HS_EP1_OUT_IRQHandler
                0x00000000080012bc                WWDG_IRQHandler
                0x00000000080012bc                TIM2_IRQHandler
                0x00000000080012bc                OTG_FS_WKUP_IRQHandler
                0x00000000080012bc                TIM1_TRG_COM_TIM11_IRQHandler
                0x00000000080012bc                OTG_HS_IRQHandler
                0x00000000080012bc                EXTI1_IRQHandler
                0x00000000080012bc                USART2_IRQHandler
                0x00000000080012bc                I2C2_ER_IRQHandler
                0x00000000080012bc                DMA2_Stream1_IRQHandler
                0x00000000080012bc                CAN1_SCE_IRQHandler
                0x00000000080012bc                FLASH_IRQHandler
                0x00000000080012bc                DMA2_Stream4_IRQHandler
                0x00000000080012bc                USART1_IRQHandler
                0x00000000080012bc                OTG_FS_IRQHandler
                0x00000000080012bc                SPI3_IRQHandler
                0x00000000080012bc                DMA1_Stream4_IRQHandler
                0x00000000080012bc                I2C1_ER_IRQHandler
                0x00000000080012bc                DMA2_Stream6_IRQHandler
                0x00000000080012bc                DMA1_Stream3_IRQHandler
 *fill*         0x00000000080012be        0x2 
 .text.HAL_Init
                0x00000000080012c0       0x44 Drivers/STM32F4xx_HAL_Driver/Src/stm32f4xx_hal.o
                0x00000000080012c0                HAL_Init
 .text.HAL_InitTick
                0x0000000008001304       0x60 Drivers/STM32F4xx_HAL_Driver/Src/stm32f4xx_hal.o
                0x0000000008001304                HAL_InitTick
 .text.HAL_IncTick
                0x0000000008001364       0x28 Drivers/STM32F4xx_HAL_Driver/Src/stm32f4xx_hal.o
                0x0000000008001364                HAL_IncTick
 .text.HAL_GetTick
                0x000000000800138c       0x18 Drivers/STM32F4xx_HAL_Driver/Src/stm32f4xx_hal.o
                0x000000000800138c                HAL_GetTick
 .text.HAL_Delay
                0x00000000080013a4       0x44 Drivers/STM32F4xx_HAL_Driver/Src/stm32f4xx_hal.o
                0x00000000080013a4                HAL_Delay
 .text.__NVIC_SetPriorityGrouping
                0x00000000080013e8       0x48 Drivers/STM32F4xx_HAL_Driver/Src/stm32f4xx_hal_cortex.o
 .text.__NVIC_GetPriorityGrouping
                0x0000000008001430       0x1c Drivers/STM32F4xx_HAL_Driver/Src/stm32f4xx_hal_cortex.o
 .text.__NVIC_SetPriority
                0x000000000800144c       0x54 Drivers/STM32F4xx_HAL_Driver/Src/stm32f4xx_hal_cortex.o
 .text.NVIC_EncodePriority
                0x00000000080014a0       0x66 Drivers/STM32F4xx_HAL_Driver/Src/stm32f4xx_hal_cortex.o
 *fill*         0x0000000008001506        0x2 
 .text.SysTick_Config
                0x0000000008001508       0x44 Drivers/STM32F4xx_HAL_Driver/Src/stm32f4xx_hal_cortex.o
 .text.HAL_NVIC_SetPriorityGrouping
                0x000000000800154c       0x16 Drivers/STM32F4xx_HAL_Driver/Src/stm32f4xx_hal_cortex.o
                0x000000000800154c                HAL_NVIC_SetPriorityGrouping
 .text.HAL_NVIC_SetPriority
                0x0000000008001562       0x38 Drivers/STM32F4xx_HAL_Driver/Src/stm32f4xx_hal_cortex.o
                0x0000000008001562                HAL_NVIC_SetPriority
 .text.HAL_SYSTICK_Config
                0x000000000800159a       0x18 Drivers/STM32F4xx_HAL_Driver/Src/stm32f4xx_hal_cortex.o
                0x000000000800159a                HAL_SYSTICK_Config
 *fill*         0x00000000080015b2        0x2 
 .text.HAL_GPIO_Init
                0x00000000080015b4      0x334 Drivers/STM32F4xx_HAL_Driver/Src/stm32f4xx_hal_gpio.o
                0x00000000080015b4                HAL_GPIO_Init
 .text.HAL_RCC_OscConfig
                0x00000000080018e8      0x4e0 Drivers/STM32F4xx_HAL_Driver/Src/stm32f4xx_hal_rcc.o
                0x00000000080018e8                HAL_RCC_OscConfig
 .text.HAL_RCC_ClockConfig
                0x0000000008001dc8      0x1cc Drivers/STM32F4xx_HAL_Driver/Src/stm32f4xx_hal_rcc.o
                0x0000000008001dc8                HAL_RCC_ClockConfig
 .text.HAL_RCC_GetSysClockFreq
                0x0000000008001f94      0x1b0 Drivers/STM32F4xx_HAL_Driver/Src/stm32f4xx_hal_rcc.o
                0x0000000008001f94                HAL_RCC_GetSysClockFreq
 .text.HAL_SRAM_Init
                0x0000000008002144       0x88 Drivers/STM32F4xx_HAL_Driver/Src/stm32f4xx_hal_sram.o
                0x0000000008002144                HAL_SRAM_Init
 .text.FSMC_NORSRAM_Init
                0x00000000080021cc       0xa4 Drivers/STM32F4xx_HAL_Driver/Src/stm32f4xx_ll_fsmc.o
                0x00000000080021cc                FSMC_NORSRAM_Init
 .text.FSMC_NORSRAM_Timing_Init
                0x0000000008002270       0x7a Drivers/STM32F4xx_HAL_Driver/Src/stm32f4xx_ll_fsmc.o
                0x0000000008002270                FSMC_NORSRAM_Timing_Init
 *fill*         0x00000000080022ea        0x2 
 .text.FSMC_NORSRAM_Extended_Timing_Init
                0x00000000080022ec       0x80 Drivers/STM32F4xx_HAL_Driver/Src/stm32f4xx_ll_fsmc.o
                0x00000000080022ec                FSMC_NORSRAM_Extended_Timing_Init
 .text.__libc_init_array
                0x000000000800236c       0x48 h:/stm32cubeide_1.2.0/stm32cubeide/plugins/com.st.stm32cube.ide.mcu.externaltools.gnu-tools-for-stm32.7-2018-q2-update.win32_1.0.0.201904181610/tools/bin/../lib/gcc/arm-none-eabi/7.3.1/../../../../arm-none-eabi/lib/thumb/v7e-m/fpv4-sp/hard\libc_nano.a(lib_a-init.o)
                0x000000000800236c                __libc_init_array
 .text.memset   0x00000000080023b4       0x10 h:/stm32cubeide_1.2.0/stm32cubeide/plugins/com.st.stm32cube.ide.mcu.externaltools.gnu-tools-for-stm32.7-2018-q2-update.win32_1.0.0.201904181610/tools/bin/../lib/gcc/arm-none-eabi/7.3.1/../../../../arm-none-eabi/lib/thumb/v7e-m/fpv4-sp/hard\libc_nano.a(lib_a-memset.o)
                0x00000000080023b4                memset
 *(.glue_7)
 .glue_7        0x00000000080023c4        0x0 linker stubs
 *(.glue_7t)
 .glue_7t       0x00000000080023c4        0x0 linker stubs
 *(.eh_frame)
 .eh_frame      0x00000000080023c4        0x0 h:/stm32cubeide_1.2.0/stm32cubeide/plugins/com.st.stm32cube.ide.mcu.externaltools.gnu-tools-for-stm32.7-2018-q2-update.win32_1.0.0.201904181610/tools/bin/../lib/gcc/arm-none-eabi/7.3.1/thumb/v7e-m/fpv4-sp/hard/crtbegin.o
 *(.init)
 .init          0x00000000080023c4        0x4 h:/stm32cubeide_1.2.0/stm32cubeide/plugins/com.st.stm32cube.ide.mcu.externaltools.gnu-tools-for-stm32.7-2018-q2-update.win32_1.0.0.201904181610/tools/bin/../lib/gcc/arm-none-eabi/7.3.1/thumb/v7e-m/fpv4-sp/hard/crti.o
                0x00000000080023c4                _init
 .init          0x00000000080023c8        0x8 h:/stm32cubeide_1.2.0/stm32cubeide/plugins/com.st.stm32cube.ide.mcu.externaltools.gnu-tools-for-stm32.7-2018-q2-update.win32_1.0.0.201904181610/tools/bin/../lib/gcc/arm-none-eabi/7.3.1/thumb/v7e-m/fpv4-sp/hard/crtn.o
 *(.fini)
 .fini          0x00000000080023d0        0x4 h:/stm32cubeide_1.2.0/stm32cubeide/plugins/com.st.stm32cube.ide.mcu.externaltools.gnu-tools-for-stm32.7-2018-q2-update.win32_1.0.0.201904181610/tools/bin/../lib/gcc/arm-none-eabi/7.3.1/thumb/v7e-m/fpv4-sp/hard/crti.o
                0x00000000080023d0                _fini
 .fini          0x00000000080023d4        0x8 h:/stm32cubeide_1.2.0/stm32cubeide/plugins/com.st.stm32cube.ide.mcu.externaltools.gnu-tools-for-stm32.7-2018-q2-update.win32_1.0.0.201904181610/tools/bin/../lib/gcc/arm-none-eabi/7.3.1/thumb/v7e-m/fpv4-sp/hard/crtn.o
                0x00000000080023dc                . = ALIGN (0x4)
                0x00000000080023dc                _etext = .

.vfp11_veneer   0x00000000080023dc        0x0
 .vfp11_veneer  0x00000000080023dc        0x0 linker stubs

.v4_bx          0x00000000080023dc        0x0
 .v4_bx         0x00000000080023dc        0x0 linker stubs

.iplt           0x00000000080023dc        0x0
 .iplt          0x00000000080023dc        0x0 h:/stm32cubeide_1.2.0/stm32cubeide/plugins/com.st.stm32cube.ide.mcu.externaltools.gnu-tools-for-stm32.7-2018-q2-update.win32_1.0.0.201904181610/tools/bin/../lib/gcc/arm-none-eabi/7.3.1/thumb/v7e-m/fpv4-sp/hard/crtbegin.o

.rodata         0x00000000080023dc      0x308
                0x00000000080023dc                . = ALIGN (0x4)
 *(.rodata)
 *(.rodata*)
 .rodata.Font8_Table
                0x00000000080023dc      0x2f8 Core/Inc/Lcd/Fonts/font8.o
                0x00000000080023dc                Font8_Table
 .rodata.AHBPrescTable
                0x00000000080026d4       0x10 Core/Src/system_stm32f4xx.o
                0x00000000080026d4                AHBPrescTable
                0x00000000080026e4                . = ALIGN (0x4)

.ARM.extab      0x00000000080026e4        0x0
                0x00000000080026e4                . = ALIGN (0x4)
 *(.ARM.extab* .gnu.linkonce.armextab.*)
                0x00000000080026e4                . = ALIGN (0x4)

.ARM            0x00000000080026e4        0x8
                0x00000000080026e4                . = ALIGN (0x4)
                0x00000000080026e4                __exidx_start = .
 *(.ARM.exidx*)
 .ARM.exidx     0x00000000080026e4        0x8 h:/stm32cubeide_1.2.0/stm32cubeide/plugins/com.st.stm32cube.ide.mcu.externaltools.gnu-tools-for-stm32.7-2018-q2-update.win32_1.0.0.201904181610/tools/bin/../lib/gcc/arm-none-eabi/7.3.1/thumb/v7e-m/fpv4-sp/hard\libgcc.a(_udivmoddi4.o)
                0x00000000080026ec                __exidx_end = .
                0x00000000080026ec                . = ALIGN (0x4)

.rel.dyn        0x00000000080026ec        0x0
 .rel.iplt      0x00000000080026ec        0x0 h:/stm32cubeide_1.2.0/stm32cubeide/plugins/com.st.stm32cube.ide.mcu.externaltools.gnu-tools-for-stm32.7-2018-q2-update.win32_1.0.0.201904181610/tools/bin/../lib/gcc/arm-none-eabi/7.3.1/thumb/v7e-m/fpv4-sp/hard/crtbegin.o

.preinit_array  0x00000000080026ec        0x0
                0x00000000080026ec                . = ALIGN (0x4)
                0x00000000080026ec                PROVIDE (__preinit_array_start = .)
 *(.preinit_array*)
                0x00000000080026ec                PROVIDE (__preinit_array_end = .)
                0x00000000080026ec                . = ALIGN (0x4)

.init_array     0x00000000080026ec        0x4
                0x00000000080026ec                . = ALIGN (0x4)
                0x00000000080026ec                PROVIDE (__init_array_start = .)
 *(SORT_BY_NAME(.init_array.*))
 *(.init_array*)
 .init_array    0x00000000080026ec        0x4 h:/stm32cubeide_1.2.0/stm32cubeide/plugins/com.st.stm32cube.ide.mcu.externaltools.gnu-tools-for-stm32.7-2018-q2-update.win32_1.0.0.201904181610/tools/bin/../lib/gcc/arm-none-eabi/7.3.1/thumb/v7e-m/fpv4-sp/hard/crtbegin.o
                0x00000000080026f0                PROVIDE (__init_array_end = .)
                0x00000000080026f0                . = ALIGN (0x4)

.fini_array     0x00000000080026f0        0x4
                0x00000000080026f0                . = ALIGN (0x4)
                [!provide]                        PROVIDE (__fini_array_start = .)
 *(SORT_BY_NAME(.fini_array.*))
 *(.fini_array*)
 .fini_array    0x00000000080026f0        0x4 h:/stm32cubeide_1.2.0/stm32cubeide/plugins/com.st.stm32cube.ide.mcu.externaltools.gnu-tools-for-stm32.7-2018-q2-update.win32_1.0.0.201904181610/tools/bin/../lib/gcc/arm-none-eabi/7.3.1/thumb/v7e-m/fpv4-sp/hard/crtbegin.o
                [!provide]                        PROVIDE (__fini_array_end = .)
                0x00000000080026f4                . = ALIGN (0x4)
                0x00000000080026f4                _sidata = LOADADDR (.data)

.data           0x0000000020000000       0x58 load address 0x00000000080026f4
                0x0000000020000000                . = ALIGN (0x4)
                0x0000000020000000                _sdata = .
 *(.data)
 *(.data*)
 .data.Font8    0x0000000020000000        0x8 Core/Inc/Lcd/Fonts/font8.o
                0x0000000020000000                Font8
 .data.ili9325_drv
                0x0000000020000008       0x40 Core/Inc/Lcd/ili9325.o
                0x0000000020000008                ili9325_drv
 .data.lcd_drv  0x0000000020000048        0x4 Core/Inc/Lcd/ili9325.o
                0x0000000020000048                lcd_drv
 .data.SystemCoreClock
                0x000000002000004c        0x4 Core/Src/system_stm32f4xx.o
                0x000000002000004c                SystemCoreClock
 .data.uwTickPrio
                0x0000000020000050        0x4 Drivers/STM32F4xx_HAL_Driver/Src/stm32f4xx_hal.o
                0x0000000020000050                uwTickPrio
 .data.uwTickFreq
                0x0000000020000054        0x1 Drivers/STM32F4xx_HAL_Driver/Src/stm32f4xx_hal.o
                0x0000000020000054                uwTickFreq
                0x0000000020000058                . = ALIGN (0x4)
 *fill*         0x0000000020000055        0x3 
                0x0000000020000058                _edata = .

.igot.plt       0x0000000020000058        0x0 load address 0x000000000800274c
 .igot.plt      0x0000000020000058        0x0 h:/stm32cubeide_1.2.0/stm32cubeide/plugins/com.st.stm32cube.ide.mcu.externaltools.gnu-tools-for-stm32.7-2018-q2-update.win32_1.0.0.201904181610/tools/bin/../lib/gcc/arm-none-eabi/7.3.1/thumb/v7e-m/fpv4-sp/hard/crtbegin.o
                0x0000000020000058                . = ALIGN (0x4)

.bss            0x0000000020000058       0x94 load address 0x000000000800274c
                0x0000000020000058                _sbss = .
                0x0000000020000058                __bss_start__ = _sbss
 *(.bss)
 .bss           0x0000000020000058       0x1c h:/stm32cubeide_1.2.0/stm32cubeide/plugins/com.st.stm32cube.ide.mcu.externaltools.gnu-tools-for-stm32.7-2018-q2-update.win32_1.0.0.201904181610/tools/bin/../lib/gcc/arm-none-eabi/7.3.1/thumb/v7e-m/fpv4-sp/hard/crtbegin.o
 *(.bss*)
 .bss.Is_ili9325_Initialized
                0x0000000020000074        0x1 Core/Inc/Lcd/ili9325.o
 *fill*         0x0000000020000075        0x3 
 .bss.FSMC_Initialized
                0x0000000020000078        0x4 Core/Src/stm32f4xx_hal_msp.o
 *(COMMON)
 COMMON         0x000000002000007c        0xc Core/Inc/Lcd/stm32_adafruit_lcd.o
                0x000000002000007c                DrawProp
 COMMON         0x0000000020000088       0x60 Core/Src/main.o
                0x0000000020000088                ts
                0x0000000020000090                boxsize
                0x0000000020000094                hsram1
                0x00000000200000e4                oldcolor
                0x00000000200000e6                currentcolor
 COMMON         0x00000000200000e8        0x4 Drivers/STM32F4xx_HAL_Driver/Src/stm32f4xx_hal.o
                0x00000000200000e8                uwTick
                0x00000000200000ec                . = ALIGN (0x4)
                0x00000000200000ec                _ebss = .
                0x00000000200000ec                __bss_end__ = _ebss

._user_heap_stack
                0x00000000200000ec      0x604 load address 0x000000000800274c
                0x00000000200000f0                . = ALIGN (0x8)
 *fill*         0x00000000200000ec        0x4 
                0x00000000200000f0                PROVIDE (end = .)
                [!provide]                        PROVIDE (_end = .)
                0x00000000200002f0                . = (. + _Min_Heap_Size)
 *fill*         0x00000000200000f0      0x200 
                0x00000000200006f0                . = (. + _Min_Stack_Size)
 *fill*         0x00000000200002f0      0x400 
                0x00000000200006f0                . = ALIGN (0x8)

/DISCARD/
 libc.a(*)
 libm.a(*)
 libgcc.a(*)

.ARM.attributes
                0x0000000000000000       0x30
 *(.ARM.attributes)
 .ARM.attributes
                0x0000000000000000       0x22 h:/stm32cubeide_1.2.0/stm32cubeide/plugins/com.st.stm32cube.ide.mcu.externaltools.gnu-tools-for-stm32.7-2018-q2-update.win32_1.0.0.201904181610/tools/bin/../lib/gcc/arm-none-eabi/7.3.1/thumb/v7e-m/fpv4-sp/hard/crti.o
 .ARM.attributes
                0x0000000000000022       0x34 h:/stm32cubeide_1.2.0/stm32cubeide/plugins/com.st.stm32cube.ide.mcu.externaltools.gnu-tools-for-stm32.7-2018-q2-update.win32_1.0.0.201904181610/tools/bin/../lib/gcc/arm-none-eabi/7.3.1/thumb/v7e-m/fpv4-sp/hard/crtbegin.o
 .ARM.attributes
                0x0000000000000056       0x39 Core/Inc/Lcd/Fonts/font8.o
 .ARM.attributes
                0x000000000000008f       0x39 Core/Inc/Lcd/ili9325.o
 .ARM.attributes
                0x00000000000000c8       0x39 Core/Inc/Lcd/lcd_io_fsmc16.o
 .ARM.attributes
                0x0000000000000101       0x39 Core/Inc/Lcd/stm32_adafruit_lcd.o
 .ARM.attributes
                0x000000000000013a       0x39 Core/Src/main.o
 .ARM.attributes
                0x0000000000000173       0x39 Core/Src/stm32f4xx_hal_msp.o
 .ARM.attributes
                0x00000000000001ac       0x39 Core/Src/stm32f4xx_it.o
 .ARM.attributes
                0x00000000000001e5       0x39 Core/Src/system_stm32f4xx.o
 .ARM.attributes
                0x000000000000021e       0x21 Core/Startup/startup_stm32f407vgtx.o
 .ARM.attributes
                0x000000000000023f       0x39 Drivers/STM32F4xx_HAL_Driver/Src/stm32f4xx_hal.o
 .ARM.attributes
                0x0000000000000278       0x39 Drivers/STM32F4xx_HAL_Driver/Src/stm32f4xx_hal_cortex.o
 .ARM.attributes
                0x00000000000002b1       0x39 Drivers/STM32F4xx_HAL_Driver/Src/stm32f4xx_hal_gpio.o
 .ARM.attributes
                0x00000000000002ea       0x39 Drivers/STM32F4xx_HAL_Driver/Src/stm32f4xx_hal_rcc.o
 .ARM.attributes
                0x0000000000000323       0x39 Drivers/STM32F4xx_HAL_Driver/Src/stm32f4xx_hal_sram.o
 .ARM.attributes
                0x000000000000035c       0x39 Drivers/STM32F4xx_HAL_Driver/Src/stm32f4xx_ll_fsmc.o
 .ARM.attributes
                0x0000000000000395       0x34 h:/stm32cubeide_1.2.0/stm32cubeide/plugins/com.st.stm32cube.ide.mcu.externaltools.gnu-tools-for-stm32.7-2018-q2-update.win32_1.0.0.201904181610/tools/bin/../lib/gcc/arm-none-eabi/7.3.1/../../../../arm-none-eabi/lib/thumb/v7e-m/fpv4-sp/hard\libc_nano.a(lib_a-init.o)
 .ARM.attributes
                0x00000000000003c9       0x34 h:/stm32cubeide_1.2.0/stm32cubeide/plugins/com.st.stm32cube.ide.mcu.externaltools.gnu-tools-for-stm32.7-2018-q2-update.win32_1.0.0.201904181610/tools/bin/../lib/gcc/arm-none-eabi/7.3.1/../../../../arm-none-eabi/lib/thumb/v7e-m/fpv4-sp/hard\libc_nano.a(lib_a-memset.o)
 .ARM.attributes
                0x00000000000003fd       0x22 h:/stm32cubeide_1.2.0/stm32cubeide/plugins/com.st.stm32cube.ide.mcu.externaltools.gnu-tools-for-stm32.7-2018-q2-update.win32_1.0.0.201904181610/tools/bin/../lib/gcc/arm-none-eabi/7.3.1/thumb/v7e-m/fpv4-sp/hard\libgcc.a(_aeabi_uldivmod.o)
 .ARM.attributes
                0x000000000000041f       0x34 h:/stm32cubeide_1.2.0/stm32cubeide/plugins/com.st.stm32cube.ide.mcu.externaltools.gnu-tools-for-stm32.7-2018-q2-update.win32_1.0.0.201904181610/tools/bin/../lib/gcc/arm-none-eabi/7.3.1/thumb/v7e-m/fpv4-sp/hard\libgcc.a(_udivmoddi4.o)
 .ARM.attributes
                0x0000000000000453       0x22 h:/stm32cubeide_1.2.0/stm32cubeide/plugins/com.st.stm32cube.ide.mcu.externaltools.gnu-tools-for-stm32.7-2018-q2-update.win32_1.0.0.201904181610/tools/bin/../lib/gcc/arm-none-eabi/7.3.1/thumb/v7e-m/fpv4-sp/hard\libgcc.a(_dvmd_tls.o)
 .ARM.attributes
                0x0000000000000475       0x22 h:/stm32cubeide_1.2.0/stm32cubeide/plugins/com.st.stm32cube.ide.mcu.externaltools.gnu-tools-for-stm32.7-2018-q2-update.win32_1.0.0.201904181610/tools/bin/../lib/gcc/arm-none-eabi/7.3.1/thumb/v7e-m/fpv4-sp/hard/crtn.o
OUTPUT(PTM.elf elf32-littlearm)

.debug_info     0x0000000000000000     0x7cd5
 .debug_info    0x0000000000000000      0x147 Core/Inc/Lcd/Fonts/font8.o
 .debug_info    0x0000000000000147      0x930 Core/Inc/Lcd/ili9325.o
 .debug_info    0x0000000000000a77      0x6ee Core/Inc/Lcd/lcd_io_fsmc16.o
 .debug_info    0x0000000000001165     0x1141 Core/Inc/Lcd/stm32_adafruit_lcd.o
 .debug_info    0x00000000000022a6      0xb73 Core/Src/main.o
 .debug_info    0x0000000000002e19      0x960 Core/Src/stm32f4xx_hal_msp.o
 .debug_info    0x0000000000003779      0x20a Core/Src/stm32f4xx_it.o
 .debug_info    0x0000000000003983      0x554 Core/Src/system_stm32f4xx.o
 .debug_info    0x0000000000003ed7       0x22 Core/Startup/startup_stm32f407vgtx.o
 .debug_info    0x0000000000003ef9      0x945 Drivers/STM32F4xx_HAL_Driver/Src/stm32f4xx_hal.o
 .debug_info    0x000000000000483e      0xe28 Drivers/STM32F4xx_HAL_Driver/Src/stm32f4xx_hal_cortex.o
 .debug_info    0x0000000000005666      0x7b5 Drivers/STM32F4xx_HAL_Driver/Src/stm32f4xx_hal_gpio.o
 .debug_info    0x0000000000005e1b      0x904 Drivers/STM32F4xx_HAL_Driver/Src/stm32f4xx_hal_rcc.o
 .debug_info    0x000000000000671f      0xb03 Drivers/STM32F4xx_HAL_Driver/Src/stm32f4xx_hal_sram.o
 .debug_info    0x0000000000007222      0xab3 Drivers/STM32F4xx_HAL_Driver/Src/stm32f4xx_ll_fsmc.o

.debug_abbrev   0x0000000000000000     0x1827
 .debug_abbrev  0x0000000000000000       0xa5 Core/Inc/Lcd/Fonts/font8.o
 .debug_abbrev  0x00000000000000a5      0x1f6 Core/Inc/Lcd/ili9325.o
 .debug_abbrev  0x000000000000029b      0x141 Core/Inc/Lcd/lcd_io_fsmc16.o
 .debug_abbrev  0x00000000000003dc      0x27c Core/Inc/Lcd/stm32_adafruit_lcd.o
 .debug_abbrev  0x0000000000000658      0x1e9 Core/Src/main.o
 .debug_abbrev  0x0000000000000841      0x1ba Core/Src/stm32f4xx_hal_msp.o
 .debug_abbrev  0x00000000000009fb       0xc6 Core/Src/stm32f4xx_it.o
 .debug_abbrev  0x0000000000000ac1      0x12b Core/Src/system_stm32f4xx.o
 .debug_abbrev  0x0000000000000bec       0x12 Core/Startup/startup_stm32f407vgtx.o
 .debug_abbrev  0x0000000000000bfe      0x1c7 Drivers/STM32F4xx_HAL_Driver/Src/stm32f4xx_hal.o
 .debug_abbrev  0x0000000000000dc5      0x2fa Drivers/STM32F4xx_HAL_Driver/Src/stm32f4xx_hal_cortex.o
 .debug_abbrev  0x00000000000010bf      0x1c9 Drivers/STM32F4xx_HAL_Driver/Src/stm32f4xx_hal_gpio.o
 .debug_abbrev  0x0000000000001288      0x245 Drivers/STM32F4xx_HAL_Driver/Src/stm32f4xx_hal_rcc.o
 .debug_abbrev  0x00000000000014cd      0x1ce Drivers/STM32F4xx_HAL_Driver/Src/stm32f4xx_hal_sram.o
 .debug_abbrev  0x000000000000169b      0x18c Drivers/STM32F4xx_HAL_Driver/Src/stm32f4xx_ll_fsmc.o

.debug_aranges  0x0000000000000000      0x808
 .debug_aranges
                0x0000000000000000       0x18 Core/Inc/Lcd/Fonts/font8.o
 .debug_aranges
                0x0000000000000018       0xa8 Core/Inc/Lcd/ili9325.o
 .debug_aranges
                0x00000000000000c0       0xb0 Core/Inc/Lcd/lcd_io_fsmc16.o
 .debug_aranges
                0x0000000000000170      0x138 Core/Inc/Lcd/stm32_adafruit_lcd.o
 .debug_aranges
                0x00000000000002a8       0x40 Core/Src/main.o
 .debug_aranges
                0x00000000000002e8       0x40 Core/Src/stm32f4xx_hal_msp.o
 .debug_aranges
                0x0000000000000328       0x60 Core/Src/stm32f4xx_it.o
 .debug_aranges
                0x0000000000000388       0x28 Core/Src/system_stm32f4xx.o
 .debug_aranges
                0x00000000000003b0       0x28 Core/Startup/startup_stm32f407vgtx.o
 .debug_aranges
                0x00000000000003d8       0xf0 Drivers/STM32F4xx_HAL_Driver/Src/stm32f4xx_hal.o
 .debug_aranges
                0x00000000000004c8      0x118 Drivers/STM32F4xx_HAL_Driver/Src/stm32f4xx_hal_cortex.o
 .debug_aranges
                0x00000000000005e0       0x58 Drivers/STM32F4xx_HAL_Driver/Src/stm32f4xx_hal_gpio.o
 .debug_aranges
                0x0000000000000638       0x88 Drivers/STM32F4xx_HAL_Driver/Src/stm32f4xx_hal_rcc.o
 .debug_aranges
                0x00000000000006c0       0xa0 Drivers/STM32F4xx_HAL_Driver/Src/stm32f4xx_hal_sram.o
 .debug_aranges
                0x0000000000000760       0xa8 Drivers/STM32F4xx_HAL_Driver/Src/stm32f4xx_ll_fsmc.o

.debug_macro    0x0000000000000000    0x1f536
 .debug_macro   0x0000000000000000       0x73 Core/Inc/Lcd/Fonts/font8.o
 .debug_macro   0x0000000000000073      0x3e3 Core/Inc/Lcd/ili9325.o
 .debug_macro   0x0000000000000456      0x184 Core/Inc/Lcd/ili9325.o
 .debug_macro   0x00000000000005da       0x32 Core/Inc/Lcd/ili9325.o
 .debug_macro   0x000000000000060c       0x2f Core/Inc/Lcd/ili9325.o
 .debug_macro   0x000000000000063b       0x1c Core/Inc/Lcd/ili9325.o
 .debug_macro   0x0000000000000657       0x22 Core/Inc/Lcd/ili9325.o
 .debug_macro   0x0000000000000679       0xdf Core/Inc/Lcd/ili9325.o
 .debug_macro   0x0000000000000758     0x102d Core/Inc/Lcd/ili9325.o
 .debug_macro   0x0000000000001785      0x11f Core/Inc/Lcd/ili9325.o
 .debug_macro   0x00000000000018a4    0x15e3c Core/Inc/Lcd/ili9325.o
 .debug_macro   0x00000000000176e0       0x43 Core/Inc/Lcd/ili9325.o
 .debug_macro   0x0000000000017723     0x3652 Core/Inc/Lcd/ili9325.o
 .debug_macro   0x000000000001ad75      0x174 Core/Inc/Lcd/ili9325.o
 .debug_macro   0x000000000001aee9       0x5a Core/Inc/Lcd/ili9325.o
 .debug_macro   0x000000000001af43      0x96b Core/Inc/Lcd/ili9325.o
 .debug_macro   0x000000000001b8ae      0x9fe Core/Inc/Lcd/ili9325.o
 .debug_macro   0x000000000001c2ac      0x174 Core/Inc/Lcd/ili9325.o
 .debug_macro   0x000000000001c420      0x117 Core/Inc/Lcd/ili9325.o
 .debug_macro   0x000000000001c537      0x13e Core/Inc/Lcd/ili9325.o
 .debug_macro   0x000000000001c675       0x27 Core/Inc/Lcd/ili9325.o
 .debug_macro   0x000000000001c69c      0x287 Core/Inc/Lcd/ili9325.o
 .debug_macro   0x000000000001c923       0x5f Core/Inc/Lcd/ili9325.o
 .debug_macro   0x000000000001c982      0x236 Core/Inc/Lcd/ili9325.o
 .debug_macro   0x000000000001cbb8      0x12c Core/Inc/Lcd/ili9325.o
 .debug_macro   0x000000000001cce4      0x21e Core/Inc/Lcd/ili9325.o
 .debug_macro   0x000000000001cf02       0x2e Core/Inc/Lcd/ili9325.o
 .debug_macro   0x000000000001cf30      0x543 Core/Inc/Lcd/ili9325.o
 .debug_macro   0x000000000001d473      0x11a Core/Inc/Lcd/ili9325.o
 .debug_macro   0x000000000001d58d       0x7e Core/Inc/Lcd/ili9325.o
 .debug_macro   0x000000000001d60b       0x89 Core/Inc/Lcd/ili9325.o
 .debug_macro   0x000000000001d694      0x12d Core/Inc/Lcd/ili9325.o
 .debug_macro   0x000000000001d7c1       0x16 Core/Inc/Lcd/ili9325.o
 .debug_macro   0x000000000001d7d7       0x40 Core/Inc/Lcd/ili9325.o
 .debug_macro   0x000000000001d817      0x892 Core/Inc/Lcd/lcd_io_fsmc16.o
 .debug_macro   0x000000000001e0a9       0x28 Core/Inc/Lcd/lcd_io_fsmc16.o
 .debug_macro   0x000000000001e0d1       0xba Core/Inc/Lcd/stm32_adafruit_lcd.o
 .debug_macro   0x000000000001e18b       0x10 Core/Inc/Lcd/stm32_adafruit_lcd.o
 .debug_macro   0x000000000001e19b       0x10 Core/Inc/Lcd/stm32_adafruit_lcd.o
 .debug_macro   0x000000000001e1ab       0x76 Core/Inc/Lcd/stm32_adafruit_lcd.o
 .debug_macro   0x000000000001e221      0x214 Core/Src/main.o
 .debug_macro   0x000000000001e435      0x1d5 Core/Src/stm32f4xx_hal_msp.o
 .debug_macro   0x000000000001e60a      0x1df Core/Src/stm32f4xx_it.o
 .debug_macro   0x000000000001e7e9      0x1d1 Core/Src/system_stm32f4xx.o
 .debug_macro   0x000000000001e9ba      0x22b Drivers/STM32F4xx_HAL_Driver/Src/stm32f4xx_hal.o
 .debug_macro   0x000000000001ebe5      0x1cb Drivers/STM32F4xx_HAL_Driver/Src/stm32f4xx_hal_cortex.o
 .debug_macro   0x000000000001edb0      0x201 Drivers/STM32F4xx_HAL_Driver/Src/stm32f4xx_hal_gpio.o
 .debug_macro   0x000000000001efb1      0x1ef Drivers/STM32F4xx_HAL_Driver/Src/stm32f4xx_hal_rcc.o
 .debug_macro   0x000000000001f1a0      0x1cb Drivers/STM32F4xx_HAL_Driver/Src/stm32f4xx_hal_sram.o
 .debug_macro   0x000000000001f36b      0x1cb Drivers/STM32F4xx_HAL_Driver/Src/stm32f4xx_ll_fsmc.o

.debug_line     0x0000000000000000     0x7035
 .debug_line    0x0000000000000000      0x37c Core/Inc/Lcd/Fonts/font8.o
 .debug_line    0x000000000000037c      0x87c Core/Inc/Lcd/ili9325.o
 .debug_line    0x0000000000000bf8      0x875 Core/Inc/Lcd/lcd_io_fsmc16.o
 .debug_line    0x000000000000146d      0x857 Core/Inc/Lcd/stm32_adafruit_lcd.o
 .debug_line    0x0000000000001cc4      0x775 Core/Src/main.o
 .debug_line    0x0000000000002439      0x704 Core/Src/stm32f4xx_hal_msp.o
 .debug_line    0x0000000000002b3d      0x73f Core/Src/stm32f4xx_it.o
 .debug_line    0x000000000000327c      0x6b6 Core/Src/system_stm32f4xx.o
 .debug_line    0x0000000000003932       0x86 Core/Startup/startup_stm32f407vgtx.o
 .debug_line    0x00000000000039b8      0x8a0 Drivers/STM32F4xx_HAL_Driver/Src/stm32f4xx_hal.o
 .debug_line    0x0000000000004258      0x9c4 Drivers/STM32F4xx_HAL_Driver/Src/stm32f4xx_hal_cortex.o
 .debug_line    0x0000000000004c1c      0x87f Drivers/STM32F4xx_HAL_Driver/Src/stm32f4xx_hal_gpio.o
 .debug_line    0x000000000000549b      0x8f8 Drivers/STM32F4xx_HAL_Driver/Src/stm32f4xx_hal_rcc.o
 .debug_line    0x0000000000005d93      0x9bd Drivers/STM32F4xx_HAL_Driver/Src/stm32f4xx_hal_sram.o
 .debug_line    0x0000000000006750      0x8e5 Drivers/STM32F4xx_HAL_Driver/Src/stm32f4xx_ll_fsmc.o

.debug_str      0x0000000000000000    0xc21f2
 .debug_str     0x0000000000000000     0x3b20 Core/Inc/Lcd/Fonts/font8.o
                                       0x3c9f (size before relaxing)
 .debug_str     0x0000000000003b20    0xb9a27 Core/Inc/Lcd/ili9325.o
                                      0xbd806 (size before relaxing)
 .debug_str     0x00000000000bd547     0x259d Core/Inc/Lcd/lcd_io_fsmc16.o
                                      0xbeeb2 (size before relaxing)
 .debug_str     0x00000000000bfae4      0x779 Core/Inc/Lcd/stm32_adafruit_lcd.o
                                       0x458e (size before relaxing)
 .debug_str     0x00000000000c025d      0x79b Core/Src/main.o
                                      0xbd467 (size before relaxing)
 .debug_str     0x00000000000c09f8      0x106 Core/Src/stm32f4xx_hal_msp.o
                                      0xbcef0 (size before relaxing)
 .debug_str     0x00000000000c0afe       0xbd Core/Src/stm32f4xx_it.o
                                      0xbc983 (size before relaxing)
 .debug_str     0x00000000000c0bbb       0xc4 Core/Src/system_stm32f4xx.o
                                      0xbca7c (size before relaxing)
 .debug_str     0x00000000000c0c7f       0x36 Core/Startup/startup_stm32f407vgtx.o
                                         0x5f (size before relaxing)
 .debug_str     0x00000000000c0cb5      0xa5e Drivers/STM32F4xx_HAL_Driver/Src/stm32f4xx_hal.o
                                      0xbd549 (size before relaxing)
 .debug_str     0x00000000000c1713      0x399 Drivers/STM32F4xx_HAL_Driver/Src/stm32f4xx_hal_cortex.o
                                      0xbd338 (size before relaxing)
 .debug_str     0x00000000000c1aac      0x228 Drivers/STM32F4xx_HAL_Driver/Src/stm32f4xx_hal_gpio.o
                                      0xbccbb (size before relaxing)
 .debug_str     0x00000000000c1cd4      0x259 Drivers/STM32F4xx_HAL_Driver/Src/stm32f4xx_hal_rcc.o
                                      0xbce69 (size before relaxing)
 .debug_str     0x00000000000c1f2d      0x1b8 Drivers/STM32F4xx_HAL_Driver/Src/stm32f4xx_hal_sram.o
                                      0xbcf81 (size before relaxing)
 .debug_str     0x00000000000c20e5      0x10d Drivers/STM32F4xx_HAL_Driver/Src/stm32f4xx_ll_fsmc.o
                                      0xbce48 (size before relaxing)

.comment        0x0000000000000000       0x7b
 .comment       0x0000000000000000       0x7b Core/Inc/Lcd/Fonts/font8.o
                                         0x7c (size before relaxing)
 .comment       0x000000000000007b       0x7c Core/Inc/Lcd/ili9325.o
 .comment       0x000000000000007b       0x7c Core/Inc/Lcd/lcd_io_fsmc16.o
 .comment       0x000000000000007b       0x7c Core/Inc/Lcd/stm32_adafruit_lcd.o
 .comment       0x000000000000007b       0x7c Core/Src/main.o
 .comment       0x000000000000007b       0x7c Core/Src/stm32f4xx_hal_msp.o
 .comment       0x000000000000007b       0x7c Core/Src/stm32f4xx_it.o
 .comment       0x000000000000007b       0x7c Core/Src/system_stm32f4xx.o
 .comment       0x000000000000007b       0x7c Drivers/STM32F4xx_HAL_Driver/Src/stm32f4xx_hal.o
 .comment       0x000000000000007b       0x7c Drivers/STM32F4xx_HAL_Driver/Src/stm32f4xx_hal_cortex.o
 .comment       0x000000000000007b       0x7c Drivers/STM32F4xx_HAL_Driver/Src/stm32f4xx_hal_gpio.o
 .comment       0x000000000000007b       0x7c Drivers/STM32F4xx_HAL_Driver/Src/stm32f4xx_hal_rcc.o
 .comment       0x000000000000007b       0x7c Drivers/STM32F4xx_HAL_Driver/Src/stm32f4xx_hal_sram.o
 .comment       0x000000000000007b       0x7c Drivers/STM32F4xx_HAL_Driver/Src/stm32f4xx_ll_fsmc.o

.debug_ranges   0x0000000000000000      0x718
 .debug_ranges  0x0000000000000000       0x98 Core/Inc/Lcd/ili9325.o
 .debug_ranges  0x0000000000000098       0xa0 Core/Inc/Lcd/lcd_io_fsmc16.o
 .debug_ranges  0x0000000000000138      0x128 Core/Inc/Lcd/stm32_adafruit_lcd.o
 .debug_ranges  0x0000000000000260       0x30 Core/Src/main.o
 .debug_ranges  0x0000000000000290       0x30 Core/Src/stm32f4xx_hal_msp.o
 .debug_ranges  0x00000000000002c0       0x50 Core/Src/stm32f4xx_it.o
 .debug_ranges  0x0000000000000310       0x18 Core/Src/system_stm32f4xx.o
 .debug_ranges  0x0000000000000328       0x20 Core/Startup/startup_stm32f407vgtx.o
 .debug_ranges  0x0000000000000348       0xe0 Drivers/STM32F4xx_HAL_Driver/Src/stm32f4xx_hal.o
 .debug_ranges  0x0000000000000428      0x108 Drivers/STM32F4xx_HAL_Driver/Src/stm32f4xx_hal_cortex.o
 .debug_ranges  0x0000000000000530       0x48 Drivers/STM32F4xx_HAL_Driver/Src/stm32f4xx_hal_gpio.o
 .debug_ranges  0x0000000000000578       0x78 Drivers/STM32F4xx_HAL_Driver/Src/stm32f4xx_hal_rcc.o
 .debug_ranges  0x00000000000005f0       0x90 Drivers/STM32F4xx_HAL_Driver/Src/stm32f4xx_hal_sram.o
 .debug_ranges  0x0000000000000680       0x98 Drivers/STM32F4xx_HAL_Driver/Src/stm32f4xx_ll_fsmc.o

.debug_frame    0x0000000000000000     0x1f18
 .debug_frame   0x0000000000000000      0x294 Core/Inc/Lcd/ili9325.o
 .debug_frame   0x0000000000000294      0x2f8 Core/Inc/Lcd/lcd_io_fsmc16.o
 .debug_frame   0x000000000000058c      0x53c Core/Inc/Lcd/stm32_adafruit_lcd.o
 .debug_frame   0x0000000000000ac8       0xbc Core/Src/main.o
 .debug_frame   0x0000000000000b84       0xc0 Core/Src/stm32f4xx_hal_msp.o
 .debug_frame   0x0000000000000c44      0x10c Core/Src/stm32f4xx_it.o
 .debug_frame   0x0000000000000d50       0x58 Core/Src/system_stm32f4xx.o
 .debug_frame   0x0000000000000da8      0x374 Drivers/STM32F4xx_HAL_Driver/Src/stm32f4xx_hal.o
 .debug_frame   0x000000000000111c      0x498 Drivers/STM32F4xx_HAL_Driver/Src/stm32f4xx_hal_cortex.o
 .debug_frame   0x00000000000015b4      0x14c Drivers/STM32F4xx_HAL_Driver/Src/stm32f4xx_hal_gpio.o
 .debug_frame   0x0000000000001700      0x1f0 Drivers/STM32F4xx_HAL_Driver/Src/stm32f4xx_hal_rcc.o
 .debug_frame   0x00000000000018f0      0x2a0 Drivers/STM32F4xx_HAL_Driver/Src/stm32f4xx_hal_sram.o
 .debug_frame   0x0000000000001b90      0x2dc Drivers/STM32F4xx_HAL_Driver/Src/stm32f4xx_ll_fsmc.o
 .debug_frame   0x0000000000001e6c       0x2c h:/stm32cubeide_1.2.0/stm32cubeide/plugins/com.st.stm32cube.ide.mcu.externaltools.gnu-tools-for-stm32.7-2018-q2-update.win32_1.0.0.201904181610/tools/bin/../lib/gcc/arm-none-eabi/7.3.1/../../../../arm-none-eabi/lib/thumb/v7e-m/fpv4-sp/hard\libc_nano.a(lib_a-init.o)
 .debug_frame   0x0000000000001e98       0x20 h:/stm32cubeide_1.2.0/stm32cubeide/plugins/com.st.stm32cube.ide.mcu.externaltools.gnu-tools-for-stm32.7-2018-q2-update.win32_1.0.0.201904181610/tools/bin/../lib/gcc/arm-none-eabi/7.3.1/../../../../arm-none-eabi/lib/thumb/v7e-m/fpv4-sp/hard\libc_nano.a(lib_a-memset.o)
 .debug_frame   0x0000000000001eb8       0x2c h:/stm32cubeide_1.2.0/stm32cubeide/plugins/com.st.stm32cube.ide.mcu.externaltools.gnu-tools-for-stm32.7-2018-q2-update.win32_1.0.0.201904181610/tools/bin/../lib/gcc/arm-none-eabi/7.3.1/thumb/v7e-m/fpv4-sp/hard\libgcc.a(_aeabi_uldivmod.o)
 .debug_frame   0x0000000000001ee4       0x34 h:/stm32cubeide_1.2.0/stm32cubeide/plugins/com.st.stm32cube.ide.mcu.externaltools.gnu-tools-for-stm32.7-2018-q2-update.win32_1.0.0.201904181610/tools/bin/../lib/gcc/arm-none-eabi/7.3.1/thumb/v7e-m/fpv4-sp/hard\libgcc.a(_udivmoddi4.o)
