stm32f4xx_dac.c:189:6:DAC_DeInit	8	static
stm32f4xx_dac.c:208:6:DAC_Init	24	static
stm32f4xx_dac.c:244:6:DAC_StructInit	16	static
stm32f4xx_dac.c:268:6:DAC_Cmd	16	static
stm32f4xx_dac.c:296:6:DAC_SoftwareTriggerCmd	16	static
stm32f4xx_dac.c:320:6:DAC_DualSoftwareTriggerCmd	16	static
stm32f4xx_dac.c:351:6:DAC_WaveGenerationCmd	24	static
stm32f4xx_dac.c:380:6:DAC_SetChannel1Data	24	static
stm32f4xx_dac.c:405:6:DAC_SetChannel2Data	24	static
stm32f4xx_dac.c:433:6:DAC_SetDualChannelData	24	static
stm32f4xx_dac.c:467:10:DAC_GetDataOutputValue	24	static
stm32f4xx_dac.c:512:6:DAC_DMACmd	16	static
stm32f4xx_dac.c:560:6:DAC_ITConfig	24	static
stm32f4xx_dac.c:592:12:DAC_GetFlagStatus	24	static
stm32f4xx_dac.c:627:6:DAC_ClearFlag	16	static
stm32f4xx_dac.c:650:10:DAC_GetITStatus	24	static
stm32f4xx_dac.c:690:6:DAC_ClearITPendingBit	16	static
